✔ three frozen story recipes remain separate from the existing color-look revisions (11.248458ms)
✔ all recipes preserve every photo and caption across counts, orientations and both output shapes (2749.673375ms)
✔ photo decorations follow manual frames and rotation using photo-relative geometry (9.577125ms)
✔ recipe replacement removes only owned decorations and preserves local photo/word repairs through undo (53.121458ms)
✔ Depth cover requires the cover mask, targets only that photo and preserves an existing title (10.904625ms)
✖ Depth cover fills the available frame in both shapes while preserving editable source crop and mask (14.881875ms)
✔ new source reflow keeps decorations attached and old saved stories do not acquire a design (22.785625ms)
✔ untrusted designs and attachments cannot add executable fields, unbounded data or unrelated owners (14.182042ms)
ℹ tests 8
ℹ suites 0
ℹ pass 7
ℹ fail 1
ℹ cancelled 0
ℹ skipped 0
ℹ todo 0
ℹ duration_ms 2945.697334

✖ failing tests:

test at tests/story-designs.test.mjs:103:1
✖ Depth cover fills the available frame in both shapes while preserving editable source crop and mask (14.881875ms)
  AssertionError [ERR_ASSERTION]: The expression evaluated to a falsy value:
  
    assert.ok(photo.viewport.width > variant.width * .85)
  
      at TestContext.<anonymous> (file:///Users/lazytrot/work/tiny-image-star/tests/story-designs.test.mjs:111:12)
      at Test.runInAsyncScope (node:async_hooks:227:14)
      at Test.run (node:internal/test_runner/test:1325:25)
      at Test.processPendingSubtests (node:internal/test_runner/test:911:18)
      at Test.postRun (node:internal/test_runner/test:1465:19)
      at Test.run (node:internal/test_runner/test:1390:12)
      at async Test.processPendingSubtests (node:internal/test_runner/test:911:7) {
    generatedMessage: true,
    code: 'ERR_ASSERTION',
    actual: false,
    expected: true,
    operator: '==',
    diff: 'simple'
  }
