
> preverify
> npm run check:runtime


> check:runtime
> node scripts/stage-pillow-runtime.mjs --check

Pillow-RS 12.2.0-alpha.1: paired runtime integrity verified.

> verify
> node scripts/verify.mjs && npm run verify:scheduler && npm run verify:project-model

verify: PASS
  real WASM transforms: PNG fit/crop/rotate/flip/adjustments, exact decoded pixels, PNG bytes, decoded dimensions, output-size guard
  real input decoders: JPEG, BMP, WebP, GIF, TIFF, ICO, EXIF-JPEG fixture paths, corrupt-input rejection
  real format contract: runtime-verified output formats png, jpeg; JPEG alpha flattening, fixed settings and rejection of PNG-only masquerading
  large-folder contract: 100k metadata-only manifest, bounded virtual rows/workers, collision-safe paths, direct folder output, no archive path
  contract checks: editor modules, readiness separation, revisions, capability-driven formats, Low/Medium/High quality gating, metadata-only download, presets, selection, append imports, animated-input safety, duplicate identity, byte/output pixel guards, memory-aware worker parallelism, bounded worker failure handling, relative apply-to-all edits, shared-recipe/per-item override merge, explicit recipe scope, mixed-shape framing review, unified tray selection, versioned session and large-job recovery

> verify:scheduler
> node --test tests/processing.test.mjs

✔ admission defers copies, shares CPU across worker kinds, and reuses an idle engine (20.957ms)
✔ current-image priority, FIFO ties, and aging prevent starvation (0.952292ms)
✔ memory admission counts retained data, active output and idle heaps (1.152292ms)
✔ explicit high concurrency is not capped at four and never exceeds CPU tokens (1.436208ms)
✔ text admission includes its RGBA surfaces and custom fonts before dispatch (0.900292ms)
✔ cancel kills synchronous work, drops stale messages, and does not prepare queued sources (0.642ms)
✔ worker death and task timeout release all reservations and permit retry (26.902667ms)
✔ cancelled asynchronous source reads retain memory credit until they settle (1.171125ms)
✔ reentrant completion can close a logical client without destroying reusable workers (0.583375ms)
✔ closing during a grouped worker-start failure cannot dispatch later cancelled tasks (0.355084ms)
✔ allocation estimates reject oversized sources and budget the full current preview path (0.090834ms)
✔ Auto grows on useful work, retreats without throughput gain, and observes cooldown (5.239375ms)
✔ interleaved header inspection and mixed image sizes do not erase Auto calibration (3.479958ms)
✔ header-only work does not calibrate image throughput (3.176834ms)
✔ Auto starts a backlogged render batch with two workers and still measures subsequent growth (1.897417ms)
✔ Auto preserves a serial start with a missing memory hint (0.725208ms)
✔ Auto preserves a serial start with a small memory hint (0.4725ms)
✔ Auto preserves a serial start with a small CPU hint (0.47025ms)
✔ Auto does not start an extra worker for short edits or from queued inspections (0.581584ms)
✔ the initial Auto probe cannot bypass retained memory or output reservations (0.916083ms)
✔ pressure suppresses the initial Auto probe even after cooldown and an unchanged configure call (0.497083ms)
✔ Auto retains useful concurrency without counting idle time between collections (5.278167ms)
✔ Auto discards an unfinished measurement when the queue drains by success (0.668291ms)
✔ Auto discards an unfinished measurement when the queue drains by render-error (0.5005ms)
✔ Auto discards an unfinished measurement when the queue drains by cancel (0.801875ms)
✔ Auto discards an unfinished measurement when the queue drains by prepare-error (0.949167ms)
✔ Auto discards an unfinished measurement when the queue drains by cancel-queued (0.894625ms)
✔ an oversized idle WASM heap is retired before admitting smaller work (0.834875ms)
ℹ tests 28
ℹ suites 0
ℹ pass 28
ℹ fail 0
ℹ cancelled 0
ℹ skipped 0
ℹ todo 0
ℹ duration_ms 127.835167

> verify:project-model
> node --test tests/project.test.mjs tests/story-layout.test.mjs tests/story-designs.test.mjs tests/styles.test.mjs tests/legacy-styles.test.mjs tests/recipe-catalog.test.mjs tests/recipe-selection.test.mjs tests/photo-look.test.mjs tests/masks.test.mjs tests/depth.test.mjs tests/connections.test.mjs tests/cutout-effects.test.mjs tests/render-diagnostics.test.mjs

✔ connected copy preserves its source, shares the mask, and spans the same join in both shapes (59.630625ms)
✔ create, position, mask edit and remove are atomic and reversible, with no shared-mask deletion (10.705667ms)
✔ connected pairs move together past neighboring blocks and retain local geometry (12.787875ms)
✔ changing the joined pair carries depth text and removing the copy leaves originals intact (4.065833ms)
✔ connection validation rejects split pairs, unilateral overrides and unknown connection schemas (6.317792ms)
✔ variant positioning, layout and styles preserve connections without counting decorative copies as sources (12.820416ms)
✔ disk dilation agrees with an independent neighborhood oracle for soft masks, thin edges and transparent borders (12.632375ms)
✔ depth decoration agrees with an independent three-layer composition and protects opaque subjects (2.039916ms)
✔ effects persist through grouped history, connected copies, mask removal and reattachment (72.572916ms)
✔ schema rejects unsupported fields, non-image effects and unbounded or invalid parameters (9.818458ms)
✔ planning includes off-page effect support and reserves padded rendering before admission (3.866ms)
✔ reusable finishes share only effect parameters and apply to existing subject selections in scope (10.8545ms)
✔ depth preserves source alpha and matches an independently split layer stack (2.812333ms)
✔ page background composites the extracted subject once over the title (0.623042ms)
✔ depth title creation and edits form one undoable project operation (27.069958ms)
✔ depth relationships reject dangling, reordered, shared or incompatible titles (9.62375ms)
✔ depth geometry follows photo frame, rotation and both output variants (49.184291ms)
✔ looks and missing-mask fallback preserve title edits, while styles exclude private links (14.85875ms)
✔ all destination presets become versioned outputs with identical identity, parameters and order (61.647458ms)
✔ private legacy definitions preserve original fields and text, and do not enter public style sharing (4.097458ms)
✔ a consumer resolves the copied revision rather than mutable wrapper operations (1.817625ms)
✔ unsupported output and compression intents remain identifiable until an explicit replacement (2.2375ms)
✔ folder jobs freeze the complete style and preserve relative crop, transforms and local recipe parameters (0.288917ms)
✔ unknown engine identities remain preserved but cannot execute as the current renderer (0.969416ms)
✔ migration rejects malformed executable, oversized and out-of-range data without coercing intent (2.099167ms)
✔ mask brushes preserve untouched pixels and support erase/restore with soft opacity (0.917875ms)
✔ one stroke is independent of point density and retracing (3.680125ms)
✔ a one-source-pixel brush can repair a large image without touching neighbors (99.132291ms)
✔ detail areas preserve source coordinates at every zoom and edge, with bounded allocation (0.638458ms)
✔ mask brush and memory bounds reject malformed work before allocation (0.169792ms)
✔ a cutout is one reversible asset edit and global looks preserve mask/crop (31.583667ms)
✔ mask removal preserves shared assets and bounded history keeps undo dependencies (11.777916ms)
✔ photo colors are frozen independently of story layout, typography and output (9.224708ms)
✔ malformed, out-of-range and unsupported photo looks fail before rendering (11.378458ms)
✔ all/selected/this look application and undo preserve unrelated manual corrections (2.032458ms)
✔ a stale look undo cannot overwrite a later look and empty selections do not mutate (5.469709ms)
✔ folder recipes copy the chosen look and its base output recipe without following library updates (2.588916ms)
✔ look and downsampled output previews reserve their additional memory and have distinct timing classes (2.207459ms)
✔ recovery rejects future shared and per-image look metadata before restoring the set (39.215292ms)
✔ project renderer identity matches the actual pinned runtime bytes (54.345792ms)
✔ legacy migration preserves IDs, fractional pixel crops and exact transform order (5.470583ms)
✔ the shared text renderer upgrades only the known old identity and leaves original intent intact (0.761291ms)
✔ serialized projects preserve exact PNG and JPEG output bytes through the published engine (58.233666ms)
✔ many previews commit one reversible action and cancel restores the prior edit (1.099208ms)
✔ new edits discard redo; command history is bounded and contains no source data (45.648542ms)
✔ shared appearance resolves before node settings and local overrides without removing crops/masks (1.117292ms)
✔ connected geometry resolves per viewport in both ratios and tracks its stable anchor on reorder (0.487292ms)
✔ replacing a source invalidates only dependent slides and preserves unrelated local edits (0.544958ms)
✔ bad references, unknown schemas, code, remote assets and binary payloads are rejected (0.760417ms)
✔ scene styles reject unsupported operations and preview dimensions stay bounded (1.178792ms)
✔ image placement preserves crop bounds, cover focal edges and clockwise rotation (0.148ms)
✔ the story assembler places every chosen photo exactly once at both count extremes and both ratios (58.109083ms)
✔ story look strength and reversible layout changes preserve captions, sources, focal points and crops (7.411083ms)
✔ story reorder moves stable slides and updates numbering as one reversible command (3.827666ms)
✔ legacy catalog parsing preserves complete data and fences unknown/malformed/duplicate records (6.48975ms)
✔ independent creates from the same snapshot merge without overwriting catalog entries (7.881291ms)
✔ stale edits and edit/delete races cannot replace a newer version (0.895666ms)
✔ a stale create cannot resurrect an ID created and then deleted since its snapshot (0.810834ms)
✔ an exact retry is idempotent and a reused operation ID with different payload is refused (0.308833ms)
✔ bounded receipts reject retries older than the retained history instead of replaying them (33.891833ms)
✔ clearing advances the generation so pending work from any tab cannot recreate recipes (0.117708ms)
✔ catalog validation fences future schemas, missing histories, duplicate entries and extra fields (0.255583ms)
✔ one ID can have independently selected immutable revisions without rebinding to a library update (4.836375ms)
✔ selection identities distinguish separator-bearing IDs and unversioned saved copies (1.048542ms)
✔ duplicate identities with different immutable definitions fail instead of picking one (1.332208ms)
✔ new recovery references reject missing revisions, wrong IDs, extra items and future formats (6.154042ms)
✔ old ID-only recovery selects its frozen copy before consulting the library and keeps source buffers (0.789416ms)
✔ new snapshots reopen all selected revisions without a library and remain independent of its removal (1.886375ms)
✔ oldest custom recipes require a deliberate choice even when a current copy has the same ID (3.66725ms)
✔ historical built-ins are resolved from the frozen baseline, independently of current catalog changes (0.295333ms)
✔ complete saved image state preserves absolute edits without inventing the original custom definition (3.049ms)
✔ partial patches never masquerade as complete saved state, and malformed state is not silently replaced (0.616958ms)
✔ opt-in timing observations preserve complete PNG/JPEG outputs and ordinary result shape (11.442417ms)
✔ three frozen story recipes remain separate from the existing color-look revisions (20.891084ms)
✔ all recipes preserve every photo and caption across counts, orientations and both output shapes (3074.538917ms)
✔ photo decorations follow manual frames and rotation using photo-relative geometry (11.755958ms)
✔ recipe replacement removes only owned decorations and preserves local photo/word repairs through undo (56.860292ms)
✔ Depth cover requires the cover mask, targets only that photo and preserves an existing title (11.54125ms)
✔ Depth cover fills the available frame in both shapes while preserving editable source crop and mask (25.149708ms)
✔ recipe color strength leaves layout, typography, captions and subject selection identical (63.4225ms)
✔ new source reflow keeps decorations attached and old saved stories do not acquire a design (36.003625ms)
✔ untrusted designs and attachments cannot add executable fields, unbounded data or unrelated owners (18.875458ms)
✔ automatic layout actually changes the arrangement between portrait and tall (6.6205ms)
✔ an infeasible candidate does not discard another valid automatic arrangement (3.606709ms)
✔ every photo count and varied aspect/caption corpus fits rotated prints with consistent physical borders (589.020875ms)
✔ output frames resolve with local precedence and invalidate only their own variant (2.155333ms)
✔ reflow preserves masks, crop rounding, captions, focal points and local appearance as one undo (12.524166ms)
✔ manual positions survive replacement/reflow; explicit reset removes only position overrides (5.700166ms)
✔ replacing a portrait with landscape and extending a caption reflows only the dependent slide (5.137ms)
✔ old stories stay unchanged until explicit adaptation; reopening uses frozen frames (5.247708ms)
✔ malformed variant maps, sizing bases and layout definitions fail before editing (5.028375ms)
✔ style capture exports only chosen reusable settings, with no photos, masks, captions, crops or node IDs (13.059583ms)
✔ single-slide layout styles cannot alter another slide's present or future reflow (20.631625ms)
✔ look strength has deterministic endpoints and preserves source-specific edits (13.654042ms)
✔ layout application keeps manual positions by default; explicit reset preserves crop/appearance/text overrides (33.4175ms)
✔ style previews produce one undo and copy the immutable definition through serialization (27.220583ms)
✔ custom fonts and unrecognized layouts require an explicit supported alternative when saving (1.35475ms)
✔ unsupported requirements and engines import as identifiable styles but cannot be applied (3.466834ms)
✔ malformed imports reject executable, remote, private, oversized and out-of-range content (2.97725ms)
✔ text-only styles reflow the selected slide while keeping old static stories static (11.0505ms)
✔ depth styles capture bounded relative settings without private words, masks, identities or font assets (3.102167ms)
✔ depth style applies once to selected masked photos, preserves words and repairs, and reports incompatible scope (5.447792ms)
✔ depth styles keep existing words and positions by default, offer explicit reset, and undo as one change (12.47325ms)
✔ depth style scope updates both halves of a connected subject and creates one shared title (8.622875ms)
✔ depth style imports reject private fields, remote fonts, missing capabilities and invalid placement or type (2.429416ms)
ℹ tests 105
ℹ suites 0
ℹ pass 105
ℹ fail 0
ℹ cancelled 0
ℹ skipped 0
ℹ todo 0
ℹ duration_ms 3512.711084
