✖ interleaved header inspection and mixed image sizes do not erase Auto calibration (39.896875ms)
✖ header-only work does not calibrate image throughput (11.963167ms)
ℹ tests 2
ℹ suites 0
ℹ pass 0
ℹ fail 2
ℹ cancelled 0
ℹ skipped 0
ℹ todo 0
ℹ duration_ms 111.414583

✖ failing tests:

test at tests/processing.test.mjs:211:1
✖ interleaved header inspection and mixed image sizes do not erase Auto calibration (39.896875ms)
  AssertionError [ERR_ASSERTION]: comparable image completions accumulate across normal preflight and mixed-source work
      at TestContext.<anonymous> (file:///Users/lazytrot/work/tiny-image-star/tests/processing.test.mjs:217:10)
      at async Test.run (node:internal/test_runner/test:1332:7)
      at async startSubtestAfterBootstrap (node:internal/test_runner/harness:385:3) {
    generatedMessage: false,
    code: 'ERR_ASSERTION',
    actual: false,
    expected: true,
    operator: '==',
    diff: 'simple'
  }

test at tests/processing.test.mjs:221:1
✖ header-only work does not calibrate image throughput (11.963167ms)
  AssertionError [ERR_ASSERTION]: cheap metadata reads are not evidence for a larger rendering pool
  
  2 !== 1
  
      at TestContext.<anonymous> (file:///Users/lazytrot/work/tiny-image-star/tests/processing.test.mjs:227:10)
      at async Test.run (node:internal/test_runner/test:1332:7)
      at async Test.processPendingSubtests (node:internal/test_runner/test:911:7) {
    generatedMessage: false,
    code: 'ERR_ASSERTION',
    actual: 2,
    expected: 1,
    operator: 'strictEqual',
    diff: 'simple'
  }
