
> migration:benchmark
> node scripts/migration/run.mjs benchmark

tests/fixtures/corpus/collections-v1/small.json: browser-1 reference 0: pass 26446 ms
tests/fixtures/corpus/collections-v1/small.json: browser-1 gate 0: pass 26315 ms
tests/fixtures/corpus/collections-v1/small.json: browser-2 gate 0: pass 13316 ms
tests/fixtures/corpus/collections-v1/small.json: browser-4 gate 0: pass 7088 ms
tests/fixtures/corpus/collections-v1/small.json: browser-8 gate 0: pass 4414 ms
tests/fixtures/corpus/collections-v1/small.json: browser-auto gate 0: pass 13503 ms
tests/fixtures/corpus/collections-v1/small.json: browser-8 measurement 0: pass 4106 ms
tests/fixtures/corpus/collections-v1/small.json: browser-2 measurement 0: pass 12712 ms
tests/fixtures/corpus/collections-v1/small.json: browser-1 measurement 0: pass 24343 ms
tests/fixtures/corpus/collections-v1/small.json: browser-auto measurement 0: pass 12779 ms
tests/fixtures/corpus/collections-v1/small.json: browser-4 measurement 0: pass 6541 ms
tests/fixtures/corpus/collections-v1/small.json: browser-8 measurement 1: pass 4106 ms
tests/fixtures/corpus/collections-v1/small.json: browser-1 measurement 1: pass 24047 ms
tests/fixtures/corpus/collections-v1/small.json: browser-4 measurement 1: pass 6481 ms
tests/fixtures/corpus/collections-v1/small.json: browser-2 measurement 1: pass 12427 ms
tests/fixtures/corpus/collections-v1/small.json: browser-auto measurement 1: pass 12131 ms
tests/fixtures/corpus/collections-v1/small.json: browser-8 measurement 2: pass 4031 ms
tests/fixtures/corpus/collections-v1/small.json: browser-4 measurement 2: pass 6484 ms
tests/fixtures/corpus/collections-v1/small.json: browser-2 measurement 2: pass 12466 ms
tests/fixtures/corpus/collections-v1/small.json: browser-1 measurement 2: pass 24208 ms
tests/fixtures/corpus/collections-v1/small.json: browser-auto measurement 2: pass 12460 ms
tests/fixtures/corpus/collections-v1/small.json: browser-auto measurement 3: pass 12147 ms
tests/fixtures/corpus/collections-v1/small.json: browser-1 measurement 3: pass 24110 ms
tests/fixtures/corpus/collections-v1/small.json: browser-2 measurement 3: pass 12935 ms
tests/fixtures/corpus/collections-v1/small.json: browser-8 measurement 3: pass 4474 ms
tests/fixtures/corpus/collections-v1/small.json: browser-4 measurement 3: pass 7048 ms
tests/fixtures/corpus/collections-v1/small.json: browser-1 measurement 4: pass 25855 ms
tests/fixtures/corpus/collections-v1/small.json: browser-8 measurement 4: pass 4261 ms
tests/fixtures/corpus/collections-v1/small.json: browser-2 measurement 4: pass 12702 ms
tests/fixtures/corpus/collections-v1/small.json: browser-auto measurement 4: pass 12855 ms
tests/fixtures/corpus/collections-v1/small.json: browser-4 measurement 4: pass 7279 ms
tests/fixtures/corpus/collections-v1/small.json: browser-1 reference 0: pass 26169 ms
tests/fixtures/corpus/collections-v1/small.json: browser-1 gate 0: pass 26344 ms
tests/fixtures/corpus/collections-v1/small.json: browser-2 gate 0: pass 13546 ms
tests/fixtures/corpus/collections-v1/small.json: browser-4 gate 0: pass 6988 ms
tests/fixtures/corpus/collections-v1/small.json: browser-8 gate 0: pass 4400 ms
tests/fixtures/corpus/collections-v1/small.json: browser-auto gate 0: pass 13361 ms
tests/fixtures/corpus/collections-v1/small.json: browser-8 measurement 0: pass 4017 ms
tests/fixtures/corpus/collections-v1/small.json: browser-2 measurement 0: pass 12968 ms
tests/fixtures/corpus/collections-v1/small.json: browser-1 measurement 0: pass 24531 ms
tests/fixtures/corpus/collections-v1/small.json: browser-auto measurement 0: pass 5707 ms
tests/fixtures/corpus/collections-v1/small.json: browser-4 measurement 0: pass 6422 ms
tests/fixtures/corpus/collections-v1/small.json: browser-8 measurement 1: pass 3924 ms
tests/fixtures/corpus/collections-v1/small.json: browser-1 measurement 1: pass 24950 ms
tests/fixtures/corpus/collections-v1/small.json: browser-4 measurement 1: pass 6505 ms
tests/fixtures/corpus/collections-v1/small.json: browser-2 measurement 1: pass 12553 ms
tests/fixtures/corpus/collections-v1/small.json: browser-auto measurement 1: pass 5766 ms
tests/fixtures/corpus/collections-v1/small.json: browser-8 measurement 2: pass 3972 ms
tests/fixtures/corpus/collections-v1/small.json: browser-4 measurement 2: pass 6576 ms
tests/fixtures/corpus/collections-v1/small.json: browser-2 measurement 2: pass 12592 ms
tests/fixtures/corpus/collections-v1/small.json: browser-1 measurement 2: pass 24835 ms
tests/fixtures/corpus/collections-v1/small.json: browser-auto measurement 2: pass 5786 ms
tests/fixtures/corpus/collections-v1/small.json: browser-auto measurement 3: pass 5761 ms
tests/fixtures/corpus/collections-v1/small.json: browser-1 measurement 3: pass 24917 ms
tests/fixtures/corpus/collections-v1/small.json: browser-2 measurement 3: pass 12583 ms
tests/fixtures/corpus/collections-v1/small.json: browser-8 measurement 3: pass 3982 ms
tests/fixtures/corpus/collections-v1/small.json: browser-4 measurement 3: pass 6519 ms
tests/fixtures/corpus/collections-v1/small.json: browser-1 measurement 4: pass 24991 ms
tests/fixtures/corpus/collections-v1/small.json: browser-8 measurement 4: pass 4195 ms
tests/fixtures/corpus/collections-v1/small.json: browser-2 measurement 4: pass 12739 ms
tests/fixtures/corpus/collections-v1/small.json: browser-auto measurement 4: pass 5876 ms
tests/fixtures/corpus/collections-v1/small.json: browser-4 measurement 4: pass 6600 ms
tests/fixtures/corpus/collections-v1/camera.json: browser-1 reference 0: pass 20440 ms
tests/fixtures/corpus/collections-v1/camera.json: browser-1 gate 0: pass 20119 ms
tests/fixtures/corpus/collections-v1/camera.json: browser-2 gate 0: pass 10645 ms
tests/fixtures/corpus/collections-v1/camera.json: browser-4 gate 0: pass 9787 ms
tests/fixtures/corpus/collections-v1/camera.json: browser-8 gate 0: pass 10367 ms
tests/fixtures/corpus/collections-v1/camera.json: browser-auto gate 0: pass 15374 ms
tests/fixtures/corpus/collections-v1/camera.json: browser-8 measurement 0: pass 9768 ms
tests/fixtures/corpus/collections-v1/camera.json: browser-2 measurement 0: pass 10391 ms
tests/fixtures/corpus/collections-v1/camera.json: browser-1 measurement 0: pass 19659 ms
tests/fixtures/corpus/collections-v1/camera.json: browser-auto measurement 0: pass 15040 ms
tests/fixtures/corpus/collections-v1/camera.json: browser-4 measurement 0: pass 9947 ms
tests/fixtures/corpus/collections-v1/camera.json: browser-8 measurement 1: pass 10325 ms
tests/fixtures/corpus/collections-v1/camera.json: browser-1 measurement 1: pass 19784 ms
tests/fixtures/corpus/collections-v1/camera.json: browser-4 measurement 1: pass 10127 ms
tests/fixtures/corpus/collections-v1/camera.json: browser-2 measurement 1: pass 10403 ms
tests/fixtures/corpus/collections-v1/camera.json: browser-auto measurement 1: pass 15071 ms
tests/fixtures/corpus/collections-v1/camera.json: browser-8 measurement 2: pass 10217 ms
tests/fixtures/corpus/collections-v1/camera.json: browser-4 measurement 2: pass 9930 ms
tests/fixtures/corpus/collections-v1/camera.json: browser-2 measurement 2: pass 10414 ms
tests/fixtures/corpus/collections-v1/camera.json: browser-1 measurement 2: pass 19690 ms
tests/fixtures/corpus/collections-v1/camera.json: browser-auto measurement 2: pass 15051 ms
tests/fixtures/corpus/collections-v1/camera.json: browser-auto measurement 3: pass 15060 ms
tests/fixtures/corpus/collections-v1/camera.json: browser-1 measurement 3: pass 19635 ms
tests/fixtures/corpus/collections-v1/camera.json: browser-2 measurement 3: pass 10415 ms
tests/fixtures/corpus/collections-v1/camera.json: browser-8 measurement 3: pass 10149 ms
tests/fixtures/corpus/collections-v1/camera.json: browser-4 measurement 3: pass 9974 ms
tests/fixtures/corpus/collections-v1/camera.json: browser-1 measurement 4: pass 19686 ms
tests/fixtures/corpus/collections-v1/camera.json: browser-8 measurement 4: pass 10150 ms
tests/fixtures/corpus/collections-v1/camera.json: browser-2 measurement 4: pass 10396 ms
tests/fixtures/corpus/collections-v1/camera.json: browser-auto measurement 4: pass 15048 ms
tests/fixtures/corpus/collections-v1/camera.json: browser-4 measurement 4: pass 10094 ms
tests/fixtures/corpus/collections-v1/camera.json: browser-1 reference 0: pass 19682 ms
tests/fixtures/corpus/collections-v1/camera.json: browser-1 gate 0: pass 19619 ms
tests/fixtures/corpus/collections-v1/camera.json: browser-2 gate 0: pass 10397 ms
tests/fixtures/corpus/collections-v1/camera.json: browser-4 gate 0: pass 10085 ms
tests/fixtures/corpus/collections-v1/camera.json: browser-8 gate 0: pass 9977 ms
tests/fixtures/corpus/collections-v1/camera.json: browser-auto gate 0: pass 15032 ms
tests/fixtures/corpus/collections-v1/camera.json: browser-8 measurement 0: pass 9275 ms
tests/fixtures/corpus/collections-v1/camera.json: browser-2 measurement 0: pass 9816 ms
tests/fixtures/corpus/collections-v1/camera.json: browser-1 measurement 0: pass 19085 ms
tests/fixtures/corpus/collections-v1/camera.json: browser-auto measurement 0: pass 9720 ms
tests/fixtures/corpus/collections-v1/camera.json: browser-4 measurement 0: pass 9867 ms
tests/fixtures/corpus/collections-v1/camera.json: browser-8 measurement 1: pass 9707 ms
tests/fixtures/corpus/collections-v1/camera.json: browser-1 measurement 1: pass 19124 ms
tests/fixtures/corpus/collections-v1/camera.json: browser-4 measurement 1: pass 9632 ms
tests/fixtures/corpus/collections-v1/camera.json: browser-2 measurement 1: pass 9830 ms
tests/fixtures/corpus/collections-v1/camera.json: browser-auto measurement 1: pass 9816 ms
tests/fixtures/corpus/collections-v1/camera.json: browser-8 measurement 2: pass 9691 ms
tests/fixtures/corpus/collections-v1/camera.json: browser-4 measurement 2: pass 9647 ms
tests/fixtures/corpus/collections-v1/camera.json: browser-2 measurement 2: pass 9845 ms
tests/fixtures/corpus/collections-v1/camera.json: browser-1 measurement 2: pass 19160 ms
tests/fixtures/corpus/collections-v1/camera.json: browser-auto measurement 2: pass 9746 ms
tests/fixtures/corpus/collections-v1/camera.json: browser-auto measurement 3: pass 9655 ms
tests/fixtures/corpus/collections-v1/camera.json: browser-1 measurement 3: pass 19131 ms
tests/fixtures/corpus/collections-v1/camera.json: browser-2 measurement 3: pass 9772 ms
tests/fixtures/corpus/collections-v1/camera.json: browser-8 measurement 3: pass 9710 ms
tests/fixtures/corpus/collections-v1/camera.json: browser-4 measurement 3: pass 9745 ms
tests/fixtures/corpus/collections-v1/camera.json: browser-1 measurement 4: pass 19153 ms
tests/fixtures/corpus/collections-v1/camera.json: browser-8 measurement 4: pass 9296 ms
tests/fixtures/corpus/collections-v1/camera.json: browser-2 measurement 4: pass 9786 ms
tests/fixtures/corpus/collections-v1/camera.json: browser-auto measurement 4: pass 9859 ms
tests/fixtures/corpus/collections-v1/camera.json: browser-4 measurement 4: pass 9691 ms
TinyImageStar.Engine.renderWithApi.performance: 2.096 / limit 1.5: fail; run benchmark-506853d1-a470-45e8-b41e-6d7abbc77482
TinyImageStar.Engine.renderWithApi.collection-small-cold-auto-vs-1: 0.515 / limit 1.1: pass; run benchmark-506853d1-a470-45e8-b41e-6d7abbc77482
TinyImageStar.Engine.renderWithApi.collection-small-cold-auto-vs-2: 0.981 / limit 1.1: pass; run benchmark-506853d1-a470-45e8-b41e-6d7abbc77482
TinyImageStar.Engine.renderWithApi.collection-small-cold-auto-vs-4: 1.905 / limit 1.1: fail; run benchmark-506853d1-a470-45e8-b41e-6d7abbc77482
TinyImageStar.Engine.renderWithApi.collection-small-cold-auto-vs-8: 3.034 / limit 1.1: fail; run benchmark-506853d1-a470-45e8-b41e-6d7abbc77482
TinyImageStar.Engine.renderWithApi.collection-small-cold-auto-vs-16: not measured / limit 1.1: not_proven; run benchmark-506853d1-a470-45e8-b41e-6d7abbc77482
TinyImageStar.Engine.renderWithApi.collection-small-warm-auto-vs-1: 0.231 / limit 1.1: pass; run benchmark-506853d1-a470-45e8-b41e-6d7abbc77482
TinyImageStar.Engine.renderWithApi.collection-small-warm-auto-vs-2: 0.458 / limit 1.1: pass; run benchmark-506853d1-a470-45e8-b41e-6d7abbc77482
TinyImageStar.Engine.renderWithApi.collection-small-warm-auto-vs-4: 0.884 / limit 1.1: pass; run benchmark-506853d1-a470-45e8-b41e-6d7abbc77482
TinyImageStar.Engine.renderWithApi.collection-small-warm-auto-vs-8: 1.448 / limit 1.1: fail; run benchmark-506853d1-a470-45e8-b41e-6d7abbc77482
TinyImageStar.Engine.renderWithApi.collection-small-warm-auto-vs-16: not measured / limit 1.1: not_proven; run benchmark-506853d1-a470-45e8-b41e-6d7abbc77482
TinyImageStar.Engine.renderWithApi.collection-camera-cold-auto-vs-1: 0.765 / limit 1.1: pass; run benchmark-506853d1-a470-45e8-b41e-6d7abbc77482
TinyImageStar.Engine.renderWithApi.collection-camera-cold-auto-vs-2: 1.447 / limit 1.1: fail; run benchmark-506853d1-a470-45e8-b41e-6d7abbc77482
TinyImageStar.Engine.renderWithApi.collection-camera-cold-auto-vs-4: 1.509 / limit 1.1: fail; run benchmark-506853d1-a470-45e8-b41e-6d7abbc77482
TinyImageStar.Engine.renderWithApi.collection-camera-cold-auto-vs-8: 1.483 / limit 1.1: fail; run benchmark-506853d1-a470-45e8-b41e-6d7abbc77482
TinyImageStar.Engine.renderWithApi.collection-camera-cold-auto-vs-16: not measured / limit 1.1: not_proven; run benchmark-506853d1-a470-45e8-b41e-6d7abbc77482
TinyImageStar.Engine.renderWithApi.collection-camera-warm-auto-vs-1: 0.509 / limit 1.1: pass; run benchmark-506853d1-a470-45e8-b41e-6d7abbc77482
TinyImageStar.Engine.renderWithApi.collection-camera-warm-auto-vs-2: 0.993 / limit 1.1: pass; run benchmark-506853d1-a470-45e8-b41e-6d7abbc77482
TinyImageStar.Engine.renderWithApi.collection-camera-warm-auto-vs-4: 1.006 / limit 1.1: pass; run benchmark-506853d1-a470-45e8-b41e-6d7abbc77482
TinyImageStar.Engine.renderWithApi.collection-camera-warm-auto-vs-8: 1.006 / limit 1.1: pass; run benchmark-506853d1-a470-45e8-b41e-6d7abbc77482
TinyImageStar.Engine.renderWithApi.collection-camera-warm-auto-vs-16: not measured / limit 1.1: not_proven; run benchmark-506853d1-a470-45e8-b41e-6d7abbc77482
