
> preverify
> npm run check:runtime


> check:runtime
> node scripts/stage-pillow-runtime.mjs --check

Pillow-RS 12.2.0-alpha.1: paired runtime integrity verified.

> verify
> node scripts/verify.mjs && npm run verify:scheduler && npm run verify:project-model

verify: PASS
  real WASM transforms: PNG fit/crop/rotate/flip/adjustments, exact decoded pixels, PNG bytes, decoded dimensions, output-size guard
  real input decoders: JPEG, BMP, WebP, GIF, TIFF, ICO, EXIF-JPEG fixture paths, corrupt-input rejection
  real format contract: runtime-verified output formats png, jpeg; JPEG alpha flattening, fixed settings and rejection of PNG-only masquerading
  large-folder contract: 100k metadata-only manifest, bounded virtual rows/workers, collision-safe paths, direct folder output, no archive path
  contract checks: editor modules, readiness separation, revisions, capability-driven formats, Low/Medium/High quality gating, metadata-only download, presets, selection, append imports, animated-input safety, duplicate identity, byte/output pixel guards, memory-aware worker parallelism, bounded worker failure handling, relative apply-to-all edits, shared-recipe/per-item override merge, explicit recipe scope, mixed-shape framing review, unified tray selection, versioned session and large-job recovery

> verify:scheduler
> node --test tests/processing.test.mjs tests/processing-startup.test.mjs

✔ initial Auto admission follows real arrivals, then stops speculative growth at the first useful result (13.891542ms)
✔ a completed short probe cannot be enlarged merely by later arrivals or header inspection (1.779334ms)
✔ cancelled initial work and pressure do not reopen the speculative arrival phase (1.317958ms)
✔ a wider initial limit still counts retained sources, terminal outputs and actual reads against memory (0.643458ms)
✔ Auto challenges an unproven initial size when 1 workers already saturate useful throughput (4.050375ms)
✔ Auto challenges an unproven initial size when 2 workers already saturate useful throughput (3.963292ms)
✔ an unfinished downward probe restores the measured good limit on cancel (2.025792ms)
✔ an unfinished downward probe restores the measured good limit on drain (1.235625ms)
✔ the initial eight-worker bound does not cap later measured concurrency on a larger budget (1.765292ms)
✔ another work class cannot certify a lower-count trial, and pressure cancels its old baseline (2.155209ms)
✔ admission defers copies, shares CPU across worker kinds, and reuses an idle engine (13.398041ms)
✔ current-image priority, FIFO ties, and aging prevent starvation (1.1255ms)
✔ memory admission counts retained data, active output and idle heaps (1.234667ms)
✔ explicit high concurrency is not capped at four and never exceeds CPU tokens (1.58325ms)
✔ text admission includes its RGBA surfaces and custom fonts before dispatch (0.831792ms)
✔ cancel kills synchronous work, drops stale messages, and does not prepare queued sources (0.62ms)
✔ worker death and task timeout release all reservations and permit retry (27.7225ms)
✔ cancelled asynchronous source reads retain memory credit until they settle (0.621958ms)
✔ reentrant completion can close a logical client without destroying reusable workers (0.409708ms)
✔ closing during a grouped worker-start failure cannot dispatch later cancelled tasks (0.33775ms)
✔ allocation estimates reject oversized sources and budget the full current preview path (0.085167ms)
✔ Auto grows on useful work, retreats without throughput gain, and observes cooldown (2.47425ms)
✔ interleaved header inspection and mixed image sizes do not erase Auto calibration (2.215541ms)
✔ header-only work does not calibrate image throughput (1.632125ms)
✔ Auto keeps the eight-sample growth gate and checks whether fewer provisional workers suffice (1.473458ms)
✔ Auto preserves a serial start with a missing memory hint (0.363208ms)
✔ Auto preserves a serial start with a small memory hint (0.3375ms)
✔ Auto preserves a serial start with a small CPU hint (0.372958ms)
✔ Auto does not start an extra worker for short edits or from queued inspections (0.561416ms)
✔ the initial Auto probe cannot bypass retained memory or output reservations (0.531083ms)
✔ pressure suppresses the initial Auto probe even after cooldown and an unchanged configure call (0.415959ms)
✔ Auto retains useful concurrency without counting idle time between collections (2.661125ms)
✔ Auto discards an unfinished measurement when the queue drains by success (0.409041ms)
✔ Auto discards an unfinished measurement when the queue drains by render-error (0.315084ms)
✔ Auto discards an unfinished measurement when the queue drains by cancel (0.311416ms)
✔ Auto discards an unfinished measurement when the queue drains by prepare-error (0.290334ms)
✔ Auto discards an unfinished measurement when the queue drains by cancel-queued (0.258209ms)
✔ an oversized idle WASM heap is retired before admitting smaller work (0.303125ms)
ℹ tests 38
ℹ suites 0
ℹ pass 38
ℹ fail 0
ℹ cancelled 0
ℹ skipped 0
ℹ todo 0
ℹ duration_ms 101.643833

> verify:project-model
> node --test tests/folder-sample.test.mjs tests/project.test.mjs tests/story-layout.test.mjs tests/story-export.test.mjs tests/story-designs.test.mjs tests/story-fonts.test.mjs tests/working-copies.test.mjs tests/source-resolution.test.mjs tests/folder-contract.test.mjs tests/styles.test.mjs tests/legacy-styles.test.mjs tests/recipe-catalog.test.mjs tests/recipe-selection.test.mjs tests/photo-look.test.mjs tests/masks.test.mjs tests/depth.test.mjs tests/connections.test.mjs tests/cutout-effects.test.mjs tests/render-diagnostics.test.mjs

✔ connected copy preserves its source, shares the mask, and spans the same join in both shapes (25.665792ms)
✔ create, position, mask edit and remove are atomic and reversible, with no shared-mask deletion (11.618084ms)
✔ connected pairs move together past neighboring blocks and retain local geometry (5.132416ms)
✔ changing the joined pair carries depth text and removing the copy leaves originals intact (2.191583ms)
✔ connection validation rejects split pairs, unilateral overrides and unknown connection schemas (5.808834ms)
✔ variant positioning, layout and styles preserve connections without counting decorative copies as sources (13.622333ms)
✔ disk dilation agrees with an independent neighborhood oracle for soft masks, thin edges and transparent borders (6.991042ms)
✔ depth decoration agrees with an independent three-layer composition and protects opaque subjects (0.538417ms)
✔ effects persist through grouped history, connected copies, mask removal and reattachment (21.687209ms)
✔ schema rejects unsupported fields, non-image effects and unbounded or invalid parameters (1.419ms)
✔ planning includes off-page effect support and reserves padded rendering before admission (1.82775ms)
✔ reusable finishes share only effect parameters and apply to existing subject selections in scope (13.305334ms)
✔ depth preserves source alpha and matches an independently split layer stack (1.01675ms)
✔ page background composites the extracted subject once over the title (0.234417ms)
✔ depth title creation and edits form one undoable project operation (17.446542ms)
✔ depth relationships reject dangling, reordered, shared or incompatible titles (4.098791ms)
✔ depth geometry follows photo frame, rotation and both output variants (7.670125ms)
✔ looks and missing-mask fallback preserve title edits, while styles exclude private links (3.994792ms)
✔ new folder jobs pin the renderer without sharing mutable contract objects (1.27675ms)
✔ older and unknown contracts remain identifiable instead of silently adopting this renderer (0.240209ms)
✔ recipe hashes are canonical and include actual text and all recipe parameters (14.714625ms)
✔ both stale queued edits and altered persisted recipes fail against the frozen identity (5.596959ms)
✔ font snapshots enforce unique identities, exact fields and per-font and total bounds (0.384125ms)
✔ folder samples cover format maxima, smallest source and discovery positions without modifying entries (45.481792ms)
✔ JPEG/TIFF aliases share format buckets; ties are deterministic and small sets stay bounded (0.26675ms)
✔ processing estimates require observed completions and useful elapsed time (0.1055ms)
✔ all destination presets become versioned outputs with identical identity, parameters and order (5.610083ms)
✔ private legacy definitions preserve original fields and text, and do not enter public style sharing (1.46675ms)
✔ a consumer resolves the copied revision rather than mutable wrapper operations (0.927292ms)
✔ unsupported output and compression intents remain identifiable until an explicit replacement (1.033333ms)
✔ folder jobs freeze the complete style and preserve relative crop, transforms and local recipe parameters (0.251708ms)
✔ unknown engine identities remain preserved but cannot execute as the current renderer (0.247875ms)
✔ migration rejects malformed executable, oversized and out-of-range data without coercing intent (1.641667ms)
✔ mask brushes preserve untouched pixels and support erase/restore with soft opacity (0.847375ms)
✔ one stroke is independent of point density and retracing (1.568917ms)
✔ a one-source-pixel brush can repair a large image without touching neighbors (27.486791ms)
✔ detail areas preserve source coordinates at every zoom and edge, with bounded allocation (0.597209ms)
✔ mask brush and memory bounds reject malformed work before allocation (0.151584ms)
✔ a cutout is one reversible asset edit and global looks preserve mask/crop (16.846333ms)
✔ mask removal preserves shared assets and bounded history keeps undo dependencies (12.509042ms)
✔ photo colors are frozen independently of story layout, typography and output (4.162292ms)
✔ malformed, out-of-range and unsupported photo looks fail before rendering (9.150708ms)
✔ all/selected/this look application and undo preserve unrelated manual corrections (1.192ms)
✔ a stale look undo cannot overwrite a later look and empty selections do not mutate (1.1775ms)
✔ folder recipes copy the chosen look and its base output recipe without following library updates (2.856667ms)
✔ look and downsampled output previews reserve their additional memory and have distinct timing classes (1.747792ms)
✔ recovery rejects future shared and per-image look metadata before restoring the set (4.908167ms)
✔ project renderer identity matches the actual pinned runtime bytes (22.268709ms)
✔ legacy migration preserves IDs, fractional pixel crops and exact transform order (3.211916ms)
✔ the shared text renderer upgrades only the known old identity and leaves original intent intact (1.455833ms)
✔ serialized projects preserve exact PNG and JPEG output bytes through the published engine (71.039875ms)
✔ many previews commit one reversible action and cancel restores the prior edit (1.083167ms)
✔ new edits discard redo; command history is bounded and contains no source data (37.638375ms)
✔ shared appearance resolves before node settings and local overrides without removing crops/masks (0.828292ms)
✔ connected geometry resolves per viewport in both ratios and tracks its stable anchor on reorder (0.383917ms)
✔ replacing a source invalidates only dependent slides and preserves unrelated local edits (0.49ms)
✔ bad references, unknown schemas, code, remote assets and binary payloads are rejected (0.765208ms)
✔ scene styles reject unsupported operations and preview dimensions stay bounded (2.238625ms)
✔ image placement preserves crop bounds, cover focal edges and clockwise rotation (0.188917ms)
✔ the story assembler places every chosen photo exactly once at both count extremes and both ratios (40.935041ms)
✔ story look strength and reversible layout changes preserve captions, sources, focal points and crops (7.536834ms)
✔ story reorder moves stable slides and updates numbering as one reversible command (3.767208ms)
✔ legacy catalog parsing preserves complete data and fences unknown/malformed/duplicate records (2.838542ms)
✔ independent creates from the same snapshot merge without overwriting catalog entries (2.484458ms)
✔ stale edits and edit/delete races cannot replace a newer version (0.34025ms)
✔ a stale create cannot resurrect an ID created and then deleted since its snapshot (0.220875ms)
✔ an exact retry is idempotent and a reused operation ID with different payload is refused (0.244625ms)
✔ bounded receipts reject retries older than the retained history instead of replaying them (21.298125ms)
✔ clearing advances the generation so pending work from any tab cannot recreate recipes (0.124792ms)
✔ catalog validation fences future schemas, missing histories, duplicate entries and extra fields (0.236917ms)
✔ one ID can have independently selected immutable revisions without rebinding to a library update (2.005792ms)
✔ selection identities distinguish separator-bearing IDs and unversioned saved copies (0.247792ms)
✔ duplicate identities with different immutable definitions fail instead of picking one (0.461792ms)
✔ new recovery references reject missing revisions, wrong IDs, extra items and future formats (6.445666ms)
✔ old ID-only recovery selects its frozen copy before consulting the library and keeps source buffers (1.784208ms)
✔ new snapshots reopen all selected revisions without a library and remain independent of its removal (1.274417ms)
✔ oldest custom recipes require a deliberate choice even when a current copy has the same ID (2.589875ms)
✔ historical built-ins are resolved from the frozen baseline, independently of current catalog changes (0.767959ms)
✔ complete saved image state preserves absolute edits without inventing the original custom definition (2.864042ms)
✔ partial patches never masquerade as complete saved state, and malformed state is not silently replaced (0.496583ms)
✔ opt-in timing observations preserve complete PNG/JPEG outputs and ordinary result shape (5.362625ms)
✔ one conversion preserves edited and connected scene metadata, parent masks and one-step undo (34.281917ms)
✔ restoring after cutout painting resizes the current mask instead of restoring a stale parent (9.914625ms)
✔ old copies remain readable, verified parent hashes control caching, and referenced masks cannot be deleted (5.808709ms)
✔ admission includes full source and upscaled target before reads; malformed output never changes the input (2.751292ms)
✔ partial failure and cancellation drain all copy tasks before releasing output ownership (9.290458ms)
✔ conversion without a mask stays mask-free; copies reject invalid direction, geometry and reservations before decoding (6.837334ms)
✔ story byte limits and sibling failure leave no partial assets or retained copies (6.318083ms)
✔ three frozen story recipes remain separate from the existing color-look revisions (17.044291ms)
✔ all recipes preserve every photo and caption across counts, orientations and both output shapes (2703.203458ms)
✔ photo decorations follow manual frames and rotation using photo-relative geometry (10.717042ms)
✔ recipe replacement removes only owned decorations and preserves local photo/word repairs through undo (56.7995ms)
✔ Depth cover requires the cover mask, targets only that photo and preserves an existing title (12.6365ms)
✔ Depth cover fills the available frame in both shapes while preserving editable source crop and mask (26.61575ms)
✔ recipe color strength leaves layout, typography, captions and subject selection identical (57.737459ms)
✔ new source reflow keeps decorations attached and old saved stories do not acquire a design (23.5845ms)
✔ untrusted designs and attachments cannot add executable fields, unbounded data or unrelated owners (15.237208ms)
✔ both shapes have a complete, ordered output manifest with unique filenames and independent metadata (7.221708ms)
✔ legacy single-shape filenames and saved export selections survive without changing preview shape (2.682417ms)
✔ invalid, unavailable, duplicate and unbounded export choices fail before rendering (5.066375ms)
✔ output-only saved styles retain both shapes and legacy styles still choose exactly one (10.893959ms)
✔ one failed output preserves all successes, ordered results and the exact frozen retry (1.160583ms)
✔ pausing preserves ready files and rejects late output ownership; continuing runs only pending items (4.527375ms)
✔ closing a batch cancels admitted work and ignores all later completion notifications (2.512959ms)
✔ synchronous render and output-retention failures are isolated to their own output (1.414334ms)
✔ the unmodified font pack binds four binaries, licenses, descriptors and coverage to pinned source hashes (22.779834ms)
✔ revision-two recipes freeze licensed fonts while revision one remains independent and asset-free (99.491333ms)
✔ saved text and depth styles share only pinned font references and preserve one-step undo (21.371083ms)
✔ font declarations reject unsafe/private fields and preserve unavailable imports without substitution (14.547792ms)
✔ unsupported glyphs and styles fail preflight; explicit device fallback keeps words and is reversible (17.21875ms)
✔ font fetches are pinned, bounded, hash-checked, cancellable and never accept recipe URLs (15.525125ms)
✔ shared font loading counts temporary bytes, cancels only the last consumer and reuses stored sources (0.786458ms)
✔ automatic layout actually changes the arrangement between portrait and tall (7.179125ms)
✔ an infeasible candidate does not discard another valid automatic arrangement (1.940375ms)
✔ every photo count and varied aspect/caption corpus fits rotated prints with consistent physical borders (497.493875ms)
✔ output frames resolve with local precedence and invalidate only their own variant (2.047708ms)
✔ reflow preserves masks, crop rounding, captions, focal points and local appearance as one undo (7.656959ms)
✔ manual positions survive replacement/reflow; explicit reset removes only position overrides (3.576458ms)
✔ replacing a portrait with landscape and extending a caption reflows only the dependent slide (5.052209ms)
✔ old stories stay unchanged until explicit adaptation; reopening uses frozen frames (3.214792ms)
✔ malformed variant maps, sizing bases and layout definitions fail before editing (4.632083ms)
✔ style capture exports only chosen reusable settings, with no photos, masks, captions, crops or node IDs (12.483ms)
✔ single-slide layout styles cannot alter another slide's present or future reflow (18.18675ms)
✔ look strength has deterministic endpoints and preserves source-specific edits (12.542417ms)
✔ layout application keeps manual positions by default; explicit reset preserves crop/appearance/text overrides (31.377375ms)
✔ style previews produce one undo and copy the immutable definition through serialization (22.881667ms)
✔ custom fonts and unrecognized layouts require an explicit supported alternative when saving (1.393ms)
✔ unsupported requirements and engines import as identifiable styles but cannot be applied (1.542833ms)
✔ malformed imports reject executable, remote, private, oversized and out-of-range content (1.075084ms)
✔ text-only styles reflow the selected slide while keeping old static stories static (9.582833ms)
✔ depth styles capture bounded relative settings without private words, masks, identities or font assets (2.587084ms)
✔ depth style applies once to selected masked photos, preserves words and repairs, and reports incompatible scope (5.209ms)
✔ depth styles keep existing words and positions by default, offer explicit reset, and undo as one change (9.193042ms)
✔ depth style scope updates both halves of a connected subject and creates one shared title (6.456459ms)
✔ depth style imports reject private fields, remote fonts, missing capabilities and invalid placement or type (2.693292ms)
✔ editing copies keep original identity and dimensions; invalid lineage and original deletion are atomic failures (10.031375ms)
✔ reducing is explicit; original imports and already-small images keep their exact bytes (3.662708ms)
✔ copy generation reserves the full source decode, rereads only after admission and transfers output ownership (2.802666ms)
✔ memory rejection precedes the second source read; changed originals and malformed copy output cannot be accepted (4.383125ms)
✔ cancelled imports drain all consumers before releasing retained originals and leave no partial project (2.270125ms)
ℹ tests 140
ℹ suites 0
ℹ pass 140
ℹ fail 0
ℹ cancelled 0
ℹ skipped 0
ℹ todo 0
ℹ duration_ms 3073.612458
