
> preverify
> npm run check:runtime


> check:runtime
> node scripts/stage-pillow-runtime.mjs --check

Pillow-RS 12.2.0-alpha.1: paired runtime integrity verified.

> verify
> node scripts/verify.mjs && npm run verify:scheduler && npm run verify:project-model

verify: PASS
  real WASM transforms: PNG fit/crop/rotate/flip/adjustments, exact decoded pixels, PNG bytes, decoded dimensions, output-size guard
  real input decoders: JPEG, BMP, WebP, GIF, TIFF, ICO, EXIF-JPEG fixture paths, corrupt-input rejection
  real format contract: runtime-verified output formats png, jpeg; JPEG alpha flattening, fixed settings and rejection of PNG-only masquerading
  large-folder contract: 100k metadata-only manifest, bounded virtual rows/workers, collision-safe paths, direct folder output, no archive path
  contract checks: editor modules, readiness separation, revisions, capability-driven formats, Low/Medium/High quality gating, metadata-only download, presets, selection, append imports, animated-input safety, duplicate identity, byte/output pixel guards, memory-aware worker parallelism, bounded worker failure handling, relative apply-to-all edits, shared-recipe/per-item override merge, explicit recipe scope, mixed-shape framing review, unified tray selection, versioned session and large-job recovery

> verify:scheduler
> node --test tests/processing.test.mjs tests/processing-startup.test.mjs

✔ initial Auto admission follows real arrivals, then stops speculative growth at the first useful result (14.664ms)
✔ a completed short probe cannot be enlarged merely by later arrivals or header inspection (2.184667ms)
✔ cancelled initial work and pressure do not reopen the speculative arrival phase (1.379583ms)
✔ a wider initial limit still counts retained sources, terminal outputs and actual reads against memory (0.6795ms)
✔ Auto challenges an unproven initial size when 1 workers already saturate useful throughput (4.078042ms)
✔ Auto challenges an unproven initial size when 2 workers already saturate useful throughput (4.28125ms)
✔ an unfinished downward probe restores the measured good limit on cancel (2.077375ms)
✔ an unfinished downward probe restores the measured good limit on drain (1.296167ms)
✔ the initial eight-worker bound does not cap later measured concurrency on a larger budget (1.969208ms)
✔ another work class cannot certify a lower-count trial, and pressure cancels its old baseline (2.318166ms)
✔ admission defers copies, shares CPU across worker kinds, and reuses an idle engine (13.883875ms)
✔ current-image priority, FIFO ties, and aging prevent starvation (1.0535ms)
✔ memory admission counts retained data, active output and idle heaps (1.207333ms)
✔ explicit high concurrency is not capped at four and never exceeds CPU tokens (1.579042ms)
✔ text admission includes its RGBA surfaces and custom fonts before dispatch (0.947541ms)
✔ cancel kills synchronous work, drops stale messages, and does not prepare queued sources (0.671667ms)
✔ worker death and task timeout release all reservations and permit retry (26.9445ms)
✔ cancelled asynchronous source reads retain memory credit until they settle (0.56325ms)
✔ reentrant completion can close a logical client without destroying reusable workers (0.351375ms)
✔ closing during a grouped worker-start failure cannot dispatch later cancelled tasks (0.353ms)
✔ allocation estimates reject oversized sources and budget the full current preview path (0.101166ms)
✔ Auto grows on useful work, retreats without throughput gain, and observes cooldown (2.5165ms)
✔ interleaved header inspection and mixed image sizes do not erase Auto calibration (2.058209ms)
✔ header-only work does not calibrate image throughput (0.969583ms)
✔ Auto keeps the eight-sample growth gate and checks whether fewer provisional workers suffice (2.236ms)
✔ Auto preserves a serial start with a missing memory hint (0.501542ms)
✔ Auto preserves a serial start with a small memory hint (0.377917ms)
✔ Auto preserves a serial start with a small CPU hint (0.356375ms)
✔ Auto does not start an extra worker for short edits or from queued inspections (0.512667ms)
✔ the initial Auto probe cannot bypass retained memory or output reservations (0.483292ms)
✔ pressure suppresses the initial Auto probe even after cooldown and an unchanged configure call (0.397708ms)
✔ Auto retains useful concurrency without counting idle time between collections (2.813708ms)
✔ Auto discards an unfinished measurement when the queue drains by success (0.443542ms)
✔ Auto discards an unfinished measurement when the queue drains by render-error (0.32975ms)
✔ Auto discards an unfinished measurement when the queue drains by cancel (0.340166ms)
✔ Auto discards an unfinished measurement when the queue drains by prepare-error (0.267083ms)
✔ Auto discards an unfinished measurement when the queue drains by cancel-queued (0.254583ms)
✔ an oversized idle WASM heap is retired before admitting smaller work (0.359708ms)
ℹ tests 38
ℹ suites 0
ℹ pass 38
ℹ fail 0
ℹ cancelled 0
ℹ skipped 0
ℹ todo 0
ℹ duration_ms 102.071

> verify:project-model
> node --test tests/project.test.mjs tests/story-layout.test.mjs tests/story-export.test.mjs tests/story-designs.test.mjs tests/story-fonts.test.mjs tests/working-copies.test.mjs tests/source-resolution.test.mjs tests/folder-contract.test.mjs tests/styles.test.mjs tests/legacy-styles.test.mjs tests/recipe-catalog.test.mjs tests/recipe-selection.test.mjs tests/photo-look.test.mjs tests/masks.test.mjs tests/depth.test.mjs tests/connections.test.mjs tests/cutout-effects.test.mjs tests/render-diagnostics.test.mjs

✔ connected copy preserves its source, shares the mask, and spans the same join in both shapes (26.75325ms)
✔ create, position, mask edit and remove are atomic and reversible, with no shared-mask deletion (10.018292ms)
✔ connected pairs move together past neighboring blocks and retain local geometry (10.257667ms)
✔ changing the joined pair carries depth text and removing the copy leaves originals intact (5.021333ms)
✔ connection validation rejects split pairs, unilateral overrides and unknown connection schemas (8.457541ms)
✔ variant positioning, layout and styles preserve connections without counting decorative copies as sources (13.723458ms)
✔ disk dilation agrees with an independent neighborhood oracle for soft masks, thin edges and transparent borders (9.636917ms)
✔ depth decoration agrees with an independent three-layer composition and protects opaque subjects (1.265958ms)
✔ effects persist through grouped history, connected copies, mask removal and reattachment (21.166541ms)
✔ schema rejects unsupported fields, non-image effects and unbounded or invalid parameters (1.534959ms)
✔ planning includes off-page effect support and reserves padded rendering before admission (1.922625ms)
✔ reusable finishes share only effect parameters and apply to existing subject selections in scope (13.198042ms)
✔ depth preserves source alpha and matches an independently split layer stack (1.593459ms)
✔ page background composites the extracted subject once over the title (0.247875ms)
✔ depth title creation and edits form one undoable project operation (17.670875ms)
✔ depth relationships reject dangling, reordered, shared or incompatible titles (3.462625ms)
✔ depth geometry follows photo frame, rotation and both output variants (7.9135ms)
✔ looks and missing-mask fallback preserve title edits, while styles exclude private links (4.750625ms)
✔ new folder jobs pin the renderer without sharing mutable contract objects (2.641625ms)
✔ older and unknown contracts remain identifiable instead of silently adopting this renderer (0.296167ms)
✔ recipe hashes are canonical and include actual text and all recipe parameters (18.942375ms)
✔ both stale queued edits and altered persisted recipes fail against the frozen identity (6.199333ms)
✔ font snapshots enforce unique identities, exact fields and per-font and total bounds (0.707875ms)
✔ all destination presets become versioned outputs with identical identity, parameters and order (3.318375ms)
✔ private legacy definitions preserve original fields and text, and do not enter public style sharing (0.659542ms)
✔ a consumer resolves the copied revision rather than mutable wrapper operations (0.264458ms)
✔ unsupported output and compression intents remain identifiable until an explicit replacement (5.183ms)
✔ folder jobs freeze the complete style and preserve relative crop, transforms and local recipe parameters (1.380334ms)
✔ unknown engine identities remain preserved but cannot execute as the current renderer (0.355334ms)
✔ migration rejects malformed executable, oversized and out-of-range data without coercing intent (1.758583ms)
✔ mask brushes preserve untouched pixels and support erase/restore with soft opacity (1.187333ms)
✔ one stroke is independent of point density and retracing (1.981791ms)
✔ a one-source-pixel brush can repair a large image without touching neighbors (76.976291ms)
✔ detail areas preserve source coordinates at every zoom and edge, with bounded allocation (0.822375ms)
✔ mask brush and memory bounds reject malformed work before allocation (0.513667ms)
✔ a cutout is one reversible asset edit and global looks preserve mask/crop (27.149583ms)
✔ mask removal preserves shared assets and bounded history keeps undo dependencies (12.935166ms)
✔ photo colors are frozen independently of story layout, typography and output (6.734583ms)
✔ malformed, out-of-range and unsupported photo looks fail before rendering (11.238042ms)
✔ all/selected/this look application and undo preserve unrelated manual corrections (1.452792ms)
✔ a stale look undo cannot overwrite a later look and empty selections do not mutate (3.164833ms)
✔ folder recipes copy the chosen look and its base output recipe without following library updates (3.028708ms)
✔ look and downsampled output previews reserve their additional memory and have distinct timing classes (0.689958ms)
✔ recovery rejects future shared and per-image look metadata before restoring the set (3.043ms)
✔ project renderer identity matches the actual pinned runtime bytes (35.639416ms)
✔ legacy migration preserves IDs, fractional pixel crops and exact transform order (1.492084ms)
✔ the shared text renderer upgrades only the known old identity and leaves original intent intact (0.755958ms)
✔ serialized projects preserve exact PNG and JPEG output bytes through the published engine (75.449416ms)
✔ many previews commit one reversible action and cancel restores the prior edit (19.523791ms)
✔ new edits discard redo; command history is bounded and contains no source data (37.01025ms)
✔ shared appearance resolves before node settings and local overrides without removing crops/masks (0.363792ms)
✔ connected geometry resolves per viewport in both ratios and tracks its stable anchor on reorder (0.381334ms)
✔ replacing a source invalidates only dependent slides and preserves unrelated local edits (0.494375ms)
✔ bad references, unknown schemas, code, remote assets and binary payloads are rejected (0.839375ms)
✔ scene styles reject unsupported operations and preview dimensions stay bounded (2.031916ms)
✔ image placement preserves crop bounds, cover focal edges and clockwise rotation (0.1715ms)
✔ the story assembler places every chosen photo exactly once at both count extremes and both ratios (45.555334ms)
✔ story look strength and reversible layout changes preserve captions, sources, focal points and crops (8.07725ms)
✔ story reorder moves stable slides and updates numbering as one reversible command (4.711875ms)
✔ legacy catalog parsing preserves complete data and fences unknown/malformed/duplicate records (1.724167ms)
✔ independent creates from the same snapshot merge without overwriting catalog entries (2.485166ms)
✔ stale edits and edit/delete races cannot replace a newer version (4.270625ms)
✔ a stale create cannot resurrect an ID created and then deleted since its snapshot (0.261666ms)
✔ an exact retry is idempotent and a reused operation ID with different payload is refused (0.261291ms)
✔ bounded receipts reject retries older than the retained history instead of replaying them (22.9585ms)
✔ clearing advances the generation so pending work from any tab cannot recreate recipes (0.112167ms)
✔ catalog validation fences future schemas, missing histories, duplicate entries and extra fields (0.258917ms)
✔ one ID can have independently selected immutable revisions without rebinding to a library update (2.979542ms)
✔ selection identities distinguish separator-bearing IDs and unversioned saved copies (0.258ms)
✔ duplicate identities with different immutable definitions fail instead of picking one (1.4395ms)
✔ new recovery references reject missing revisions, wrong IDs, extra items and future formats (3.212041ms)
✔ old ID-only recovery selects its frozen copy before consulting the library and keeps source buffers (0.681291ms)
✔ new snapshots reopen all selected revisions without a library and remain independent of its removal (0.255417ms)
✔ oldest custom recipes require a deliberate choice even when a current copy has the same ID (0.855083ms)
✔ historical built-ins are resolved from the frozen baseline, independently of current catalog changes (0.25775ms)
✔ complete saved image state preserves absolute edits without inventing the original custom definition (3.969417ms)
✔ partial patches never masquerade as complete saved state, and malformed state is not silently replaced (0.632708ms)
✔ opt-in timing observations preserve complete PNG/JPEG outputs and ordinary result shape (23.66075ms)
✔ one conversion preserves edited and connected scene metadata, parent masks and one-step undo (38.849292ms)
✔ restoring after cutout painting resizes the current mask instead of restoring a stale parent (5.736041ms)
✔ old copies remain readable, verified parent hashes control caching, and referenced masks cannot be deleted (5.054792ms)
✔ admission includes full source and upscaled target before reads; malformed output never changes the input (5.635583ms)
✔ partial failure and cancellation drain all copy tasks before releasing output ownership (6.17525ms)
✔ conversion without a mask stays mask-free; copies reject invalid direction, geometry and reservations before decoding (4.820708ms)
✔ story byte limits and sibling failure leave no partial assets or retained copies (6.983ms)
✔ three frozen story recipes remain separate from the existing color-look revisions (31.448542ms)
✔ all recipes preserve every photo and caption across counts, orientations and both output shapes (2719.717042ms)
✔ photo decorations follow manual frames and rotation using photo-relative geometry (10.389ms)
✔ recipe replacement removes only owned decorations and preserves local photo/word repairs through undo (55.156542ms)
✔ Depth cover requires the cover mask, targets only that photo and preserves an existing title (12.378333ms)
✔ Depth cover fills the available frame in both shapes while preserving editable source crop and mask (25.371167ms)
✔ recipe color strength leaves layout, typography, captions and subject selection identical (54.991542ms)
✔ new source reflow keeps decorations attached and old saved stories do not acquire a design (24.141958ms)
✔ untrusted designs and attachments cannot add executable fields, unbounded data or unrelated owners (15.518083ms)
✔ both shapes have a complete, ordered output manifest with unique filenames and independent metadata (7.243083ms)
✔ legacy single-shape filenames and saved export selections survive without changing preview shape (3.05925ms)
✔ invalid, unavailable, duplicate and unbounded export choices fail before rendering (5.298833ms)
✔ output-only saved styles retain both shapes and legacy styles still choose exactly one (11.76825ms)
✔ one failed output preserves all successes, ordered results and the exact frozen retry (3.419375ms)
✔ pausing preserves ready files and rejects late output ownership; continuing runs only pending items (4.230208ms)
✔ closing a batch cancels admitted work and ignores all later completion notifications (1.2745ms)
✔ synchronous render and output-retention failures are isolated to their own output (1.507209ms)
✔ the unmodified font pack binds four binaries, licenses, descriptors and coverage to pinned source hashes (27.807542ms)
✔ revision-two recipes freeze licensed fonts while revision one remains independent and asset-free (118.867166ms)
✔ saved text and depth styles share only pinned font references and preserve one-step undo (21.258ms)
✔ font declarations reject unsafe/private fields and preserve unavailable imports without substitution (13.850709ms)
✔ unsupported glyphs and styles fail preflight; explicit device fallback keeps words and is reversible (17.819417ms)
✔ font fetches are pinned, bounded, hash-checked, cancellable and never accept recipe URLs (16.631333ms)
✔ shared font loading counts temporary bytes, cancels only the last consumer and reuses stored sources (0.773042ms)
✔ automatic layout actually changes the arrangement between portrait and tall (6.16925ms)
✔ an infeasible candidate does not discard another valid automatic arrangement (2.50125ms)
✔ every photo count and varied aspect/caption corpus fits rotated prints with consistent physical borders (513.07025ms)
✔ output frames resolve with local precedence and invalidate only their own variant (2.007209ms)
✔ reflow preserves masks, crop rounding, captions, focal points and local appearance as one undo (7.861708ms)
✔ manual positions survive replacement/reflow; explicit reset removes only position overrides (3.447667ms)
✔ replacing a portrait with landscape and extending a caption reflows only the dependent slide (4.773708ms)
✔ old stories stay unchanged until explicit adaptation; reopening uses frozen frames (2.747625ms)
✔ malformed variant maps, sizing bases and layout definitions fail before editing (5.2005ms)
✔ style capture exports only chosen reusable settings, with no photos, masks, captions, crops or node IDs (11.624792ms)
✔ single-slide layout styles cannot alter another slide's present or future reflow (23.741ms)
✔ look strength has deterministic endpoints and preserves source-specific edits (11.814917ms)
✔ layout application keeps manual positions by default; explicit reset preserves crop/appearance/text overrides (32.002542ms)
✔ style previews produce one undo and copy the immutable definition through serialization (24.850375ms)
✔ custom fonts and unrecognized layouts require an explicit supported alternative when saving (1.734959ms)
✔ unsupported requirements and engines import as identifiable styles but cannot be applied (1.601708ms)
✔ malformed imports reject executable, remote, private, oversized and out-of-range content (2.305833ms)
✔ text-only styles reflow the selected slide while keeping old static stories static (10.579375ms)
✔ depth styles capture bounded relative settings without private words, masks, identities or font assets (4.164042ms)
✔ depth style applies once to selected masked photos, preserves words and repairs, and reports incompatible scope (6.099625ms)
✔ depth styles keep existing words and positions by default, offer explicit reset, and undo as one change (10.008209ms)
✔ depth style scope updates both halves of a connected subject and creates one shared title (8.419584ms)
✔ depth style imports reject private fields, remote fonts, missing capabilities and invalid placement or type (3.1505ms)
✔ editing copies keep original identity and dimensions; invalid lineage and original deletion are atomic failures (10.319208ms)
✔ reducing is explicit; original imports and already-small images keep their exact bytes (3.198125ms)
✔ copy generation reserves the full source decode, rereads only after admission and transfers output ownership (2.099459ms)
✔ memory rejection precedes the second source read; changed originals and malformed copy output cannot be accepted (5.688042ms)
✔ cancelled imports drain all consumers before releasing retained originals and leave no partial project (1.975417ms)
ℹ tests 137
ℹ suites 0
ℹ pass 137
ℹ fail 0
ℹ cancelled 0
ℹ skipped 0
ℹ todo 0
ℹ duration_ms 3121.295042
