
> migration:benchmark
> node scripts/migration/run.mjs benchmark

tests/fixtures/corpus/collections-v1/small.json: browser-1 reference 0: pass 24181 ms
tests/fixtures/corpus/collections-v1/small.json: browser-1 gate 0: pass 24038 ms
tests/fixtures/corpus/collections-v1/small.json: browser-2 gate 0: pass 12561 ms
tests/fixtures/corpus/collections-v1/small.json: browser-4 gate 0: pass 6687 ms
tests/fixtures/corpus/collections-v1/small.json: browser-8 gate 0: pass 4265 ms
tests/fixtures/corpus/collections-v1/small.json: browser-auto gate 0: pass 7183 ms
tests/fixtures/corpus/collections-v1/small.json: browser-8 measurement 0: pass 4185 ms
tests/fixtures/corpus/collections-v1/small.json: browser-2 measurement 0: pass 12589 ms
tests/fixtures/corpus/collections-v1/small.json: browser-1 measurement 0: pass 24500 ms
tests/fixtures/corpus/collections-v1/small.json: browser-auto measurement 0: pass 7184 ms
tests/fixtures/corpus/collections-v1/small.json: browser-4 measurement 0: pass 6659 ms
tests/fixtures/corpus/collections-v1/small.json: browser-8 measurement 1: pass 4208 ms
tests/fixtures/corpus/collections-v1/small.json: browser-1 measurement 1: pass 24506 ms
tests/fixtures/corpus/collections-v1/small.json: browser-4 measurement 1: pass 6610 ms
tests/fixtures/corpus/collections-v1/small.json: browser-2 measurement 1: pass 12662 ms
tests/fixtures/corpus/collections-v1/small.json: browser-auto measurement 1: pass 7114 ms
tests/fixtures/corpus/collections-v1/small.json: browser-8 measurement 2: pass 4175 ms
tests/fixtures/corpus/collections-v1/small.json: browser-4 measurement 2: pass 6730 ms
tests/fixtures/corpus/collections-v1/small.json: browser-2 measurement 2: pass 12694 ms
tests/fixtures/corpus/collections-v1/small.json: browser-1 measurement 2: pass 24692 ms
tests/fixtures/corpus/collections-v1/small.json: browser-auto measurement 2: pass 7119 ms
tests/fixtures/corpus/collections-v1/small.json: browser-auto measurement 3: pass 7181 ms
tests/fixtures/corpus/collections-v1/small.json: browser-1 measurement 3: pass 24580 ms
tests/fixtures/corpus/collections-v1/small.json: browser-2 measurement 3: pass 12758 ms
tests/fixtures/corpus/collections-v1/small.json: browser-8 measurement 3: pass 4233 ms
tests/fixtures/corpus/collections-v1/small.json: browser-4 measurement 3: pass 6623 ms
tests/fixtures/corpus/collections-v1/small.json: browser-1 measurement 4: pass 24615 ms
tests/fixtures/corpus/collections-v1/small.json: browser-8 measurement 4: pass 4264 ms
tests/fixtures/corpus/collections-v1/small.json: browser-2 measurement 4: pass 12654 ms
tests/fixtures/corpus/collections-v1/small.json: browser-auto measurement 4: pass 7201 ms
tests/fixtures/corpus/collections-v1/small.json: browser-4 measurement 4: pass 6693 ms
tests/fixtures/corpus/collections-v1/small.json: browser-1 reference 0: pass 24477 ms
tests/fixtures/corpus/collections-v1/small.json: browser-1 gate 0: pass 24520 ms
tests/fixtures/corpus/collections-v1/small.json: browser-2 gate 0: pass 12655 ms
tests/fixtures/corpus/collections-v1/small.json: browser-4 gate 0: pass 6730 ms
tests/fixtures/corpus/collections-v1/small.json: browser-8 gate 0: pass 4211 ms
tests/fixtures/corpus/collections-v1/small.json: browser-auto gate 0: pass 6967 ms
tests/fixtures/corpus/collections-v1/small.json: browser-8 measurement 0: pass 3933 ms
tests/fixtures/corpus/collections-v1/small.json: browser-2 measurement 0: pass 12460 ms
tests/fixtures/corpus/collections-v1/small.json: browser-1 measurement 0: pass 24348 ms
tests/fixtures/corpus/collections-v1/small.json: browser-auto measurement 0: pass 3534 ms
tests/fixtures/corpus/collections-v1/small.json: browser-4 measurement 0: pass 6486 ms
tests/fixtures/corpus/collections-v1/small.json: browser-8 measurement 1: pass 4009 ms
tests/fixtures/corpus/collections-v1/small.json: browser-1 measurement 1: pass 24535 ms
tests/fixtures/corpus/collections-v1/small.json: browser-4 measurement 1: pass 6549 ms
tests/fixtures/corpus/collections-v1/small.json: browser-2 measurement 1: pass 12526 ms
tests/fixtures/corpus/collections-v1/small.json: browser-auto measurement 1: pass 3577 ms
tests/fixtures/corpus/collections-v1/small.json: browser-8 measurement 2: pass 4062 ms
tests/fixtures/corpus/collections-v1/small.json: browser-4 measurement 2: pass 6516 ms
tests/fixtures/corpus/collections-v1/small.json: browser-2 measurement 2: pass 12536 ms
tests/fixtures/corpus/collections-v1/small.json: browser-1 measurement 2: pass 24124 ms
tests/fixtures/corpus/collections-v1/small.json: browser-auto measurement 2: pass 3423 ms
tests/fixtures/corpus/collections-v1/small.json: browser-auto measurement 3: pass 3411 ms
tests/fixtures/corpus/collections-v1/small.json: browser-1 measurement 3: pass 23975 ms
tests/fixtures/corpus/collections-v1/small.json: browser-2 measurement 3: pass 12381 ms
tests/fixtures/corpus/collections-v1/small.json: browser-8 measurement 3: pass 3935 ms
tests/fixtures/corpus/collections-v1/small.json: browser-4 measurement 3: pass 6480 ms
tests/fixtures/corpus/collections-v1/small.json: browser-1 measurement 4: pass 24031 ms
tests/fixtures/corpus/collections-v1/small.json: browser-8 measurement 4: pass 3927 ms
tests/fixtures/corpus/collections-v1/small.json: browser-2 measurement 4: pass 12492 ms
tests/fixtures/corpus/collections-v1/small.json: browser-auto measurement 4: pass 3462 ms
tests/fixtures/corpus/collections-v1/small.json: browser-4 measurement 4: pass 6469 ms
tests/fixtures/corpus/collections-v1/camera.json: browser-1 reference 0: pass 19779 ms
tests/fixtures/corpus/collections-v1/camera.json: browser-1 gate 0: pass 19659 ms
tests/fixtures/corpus/collections-v1/camera.json: browser-2 gate 0: pass 10311 ms
tests/fixtures/corpus/collections-v1/camera.json: browser-4 gate 0: pass 9816 ms
tests/fixtures/corpus/collections-v1/camera.json: browser-8 gate 0: pass 9879 ms
tests/fixtures/corpus/collections-v1/camera.json: browser-auto gate 0: pass 10351 ms
tests/fixtures/corpus/collections-v1/camera.json: browser-8 measurement 0: pass 10222 ms
tests/fixtures/corpus/collections-v1/camera.json: browser-2 measurement 0: pass 10610 ms
tests/fixtures/corpus/collections-v1/camera.json: browser-1 measurement 0: pass 20159 ms
tests/fixtures/corpus/collections-v1/camera.json: browser-auto measurement 0: pass 10568 ms
tests/fixtures/corpus/collections-v1/camera.json: browser-4 measurement 0: pass 10238 ms
tests/fixtures/corpus/collections-v1/camera.json: browser-8 measurement 1: pass 10049 ms
tests/fixtures/corpus/collections-v1/camera.json: browser-1 measurement 1: pass 20095 ms
tests/fixtures/corpus/collections-v1/camera.json: browser-4 measurement 1: pass 10639 ms
tests/fixtures/corpus/collections-v1/camera.json: browser-2 measurement 1: pass 11147 ms
tests/fixtures/corpus/collections-v1/camera.json: browser-auto measurement 1: pass 12325 ms
tests/fixtures/corpus/collections-v1/camera.json: browser-8 measurement 2: pass 10709 ms
tests/fixtures/corpus/collections-v1/camera.json: browser-4 measurement 2: pass 10829 ms
tests/fixtures/corpus/collections-v1/camera.json: browser-2 measurement 2: pass 10879 ms
tests/fixtures/corpus/collections-v1/camera.json: browser-1 measurement 2: pass 21733 ms
tests/fixtures/corpus/collections-v1/camera.json: browser-auto measurement 2: pass 11512 ms
tests/fixtures/corpus/collections-v1/camera.json: browser-auto measurement 3: pass 11408 ms
tests/fixtures/corpus/collections-v1/camera.json: browser-1 measurement 3: pass 20814 ms
tests/fixtures/corpus/collections-v1/camera.json: browser-2 measurement 3: pass 11257 ms
tests/fixtures/corpus/collections-v1/camera.json: browser-8 measurement 3: pass 10536 ms
tests/fixtures/corpus/collections-v1/camera.json: browser-4 measurement 3: pass 10143 ms
tests/fixtures/corpus/collections-v1/camera.json: browser-1 measurement 4: pass 20658 ms
tests/fixtures/corpus/collections-v1/camera.json: browser-8 measurement 4: pass 10627 ms
tests/fixtures/corpus/collections-v1/camera.json: browser-2 measurement 4: pass 10751 ms
tests/fixtures/corpus/collections-v1/camera.json: browser-auto measurement 4: pass 11184 ms
tests/fixtures/corpus/collections-v1/camera.json: browser-4 measurement 4: pass 10717 ms
tests/fixtures/corpus/collections-v1/camera.json: browser-1 reference 0: pass 21102 ms
tests/fixtures/corpus/collections-v1/camera.json: browser-1 gate 0: pass 21374 ms
tests/fixtures/corpus/collections-v1/camera.json: browser-2 gate 0: pass 11116 ms
tests/fixtures/corpus/collections-v1/camera.json: browser-4 gate 0: pass 10857 ms
tests/fixtures/corpus/collections-v1/camera.json: browser-8 gate 0: pass 10890 ms
tests/fixtures/corpus/collections-v1/camera.json: browser-auto gate 0: pass 11133 ms
tests/fixtures/corpus/collections-v1/camera.json: browser-8 measurement 0: pass 10539 ms
tests/fixtures/corpus/collections-v1/camera.json: browser-2 measurement 0: pass 10193 ms
tests/fixtures/corpus/collections-v1/camera.json: browser-1 measurement 0: pass 19685 ms
tests/fixtures/corpus/collections-v1/camera.json: browser-auto measurement 0: pass 10101 ms
tests/fixtures/corpus/collections-v1/camera.json: browser-4 measurement 0: pass 10390 ms
tests/fixtures/corpus/collections-v1/camera.json: browser-8 measurement 1: pass 9833 ms
tests/fixtures/corpus/collections-v1/camera.json: browser-1 measurement 1: pass 19770 ms
tests/fixtures/corpus/collections-v1/camera.json: browser-4 measurement 1: pass 10319 ms
tests/fixtures/corpus/collections-v1/camera.json: browser-2 measurement 1: pass 10294 ms
tests/fixtures/corpus/collections-v1/camera.json: browser-auto measurement 1: pass 9918 ms
tests/fixtures/corpus/collections-v1/camera.json: browser-8 measurement 2: pass 10092 ms
tests/fixtures/corpus/collections-v1/camera.json: browser-4 measurement 2: pass 10061 ms
tests/fixtures/corpus/collections-v1/camera.json: browser-2 measurement 2: pass 10202 ms
tests/fixtures/corpus/collections-v1/camera.json: browser-1 measurement 2: pass 20872 ms
tests/fixtures/corpus/collections-v1/camera.json: browser-auto measurement 2: pass 10550 ms
tests/fixtures/corpus/collections-v1/camera.json: browser-auto measurement 3: pass 10763 ms
tests/fixtures/corpus/collections-v1/camera.json: browser-1 measurement 3: pass 19746 ms
tests/fixtures/corpus/collections-v1/camera.json: browser-2 measurement 3: pass 9794 ms
tests/fixtures/corpus/collections-v1/camera.json: browser-8 measurement 3: pass 9503 ms
tests/fixtures/corpus/collections-v1/camera.json: browser-4 measurement 3: pass 9855 ms
tests/fixtures/corpus/collections-v1/camera.json: browser-1 measurement 4: pass 19107 ms
tests/fixtures/corpus/collections-v1/camera.json: browser-8 measurement 4: pass 9731 ms
tests/fixtures/corpus/collections-v1/camera.json: browser-2 measurement 4: pass 9773 ms
tests/fixtures/corpus/collections-v1/camera.json: browser-auto measurement 4: pass 9700 ms
tests/fixtures/corpus/collections-v1/camera.json: browser-4 measurement 4: pass 9655 ms
TinyImageStar.Engine.renderWithApi.performance: 1.850 / limit 1.5: fail; run benchmark-1b0bd5c5-2370-4252-bbc3-c4d53ed2e0eb
TinyImageStar.Engine.renderWithApi.collection-small-cold-auto-vs-1: 0.292 / limit 1.1: pass; run benchmark-1b0bd5c5-2370-4252-bbc3-c4d53ed2e0eb
TinyImageStar.Engine.renderWithApi.collection-small-cold-auto-vs-2: 0.567 / limit 1.1: pass; run benchmark-1b0bd5c5-2370-4252-bbc3-c4d53ed2e0eb
TinyImageStar.Engine.renderWithApi.collection-small-cold-auto-vs-4: 1.078 / limit 1.1: pass; run benchmark-1b0bd5c5-2370-4252-bbc3-c4d53ed2e0eb
TinyImageStar.Engine.renderWithApi.collection-small-cold-auto-vs-8: 1.706 / limit 1.1: fail; run benchmark-1b0bd5c5-2370-4252-bbc3-c4d53ed2e0eb
TinyImageStar.Engine.renderWithApi.collection-small-cold-auto-vs-16: not measured / limit 1.1: not_proven; run benchmark-1b0bd5c5-2370-4252-bbc3-c4d53ed2e0eb
TinyImageStar.Engine.renderWithApi.collection-small-warm-auto-vs-1: 0.144 / limit 1.1: pass; run benchmark-1b0bd5c5-2370-4252-bbc3-c4d53ed2e0eb
TinyImageStar.Engine.renderWithApi.collection-small-warm-auto-vs-2: 0.277 / limit 1.1: pass; run benchmark-1b0bd5c5-2370-4252-bbc3-c4d53ed2e0eb
TinyImageStar.Engine.renderWithApi.collection-small-warm-auto-vs-4: 0.534 / limit 1.1: pass; run benchmark-1b0bd5c5-2370-4252-bbc3-c4d53ed2e0eb
TinyImageStar.Engine.renderWithApi.collection-small-warm-auto-vs-8: 0.880 / limit 1.1: pass; run benchmark-1b0bd5c5-2370-4252-bbc3-c4d53ed2e0eb
TinyImageStar.Engine.renderWithApi.collection-small-warm-auto-vs-16: not measured / limit 1.1: not_proven; run benchmark-1b0bd5c5-2370-4252-bbc3-c4d53ed2e0eb
TinyImageStar.Engine.renderWithApi.collection-camera-cold-auto-vs-1: 0.552 / limit 1.1: pass; run benchmark-1b0bd5c5-2370-4252-bbc3-c4d53ed2e0eb
TinyImageStar.Engine.renderWithApi.collection-camera-cold-auto-vs-2: 1.049 / limit 1.1: pass; run benchmark-1b0bd5c5-2370-4252-bbc3-c4d53ed2e0eb
TinyImageStar.Engine.renderWithApi.collection-camera-cold-auto-vs-4: 1.072 / limit 1.1: pass; run benchmark-1b0bd5c5-2370-4252-bbc3-c4d53ed2e0eb
TinyImageStar.Engine.renderWithApi.collection-camera-cold-auto-vs-8: 1.083 / limit 1.1: pass; run benchmark-1b0bd5c5-2370-4252-bbc3-c4d53ed2e0eb
TinyImageStar.Engine.renderWithApi.collection-camera-cold-auto-vs-16: not measured / limit 1.1: not_proven; run benchmark-1b0bd5c5-2370-4252-bbc3-c4d53ed2e0eb
TinyImageStar.Engine.renderWithApi.collection-camera-warm-auto-vs-1: 0.512 / limit 1.1: pass; run benchmark-1b0bd5c5-2370-4252-bbc3-c4d53ed2e0eb
TinyImageStar.Engine.renderWithApi.collection-camera-warm-auto-vs-2: 0.991 / limit 1.1: pass; run benchmark-1b0bd5c5-2370-4252-bbc3-c4d53ed2e0eb
TinyImageStar.Engine.renderWithApi.collection-camera-warm-auto-vs-4: 1.004 / limit 1.1: pass; run benchmark-1b0bd5c5-2370-4252-bbc3-c4d53ed2e0eb
TinyImageStar.Engine.renderWithApi.collection-camera-warm-auto-vs-8: 1.027 / limit 1.1: pass; run benchmark-1b0bd5c5-2370-4252-bbc3-c4d53ed2e0eb
TinyImageStar.Engine.renderWithApi.collection-camera-warm-auto-vs-16: not measured / limit 1.1: not_proven; run benchmark-1b0bd5c5-2370-4252-bbc3-c4d53ed2e0eb
