
> verify:scheduler
> node --test tests/processing.test.mjs tests/processing-startup.test.mjs

✔ initial Auto admission follows real arrivals, then stops speculative growth at the first useful result (23.954125ms)
✔ a completed short probe cannot be enlarged merely by later arrivals or header inspection (1.686125ms)
✔ cancelled initial work and pressure do not reopen the speculative arrival phase (1.301459ms)
✔ a wider initial limit still counts retained sources, terminal outputs and actual reads against memory (0.647917ms)
✔ Auto challenges an unproven initial size when 1 workers already saturate useful throughput (4.36775ms)
✔ Auto challenges an unproven initial size when 2 workers already saturate useful throughput (4.056584ms)
✔ an unfinished downward probe restores the measured good limit on cancel (2.598709ms)
✔ an unfinished downward probe restores the measured good limit on drain (1.309584ms)
✔ the initial eight-worker bound does not cap later measured concurrency on a larger budget (1.87ms)
✔ another work class cannot certify a lower-count trial, and pressure cancels its old baseline (2.088583ms)
✔ admission defers copies, shares CPU across worker kinds, and reuses an idle engine (23.2005ms)
✔ current-image priority, FIFO ties, and aging prevent starvation (0.873667ms)
✔ memory admission counts retained data, active output and idle heaps (1.154166ms)
✔ explicit high concurrency is not capped at four and never exceeds CPU tokens (1.415625ms)
✔ text admission includes its RGBA surfaces and custom fonts before dispatch (0.998708ms)
✔ cancel kills synchronous work, drops stale messages, and does not prepare queued sources (0.953333ms)
✔ worker death and task timeout release all reservations and permit retry (27.042042ms)
✔ cancelled asynchronous source reads retain memory credit until they settle (0.675542ms)
✔ reentrant completion can close a logical client without destroying reusable workers (0.391667ms)
✔ closing during a grouped worker-start failure cannot dispatch later cancelled tasks (0.358625ms)
✔ allocation estimates reject oversized sources and budget the full current preview path (0.085209ms)
✔ Auto grows on useful work, retreats without throughput gain, and observes cooldown (2.362833ms)
✔ interleaved header inspection and mixed image sizes do not erase Auto calibration (2.166709ms)
✔ header-only work does not calibrate image throughput (1.860334ms)
✔ Auto keeps the eight-sample growth gate and checks whether fewer provisional workers suffice (1.554125ms)
✔ Auto preserves a serial start with a missing memory hint (0.380875ms)
✔ Auto preserves a serial start with a small memory hint (0.304084ms)
✔ Auto preserves a serial start with a small CPU hint (0.355792ms)
✔ Auto does not start an extra worker for short edits or from queued inspections (0.566917ms)
✔ the initial Auto probe cannot bypass retained memory or output reservations (0.552583ms)
✔ pressure suppresses the initial Auto probe even after cooldown and an unchanged configure call (0.333166ms)
✔ Auto retains useful concurrency without counting idle time between collections (2.741084ms)
✔ Auto discards an unfinished measurement when the queue drains by success (0.518209ms)
✔ Auto discards an unfinished measurement when the queue drains by render-error (0.367334ms)
✔ Auto discards an unfinished measurement when the queue drains by cancel (0.337667ms)
✔ Auto discards an unfinished measurement when the queue drains by prepare-error (0.2715ms)
✔ Auto discards an unfinished measurement when the queue drains by cancel-queued (0.261709ms)
✔ an oversized idle WASM heap is retired before admitting smaller work (0.306708ms)
ℹ tests 38
ℹ suites 0
ℹ pass 38
ℹ fail 0
ℹ cancelled 0
ℹ skipped 0
ℹ todo 0
ℹ duration_ms 115.978458
