
> preverify
> npm run check:runtime


> check:runtime
> node scripts/stage-pillow-runtime.mjs --check

Pillow-RS 12.2.0-alpha.1: paired runtime integrity verified.

> verify
> node scripts/verify.mjs && npm run verify:scheduler && npm run verify:project-model

verify: PASS
  real WASM transforms: PNG fit/crop/rotate/flip/adjustments, exact decoded pixels, PNG bytes, decoded dimensions, output-size guard
  real input decoders: JPEG, BMP, WebP, GIF, TIFF, ICO, EXIF-JPEG fixture paths, corrupt-input rejection
  real format contract: runtime-verified output formats png, jpeg; JPEG alpha flattening, fixed settings and rejection of PNG-only masquerading
  large-folder contract: 100k metadata-only manifest, bounded virtual rows/workers, collision-safe paths, direct folder output, no archive path
  contract checks: editor modules, readiness separation, revisions, capability-driven formats, Low/Medium/High quality gating, metadata-only download, presets, selection, append imports, animated-input safety, duplicate identity, byte/output pixel guards, memory-aware worker parallelism, bounded worker failure handling, relative apply-to-all edits, shared-recipe/per-item override merge, explicit recipe scope, mixed-shape framing review, unified tray selection, versioned session and large-job recovery

> verify:scheduler
> node --test tests/processing.test.mjs

✔ admission defers copies, shares CPU across worker kinds, and reuses an idle engine (16.481375ms)
✔ current-image priority, FIFO ties, and aging prevent starvation (1.282375ms)
✔ memory admission counts retained data, active output and idle heaps (1.139708ms)
✔ explicit high concurrency is not capped at four and never exceeds CPU tokens (1.42375ms)
✔ text admission includes its RGBA surfaces and custom fonts before dispatch (0.82575ms)
✔ cancel kills synchronous work, drops stale messages, and does not prepare queued sources (0.682083ms)
✔ worker death and task timeout release all reservations and permit retry (26.81925ms)
✔ cancelled asynchronous source reads retain memory credit until they settle (0.643917ms)
✔ reentrant completion can close a logical client without destroying reusable workers (0.404ms)
✔ closing during a grouped worker-start failure cannot dispatch later cancelled tasks (0.349583ms)
✔ allocation estimates reject oversized sources and budget the full current preview path (0.086333ms)
✔ Auto grows on useful work, retreats without throughput gain, and observes cooldown (2.832125ms)
✔ interleaved header inspection and mixed image sizes do not erase Auto calibration (2.460375ms)
✔ header-only work does not calibrate image throughput (1.156916ms)
✔ Auto starts a backlogged render batch with two workers and still measures subsequent growth (1.743875ms)
✔ Auto preserves a serial start with a missing memory hint (0.365667ms)
✔ Auto preserves a serial start with a small memory hint (0.282959ms)
✔ Auto preserves a serial start with a small CPU hint (0.273709ms)
✔ Auto does not start an extra worker for short edits or from queued inspections (0.459041ms)
✔ the initial Auto probe cannot bypass retained memory or output reservations (0.4985ms)
✔ pressure suppresses the initial Auto probe even after cooldown and an unchanged configure call (0.29725ms)
✔ Auto retains useful concurrency without counting idle time between collections (2.993583ms)
✔ Auto discards an unfinished measurement when the queue drains by success (0.506458ms)
✔ Auto discards an unfinished measurement when the queue drains by render-error (0.378333ms)
✔ Auto discards an unfinished measurement when the queue drains by cancel (0.393458ms)
✔ Auto discards an unfinished measurement when the queue drains by prepare-error (0.351542ms)
✔ Auto discards an unfinished measurement when the queue drains by cancel-queued (0.27225ms)
✔ an oversized idle WASM heap is retired before admitting smaller work (0.369083ms)
ℹ tests 28
ℹ suites 0
ℹ pass 28
ℹ fail 0
ℹ cancelled 0
ℹ skipped 0
ℹ todo 0
ℹ duration_ms 113.999958

> verify:project-model
> node --test tests/project.test.mjs tests/story-layout.test.mjs tests/story-designs.test.mjs tests/story-fonts.test.mjs tests/styles.test.mjs tests/legacy-styles.test.mjs tests/recipe-catalog.test.mjs tests/recipe-selection.test.mjs tests/photo-look.test.mjs tests/masks.test.mjs tests/depth.test.mjs tests/connections.test.mjs tests/cutout-effects.test.mjs tests/render-diagnostics.test.mjs

✔ connected copy preserves its source, shares the mask, and spans the same join in both shapes (18.562666ms)
✔ create, position, mask edit and remove are atomic and reversible, with no shared-mask deletion (17.183542ms)
✔ connected pairs move together past neighboring blocks and retain local geometry (5.081042ms)
✔ changing the joined pair carries depth text and removing the copy leaves originals intact (6.872791ms)
✔ connection validation rejects split pairs, unilateral overrides and unknown connection schemas (13.013875ms)
✔ variant positioning, layout and styles preserve connections without counting decorative copies as sources (14.163792ms)
✔ disk dilation agrees with an independent neighborhood oracle for soft masks, thin edges and transparent borders (19.429708ms)
✔ depth decoration agrees with an independent three-layer composition and protects opaque subjects (3.262416ms)
✔ effects persist through grouped history, connected copies, mask removal and reattachment (14.564166ms)
✔ schema rejects unsupported fields, non-image effects and unbounded or invalid parameters (1.363834ms)
✔ planning includes off-page effect support and reserves padded rendering before admission (2.813166ms)
✔ reusable finishes share only effect parameters and apply to existing subject selections in scope (8.691ms)
✔ depth preserves source alpha and matches an independently split layer stack (1.055333ms)
✔ page background composites the extracted subject once over the title (0.211959ms)
✔ depth title creation and edits form one undoable project operation (20.970959ms)
✔ depth relationships reject dangling, reordered, shared or incompatible titles (8.552542ms)
✔ depth geometry follows photo frame, rotation and both output variants (6.519584ms)
✔ looks and missing-mask fallback preserve title edits, while styles exclude private links (4.663208ms)
✔ all destination presets become versioned outputs with identical identity, parameters and order (2.605666ms)
✔ private legacy definitions preserve original fields and text, and do not enter public style sharing (0.682084ms)
✔ a consumer resolves the copied revision rather than mutable wrapper operations (0.275125ms)
✔ unsupported output and compression intents remain identifiable until an explicit replacement (1.252166ms)
✔ folder jobs freeze the complete style and preserve relative crop, transforms and local recipe parameters (0.244417ms)
✔ unknown engine identities remain preserved but cannot execute as the current renderer (0.243458ms)
✔ migration rejects malformed executable, oversized and out-of-range data without coercing intent (1.5785ms)
✔ mask brushes preserve untouched pixels and support erase/restore with soft opacity (0.623625ms)
✔ one stroke is independent of point density and retracing (4.044708ms)
✔ a one-source-pixel brush can repair a large image without touching neighbors (37.161084ms)
✔ detail areas preserve source coordinates at every zoom and edge, with bounded allocation (0.636791ms)
✔ mask brush and memory bounds reject malformed work before allocation (0.162791ms)
✔ a cutout is one reversible asset edit and global looks preserve mask/crop (17.474625ms)
✔ mask removal preserves shared assets and bounded history keeps undo dependencies (12.956125ms)
✔ photo colors are frozen independently of story layout, typography and output (5.212666ms)
✔ malformed, out-of-range and unsupported photo looks fail before rendering (12.126ms)
✔ all/selected/this look application and undo preserve unrelated manual corrections (3.2985ms)
✔ a stale look undo cannot overwrite a later look and empty selections do not mutate (1.999417ms)
✔ folder recipes copy the chosen look and its base output recipe without following library updates (1.87225ms)
✔ look and downsampled output previews reserve their additional memory and have distinct timing classes (0.649917ms)
✔ recovery rejects future shared and per-image look metadata before restoring the set (4.309458ms)
✔ project renderer identity matches the actual pinned runtime bytes (20.166583ms)
✔ legacy migration preserves IDs, fractional pixel crops and exact transform order (1.429083ms)
✔ the shared text renderer upgrades only the known old identity and leaves original intent intact (0.68575ms)
✔ serialized projects preserve exact PNG and JPEG output bytes through the published engine (56.158459ms)
✔ many previews commit one reversible action and cancel restores the prior edit (1.113625ms)
✔ new edits discard redo; command history is bounded and contains no source data (40.248167ms)
✔ shared appearance resolves before node settings and local overrides without removing crops/masks (0.367084ms)
✔ connected geometry resolves per viewport in both ratios and tracks its stable anchor on reorder (0.393708ms)
✔ replacing a source invalidates only dependent slides and preserves unrelated local edits (0.495625ms)
✔ bad references, unknown schemas, code, remote assets and binary payloads are rejected (0.769708ms)
✔ scene styles reject unsupported operations and preview dimensions stay bounded (1.678792ms)
✔ image placement preserves crop bounds, cover focal edges and clockwise rotation (0.158125ms)
✔ the story assembler places every chosen photo exactly once at both count extremes and both ratios (54.44325ms)
✔ story look strength and reversible layout changes preserve captions, sources, focal points and crops (10.259334ms)
✔ story reorder moves stable slides and updates numbering as one reversible command (3.51325ms)
✔ legacy catalog parsing preserves complete data and fences unknown/malformed/duplicate records (1.441625ms)
✔ independent creates from the same snapshot merge without overwriting catalog entries (2.369333ms)
✔ stale edits and edit/delete races cannot replace a newer version (0.325708ms)
✔ a stale create cannot resurrect an ID created and then deleted since its snapshot (0.212458ms)
✔ an exact retry is idempotent and a reused operation ID with different payload is refused (0.255083ms)
✔ bounded receipts reject retries older than the retained history instead of replaying them (20.869458ms)
✔ clearing advances the generation so pending work from any tab cannot recreate recipes (0.10825ms)
✔ catalog validation fences future schemas, missing histories, duplicate entries and extra fields (0.2465ms)
✔ one ID can have independently selected immutable revisions without rebinding to a library update (10.540042ms)
✔ selection identities distinguish separator-bearing IDs and unversioned saved copies (1.183833ms)
✔ duplicate identities with different immutable definitions fail instead of picking one (1.043042ms)
✔ new recovery references reject missing revisions, wrong IDs, extra items and future formats (2.788167ms)
✔ old ID-only recovery selects its frozen copy before consulting the library and keeps source buffers (0.658834ms)
✔ new snapshots reopen all selected revisions without a library and remain independent of its removal (0.332208ms)
✔ oldest custom recipes require a deliberate choice even when a current copy has the same ID (0.658417ms)
✔ historical built-ins are resolved from the frozen baseline, independently of current catalog changes (0.253292ms)
✔ complete saved image state preserves absolute edits without inventing the original custom definition (1.909209ms)
✔ partial patches never masquerade as complete saved state, and malformed state is not silently replaced (0.455041ms)
✔ opt-in timing observations preserve complete PNG/JPEG outputs and ordinary result shape (7.68875ms)
✔ three frozen story recipes remain separate from the existing color-look revisions (14.091083ms)
✔ all recipes preserve every photo and caption across counts, orientations and both output shapes (3056.29125ms)
✔ photo decorations follow manual frames and rotation using photo-relative geometry (11.229417ms)
✔ recipe replacement removes only owned decorations and preserves local photo/word repairs through undo (56.128ms)
✔ Depth cover requires the cover mask, targets only that photo and preserves an existing title (12.79125ms)
✔ Depth cover fills the available frame in both shapes while preserving editable source crop and mask (25.029167ms)
✔ recipe color strength leaves layout, typography, captions and subject selection identical (56.652917ms)
✔ new source reflow keeps decorations attached and old saved stories do not acquire a design (23.738333ms)
✔ untrusted designs and attachments cannot add executable fields, unbounded data or unrelated owners (15.679125ms)
✔ the unmodified font pack binds four binaries, licenses, descriptors and coverage to pinned source hashes (19.637958ms)
✔ revision-two recipes freeze licensed fonts while revision one remains independent and asset-free (108.311291ms)
✔ saved text and depth styles share only pinned font references and preserve one-step undo (22.617708ms)
✔ font declarations reject unsafe/private fields and preserve unavailable imports without substitution (13.040792ms)
✔ unsupported glyphs and styles fail preflight; explicit device fallback keeps words and is reversible (16.761708ms)
✔ font fetches are pinned, bounded, hash-checked, cancellable and never accept recipe URLs (15.82475ms)
✔ shared font loading counts temporary bytes, cancels only the last consumer and reuses stored sources (0.736708ms)
✔ automatic layout actually changes the arrangement between portrait and tall (5.185084ms)
✔ an infeasible candidate does not discard another valid automatic arrangement (2.4675ms)
✔ every photo count and varied aspect/caption corpus fits rotated prints with consistent physical borders (513.63225ms)
✔ output frames resolve with local precedence and invalidate only their own variant (2.061ms)
✔ reflow preserves masks, crop rounding, captions, focal points and local appearance as one undo (7.591292ms)
✔ manual positions survive replacement/reflow; explicit reset removes only position overrides (8.203125ms)
✔ replacing a portrait with landscape and extending a caption reflows only the dependent slide (5.948916ms)
✔ old stories stay unchanged until explicit adaptation; reopening uses frozen frames (2.791125ms)
✔ malformed variant maps, sizing bases and layout definitions fail before editing (5.949292ms)
✔ style capture exports only chosen reusable settings, with no photos, masks, captions, crops or node IDs (11.857125ms)
✔ single-slide layout styles cannot alter another slide's present or future reflow (23.550042ms)
✔ look strength has deterministic endpoints and preserves source-specific edits (12.336042ms)
✔ layout application keeps manual positions by default; explicit reset preserves crop/appearance/text overrides (31.38375ms)
✔ style previews produce one undo and copy the immutable definition through serialization (26.77125ms)
✔ custom fonts and unrecognized layouts require an explicit supported alternative when saving (4.029125ms)
✔ unsupported requirements and engines import as identifiable styles but cannot be applied (1.636833ms)
✔ malformed imports reject executable, remote, private, oversized and out-of-range content (1.117625ms)
✔ text-only styles reflow the selected slide while keeping old static stories static (10.628375ms)
✔ depth styles capture bounded relative settings without private words, masks, identities or font assets (3.670834ms)
✔ depth style applies once to selected masked photos, preserves words and repairs, and reports incompatible scope (5.332417ms)
✔ depth styles keep existing words and positions by default, offer explicit reset, and undo as one change (11.54325ms)
✔ depth style scope updates both halves of a connected subject and creates one shared title (5.888916ms)
✔ depth style imports reject private fields, remote fonts, missing capabilities and invalid placement or type (2.407292ms)
ℹ tests 112
ℹ suites 0
ℹ pass 112
ℹ fail 0
ℹ cancelled 0
ℹ skipped 0
ℹ todo 0
ℹ duration_ms 3369.376292
