
> preverify
> npm run check:runtime


> check:runtime
> node scripts/stage-pillow-runtime.mjs --check

Pillow-RS 12.2.0-alpha.1: paired runtime integrity verified.

> verify
> node scripts/verify.mjs && npm run verify:scheduler && npm run verify:project-model

verify: PASS
  real WASM transforms: PNG fit/crop/rotate/flip/adjustments, exact decoded pixels, PNG bytes, decoded dimensions, output-size guard
  real input decoders: JPEG, BMP, WebP, GIF, TIFF, ICO, EXIF-JPEG fixture paths, corrupt-input rejection
  real format contract: runtime-verified output formats png, jpeg; JPEG alpha flattening, fixed settings and rejection of PNG-only masquerading
  large-folder contract: 100k metadata-only manifest, bounded virtual rows/workers, collision-safe paths, direct folder output, no archive path
  contract checks: editor modules, readiness separation, revisions, capability-driven formats, Low/Medium/High quality gating, metadata-only download, presets, selection, append imports, animated-input safety, duplicate identity, byte/output pixel guards, memory-aware worker parallelism, bounded worker failure handling, relative apply-to-all edits, shared-recipe/per-item override merge, explicit recipe scope, mixed-shape framing review, unified tray selection, versioned session and large-job recovery

> verify:scheduler
> node --test tests/processing.test.mjs tests/processing-startup.test.mjs

✔ initial Auto admission follows real arrivals, then stops speculative growth at the first useful result (13.4435ms)
✔ a completed short probe cannot be enlarged merely by later arrivals or header inspection (1.819583ms)
✔ cancelled initial work and pressure do not reopen the speculative arrival phase (1.329167ms)
✔ a wider initial limit still counts retained sources, terminal outputs and actual reads against memory (0.600459ms)
✔ Auto challenges an unproven initial size when 1 workers already saturate useful throughput (3.704ms)
✔ Auto challenges an unproven initial size when 2 workers already saturate useful throughput (3.832959ms)
✔ an unfinished downward probe restores the measured good limit on cancel (1.935583ms)
✔ an unfinished downward probe restores the measured good limit on drain (1.201125ms)
✔ the initial eight-worker bound does not cap later measured concurrency on a larger budget (1.651292ms)
✔ another work class cannot certify a lower-count trial, and pressure cancels its old baseline (2.139459ms)
✔ admission defers copies, shares CPU across worker kinds, and reuses an idle engine (13.13675ms)
✔ current-image priority, FIFO ties, and aging prevent starvation (0.911083ms)
✔ memory admission counts retained data, active output and idle heaps (1.104541ms)
✔ explicit high concurrency is not capped at four and never exceeds CPU tokens (1.421208ms)
✔ text admission includes its RGBA surfaces and custom fonts before dispatch (0.828709ms)
✔ cancel kills synchronous work, drops stale messages, and does not prepare queued sources (0.728417ms)
✔ worker death and task timeout release all reservations and permit retry (26.683666ms)
✔ cancelled asynchronous source reads retain memory credit until they settle (0.51175ms)
✔ reentrant completion can close a logical client without destroying reusable workers (0.342ms)
✔ closing during a grouped worker-start failure cannot dispatch later cancelled tasks (0.304541ms)
✔ allocation estimates reject oversized sources and budget the full current preview path (0.076375ms)
✔ Auto grows on useful work, retreats without throughput gain, and observes cooldown (2.333834ms)
✔ interleaved header inspection and mixed image sizes do not erase Auto calibration (2.090875ms)
✔ header-only work does not calibrate image throughput (1.567125ms)
✔ Auto keeps the eight-sample growth gate and checks whether fewer provisional workers suffice (1.353542ms)
✔ Auto preserves a serial start with a missing memory hint (0.382875ms)
✔ Auto preserves a serial start with a small memory hint (0.37625ms)
✔ Auto preserves a serial start with a small CPU hint (0.337875ms)
✔ Auto does not start an extra worker for short edits or from queued inspections (0.514125ms)
✔ the initial Auto probe cannot bypass retained memory or output reservations (0.497959ms)
✔ pressure suppresses the initial Auto probe even after cooldown and an unchanged configure call (0.428542ms)
✔ Auto retains useful concurrency without counting idle time between collections (2.49275ms)
✔ Auto discards an unfinished measurement when the queue drains by success (0.356084ms)
✔ Auto discards an unfinished measurement when the queue drains by render-error (0.364375ms)
✔ Auto discards an unfinished measurement when the queue drains by cancel (0.367584ms)
✔ Auto discards an unfinished measurement when the queue drains by prepare-error (0.27125ms)
✔ Auto discards an unfinished measurement when the queue drains by cancel-queued (0.240708ms)
✔ an oversized idle WASM heap is retired before admitting smaller work (0.303958ms)
ℹ tests 38
ℹ suites 0
ℹ pass 38
ℹ fail 0
ℹ cancelled 0
ℹ skipped 0
ℹ todo 0
ℹ duration_ms 96.671625

> verify:project-model
> node --test tests/project.test.mjs tests/story-layout.test.mjs tests/story-designs.test.mjs tests/story-fonts.test.mjs tests/working-copies.test.mjs tests/source-resolution.test.mjs tests/folder-contract.test.mjs tests/styles.test.mjs tests/legacy-styles.test.mjs tests/recipe-catalog.test.mjs tests/recipe-selection.test.mjs tests/photo-look.test.mjs tests/masks.test.mjs tests/depth.test.mjs tests/connections.test.mjs tests/cutout-effects.test.mjs tests/render-diagnostics.test.mjs

✔ connected copy preserves its source, shares the mask, and spans the same join in both shapes (18.99675ms)
✔ create, position, mask edit and remove are atomic and reversible, with no shared-mask deletion (12.911958ms)
✔ connected pairs move together past neighboring blocks and retain local geometry (8.183ms)
✔ changing the joined pair carries depth text and removing the copy leaves originals intact (4.208833ms)
✔ connection validation rejects split pairs, unilateral overrides and unknown connection schemas (7.068458ms)
✔ variant positioning, layout and styles preserve connections without counting decorative copies as sources (15.861416ms)
✔ disk dilation agrees with an independent neighborhood oracle for soft masks, thin edges and transparent borders (8.257459ms)
✔ depth decoration agrees with an independent three-layer composition and protects opaque subjects (0.791958ms)
✔ effects persist through grouped history, connected copies, mask removal and reattachment (15.725584ms)
✔ schema rejects unsupported fields, non-image effects and unbounded or invalid parameters (1.4685ms)
✔ planning includes off-page effect support and reserves padded rendering before admission (2.818375ms)
✔ reusable finishes share only effect parameters and apply to existing subject selections in scope (7.921291ms)
✔ depth preserves source alpha and matches an independently split layer stack (1.094125ms)
✔ page background composites the extracted subject once over the title (0.211542ms)
✔ depth title creation and edits form one undoable project operation (18.174375ms)
✔ depth relationships reject dangling, reordered, shared or incompatible titles (7.088333ms)
✔ depth geometry follows photo frame, rotation and both output variants (8.729333ms)
✔ looks and missing-mask fallback preserve title edits, while styles exclude private links (7.162709ms)
✔ new folder jobs pin the renderer without sharing mutable contract objects (1.257958ms)
✔ older and unknown contracts remain identifiable instead of silently adopting this renderer (0.244208ms)
✔ recipe hashes are canonical and include actual text and all recipe parameters (9.92825ms)
✔ both stale queued edits and altered persisted recipes fail against the frozen identity (6.577542ms)
✔ font snapshots enforce unique identities, exact fields and per-font and total bounds (0.38625ms)
✔ all destination presets become versioned outputs with identical identity, parameters and order (2.454167ms)
✔ private legacy definitions preserve original fields and text, and do not enter public style sharing (0.613916ms)
✔ a consumer resolves the copied revision rather than mutable wrapper operations (0.222625ms)
✔ unsupported output and compression intents remain identifiable until an explicit replacement (0.943375ms)
✔ folder jobs freeze the complete style and preserve relative crop, transforms and local recipe parameters (0.239042ms)
✔ unknown engine identities remain preserved but cannot execute as the current renderer (0.249208ms)
✔ migration rejects malformed executable, oversized and out-of-range data without coercing intent (3.268416ms)
✔ mask brushes preserve untouched pixels and support erase/restore with soft opacity (0.610625ms)
✔ one stroke is independent of point density and retracing (4.227667ms)
✔ a one-source-pixel brush can repair a large image without touching neighbors (47.923709ms)
✔ detail areas preserve source coordinates at every zoom and edge, with bounded allocation (0.6225ms)
✔ mask brush and memory bounds reject malformed work before allocation (0.162875ms)
✔ a cutout is one reversible asset edit and global looks preserve mask/crop (23.399875ms)
✔ mask removal preserves shared assets and bounded history keeps undo dependencies (8.522333ms)
✔ photo colors are frozen independently of story layout, typography and output (4.234042ms)
✔ malformed, out-of-range and unsupported photo looks fail before rendering (5.38475ms)
✔ all/selected/this look application and undo preserve unrelated manual corrections (1.252625ms)
✔ a stale look undo cannot overwrite a later look and empty selections do not mutate (0.951958ms)
✔ folder recipes copy the chosen look and its base output recipe without following library updates (3.322584ms)
✔ look and downsampled output previews reserve their additional memory and have distinct timing classes (1.333625ms)
✔ recovery rejects future shared and per-image look metadata before restoring the set (3.167083ms)
✔ project renderer identity matches the actual pinned runtime bytes (24.668042ms)
✔ legacy migration preserves IDs, fractional pixel crops and exact transform order (1.387416ms)
✔ the shared text renderer upgrades only the known old identity and leaves original intent intact (0.710042ms)
✔ serialized projects preserve exact PNG and JPEG output bytes through the published engine (59.005083ms)
✔ many previews commit one reversible action and cancel restores the prior edit (1.232792ms)
✔ new edits discard redo; command history is bounded and contains no source data (34.797542ms)
✔ shared appearance resolves before node settings and local overrides without removing crops/masks (0.336791ms)
✔ connected geometry resolves per viewport in both ratios and tracks its stable anchor on reorder (0.367416ms)
✔ replacing a source invalidates only dependent slides and preserves unrelated local edits (0.49175ms)
✔ bad references, unknown schemas, code, remote assets and binary payloads are rejected (0.75225ms)
✔ scene styles reject unsupported operations and preview dimensions stay bounded (2.154625ms)
✔ image placement preserves crop bounds, cover focal edges and clockwise rotation (0.177625ms)
✔ the story assembler places every chosen photo exactly once at both count extremes and both ratios (43.113541ms)
✔ story look strength and reversible layout changes preserve captions, sources, focal points and crops (7.446625ms)
✔ story reorder moves stable slides and updates numbering as one reversible command (2.510541ms)
✔ legacy catalog parsing preserves complete data and fences unknown/malformed/duplicate records (1.241208ms)
✔ independent creates from the same snapshot merge without overwriting catalog entries (5.090167ms)
✔ stale edits and edit/delete races cannot replace a newer version (0.887458ms)
✔ a stale create cannot resurrect an ID created and then deleted since its snapshot (0.987625ms)
✔ an exact retry is idempotent and a reused operation ID with different payload is refused (0.737083ms)
✔ bounded receipts reject retries older than the retained history instead of replaying them (29.130917ms)
✔ clearing advances the generation so pending work from any tab cannot recreate recipes (0.109666ms)
✔ catalog validation fences future schemas, missing histories, duplicate entries and extra fields (0.245208ms)
✔ one ID can have independently selected immutable revisions without rebinding to a library update (1.990084ms)
✔ selection identities distinguish separator-bearing IDs and unversioned saved copies (0.24525ms)
✔ duplicate identities with different immutable definitions fail instead of picking one (0.456834ms)
✔ new recovery references reject missing revisions, wrong IDs, extra items and future formats (5.017458ms)
✔ old ID-only recovery selects its frozen copy before consulting the library and keeps source buffers (0.7165ms)
✔ new snapshots reopen all selected revisions without a library and remain independent of its removal (0.289417ms)
✔ oldest custom recipes require a deliberate choice even when a current copy has the same ID (0.556917ms)
✔ historical built-ins are resolved from the frozen baseline, independently of current catalog changes (0.99975ms)
✔ complete saved image state preserves absolute edits without inventing the original custom definition (2.238458ms)
✔ partial patches never masquerade as complete saved state, and malformed state is not silently replaced (0.49525ms)
✔ opt-in timing observations preserve complete PNG/JPEG outputs and ordinary result shape (10.009167ms)
✔ one conversion preserves edited and connected scene metadata, parent masks and one-step undo (37.289ms)
✔ restoring after cutout painting resizes the current mask instead of restoring a stale parent (4.8215ms)
✔ old copies remain readable, verified parent hashes control caching, and referenced masks cannot be deleted (5.766084ms)
✔ admission includes full source and upscaled target before reads; malformed output never changes the input (3.898875ms)
✔ partial failure and cancellation drain all copy tasks before releasing output ownership (4.837916ms)
✔ conversion without a mask stays mask-free; copies reject invalid direction, geometry and reservations before decoding (2.429958ms)
✔ story byte limits and sibling failure leave no partial assets or retained copies (3.563084ms)
✔ three frozen story recipes remain separate from the existing color-look revisions (14.758375ms)
✔ all recipes preserve every photo and caption across counts, orientations and both output shapes (2601.205958ms)
✔ photo decorations follow manual frames and rotation using photo-relative geometry (9.944542ms)
✔ recipe replacement removes only owned decorations and preserves local photo/word repairs through undo (54.567ms)
✔ Depth cover requires the cover mask, targets only that photo and preserves an existing title (12.875708ms)
✔ Depth cover fills the available frame in both shapes while preserving editable source crop and mask (24.4765ms)
✔ recipe color strength leaves layout, typography, captions and subject selection identical (54.714542ms)
✔ new source reflow keeps decorations attached and old saved stories do not acquire a design (22.364792ms)
✔ untrusted designs and attachments cannot add executable fields, unbounded data or unrelated owners (15.216667ms)
✔ the unmodified font pack binds four binaries, licenses, descriptors and coverage to pinned source hashes (25.386541ms)
✔ revision-two recipes freeze licensed fonts while revision one remains independent and asset-free (98.865375ms)
✔ saved text and depth styles share only pinned font references and preserve one-step undo (20.976958ms)
✔ font declarations reject unsafe/private fields and preserve unavailable imports without substitution (13.609125ms)
✔ unsupported glyphs and styles fail preflight; explicit device fallback keeps words and is reversible (16.519583ms)
✔ font fetches are pinned, bounded, hash-checked, cancellable and never accept recipe URLs (14.685042ms)
✔ shared font loading counts temporary bytes, cancels only the last consumer and reuses stored sources (0.776333ms)
✔ automatic layout actually changes the arrangement between portrait and tall (5.646459ms)
✔ an infeasible candidate does not discard another valid automatic arrangement (2.141542ms)
✔ every photo count and varied aspect/caption corpus fits rotated prints with consistent physical borders (471.145709ms)
✔ output frames resolve with local precedence and invalidate only their own variant (2.220958ms)
✔ reflow preserves masks, crop rounding, captions, focal points and local appearance as one undo (7.33625ms)
✔ manual positions survive replacement/reflow; explicit reset removes only position overrides (3.41475ms)
✔ replacing a portrait with landscape and extending a caption reflows only the dependent slide (4.515291ms)
✔ old stories stay unchanged until explicit adaptation; reopening uses frozen frames (2.654208ms)
✔ malformed variant maps, sizing bases and layout definitions fail before editing (4.58875ms)
✔ style capture exports only chosen reusable settings, with no photos, masks, captions, crops or node IDs (10.724708ms)
✔ single-slide layout styles cannot alter another slide's present or future reflow (16.764334ms)
✔ look strength has deterministic endpoints and preserves source-specific edits (12.674333ms)
✔ layout application keeps manual positions by default; explicit reset preserves crop/appearance/text overrides (32.078542ms)
✔ style previews produce one undo and copy the immutable definition through serialization (25.749292ms)
✔ custom fonts and unrecognized layouts require an explicit supported alternative when saving (1.596916ms)
✔ unsupported requirements and engines import as identifiable styles but cannot be applied (1.560958ms)
✔ malformed imports reject executable, remote, private, oversized and out-of-range content (1.064083ms)
✔ text-only styles reflow the selected slide while keeping old static stories static (11.679291ms)
✔ depth styles capture bounded relative settings without private words, masks, identities or font assets (2.915125ms)
✔ depth style applies once to selected masked photos, preserves words and repairs, and reports incompatible scope (5.078541ms)
✔ depth styles keep existing words and positions by default, offer explicit reset, and undo as one change (8.82675ms)
✔ depth style scope updates both halves of a connected subject and creates one shared title (6.347625ms)
✔ depth style imports reject private fields, remote fonts, missing capabilities and invalid placement or type (2.229709ms)
✔ editing copies keep original identity and dimensions; invalid lineage and original deletion are atomic failures (11.382708ms)
✔ reducing is explicit; original imports and already-small images keep their exact bytes (4.775458ms)
✔ copy generation reserves the full source decode, rereads only after admission and transfers output ownership (2.663625ms)
✔ memory rejection precedes the second source read; changed originals and malformed copy output cannot be accepted (3.053167ms)
✔ cancelled imports drain all consumers before releasing retained originals and leave no partial project (1.064ms)
ℹ tests 129
ℹ suites 0
ℹ pass 129
ℹ fail 0
ℹ cancelled 0
ℹ skipped 0
ℹ todo 0
ℹ duration_ms 2944.066375
