
> verify:scheduler
> node --test tests/processing.test.mjs

✔ admission defers copies, shares CPU across worker kinds, and reuses an idle engine (23.371333ms)
✔ current-image priority, FIFO ties, and aging prevent starvation (0.827209ms)
✔ memory admission counts retained data, active output and idle heaps (1.062334ms)
✔ explicit high concurrency is not capped at four and never exceeds CPU tokens (1.298916ms)
✔ text admission includes its RGBA surfaces and custom fonts before dispatch (0.956208ms)
✔ cancel kills synchronous work, drops stale messages, and does not prepare queued sources (0.736167ms)
✔ worker death and task timeout release all reservations and permit retry (27.545542ms)
✔ cancelled asynchronous source reads retain memory credit until they settle (0.466916ms)
✔ reentrant completion can close a logical client without destroying reusable workers (0.269584ms)
✔ closing during a grouped worker-start failure cannot dispatch later cancelled tasks (0.304167ms)
✔ allocation estimates reject oversized sources and budget the full current preview path (0.074375ms)
✔ Auto grows on useful work, retreats without throughput gain, and observes cooldown (2.510375ms)
✔ interleaved header inspection and mixed image sizes do not erase Auto calibration (2.27725ms)
✔ header-only work does not calibrate image throughput (1.045458ms)
✖ Auto retains useful concurrency without counting idle time between collections (2.9615ms)
✖ Auto discards an unfinished measurement when the queue drains by success (0.910833ms)
✖ Auto discards an unfinished measurement when the queue drains by render-error (0.485292ms)
✖ Auto discards an unfinished measurement when the queue drains by cancel (0.445042ms)
✖ Auto discards an unfinished measurement when the queue drains by prepare-error (0.375041ms)
✖ Auto discards an unfinished measurement when the queue drains by cancel-queued (0.375917ms)
✔ an oversized idle WASM heap is retired before admitting smaller work (0.467542ms)
ℹ tests 21
ℹ suites 0
ℹ pass 15
ℹ fail 6
ℹ cancelled 0
ℹ skipped 0
ℹ todo 0
ℹ duration_ms 108.445167

✖ failing tests:

test at tests/processing.test.mjs:231:1
✖ Auto retains useful concurrency without counting idle time between collections (2.9615ms)
  AssertionError [ERR_ASSERTION]: idle time must not manufacture a throughput regression
      at TestContext.<anonymous> (file:///Users/lazytrot/work/tiny-image-star/tests/processing.test.mjs:246:12)
      at async Test.run (node:internal/test_runner/test:1332:7)
      at async Test.processPendingSubtests (node:internal/test_runner/test:911:7) {
    generatedMessage: false,
    code: 'ERR_ASSERTION',
    actual: false,
    expected: true,
    operator: '==',
    diff: 'simple'
  }

test at tests/processing.test.mjs:253:3
✖ Auto discards an unfinished measurement when the queue drains by success (0.910833ms)
  AssertionError [ERR_ASSERTION]: partial wall-time windows cannot span an idle interval
  
  1 !== 0
  
      at TestContext.<anonymous> (file:///Users/lazytrot/work/tiny-image-star/tests/processing.test.mjs:269:12)
      at async Test.run (node:internal/test_runner/test:1332:7)
      at async Test.processPendingSubtests (node:internal/test_runner/test:911:7) {
    generatedMessage: false,
    code: 'ERR_ASSERTION',
    actual: 1,
    expected: 0,
    operator: 'strictEqual',
    diff: 'simple'
  }

test at tests/processing.test.mjs:253:3
✖ Auto discards an unfinished measurement when the queue drains by render-error (0.485292ms)
  AssertionError [ERR_ASSERTION]: partial wall-time windows cannot span an idle interval
  
  1 !== 0
  
      at TestContext.<anonymous> (file:///Users/lazytrot/work/tiny-image-star/tests/processing.test.mjs:269:12)
      at async Test.run (node:internal/test_runner/test:1332:7)
      at async Test.processPendingSubtests (node:internal/test_runner/test:911:7) {
    generatedMessage: false,
    code: 'ERR_ASSERTION',
    actual: 1,
    expected: 0,
    operator: 'strictEqual',
    diff: 'simple'
  }

test at tests/processing.test.mjs:253:3
✖ Auto discards an unfinished measurement when the queue drains by cancel (0.445042ms)
  AssertionError [ERR_ASSERTION]: partial wall-time windows cannot span an idle interval
  
  1 !== 0
  
      at TestContext.<anonymous> (file:///Users/lazytrot/work/tiny-image-star/tests/processing.test.mjs:269:12)
      at async Test.run (node:internal/test_runner/test:1332:7)
      at async Test.processPendingSubtests (node:internal/test_runner/test:911:7) {
    generatedMessage: false,
    code: 'ERR_ASSERTION',
    actual: 1,
    expected: 0,
    operator: 'strictEqual',
    diff: 'simple'
  }

test at tests/processing.test.mjs:253:3
✖ Auto discards an unfinished measurement when the queue drains by prepare-error (0.375041ms)
  AssertionError [ERR_ASSERTION]: partial wall-time windows cannot span an idle interval
  
  1 !== 0
  
      at TestContext.<anonymous> (file:///Users/lazytrot/work/tiny-image-star/tests/processing.test.mjs:269:12)
      at async Test.run (node:internal/test_runner/test:1332:7)
      at async Test.processPendingSubtests (node:internal/test_runner/test:911:7) {
    generatedMessage: false,
    code: 'ERR_ASSERTION',
    actual: 1,
    expected: 0,
    operator: 'strictEqual',
    diff: 'simple'
  }

test at tests/processing.test.mjs:253:3
✖ Auto discards an unfinished measurement when the queue drains by cancel-queued (0.375917ms)
  AssertionError [ERR_ASSERTION]: partial wall-time windows cannot span an idle interval
  
  1 !== 0
  
      at TestContext.<anonymous> (file:///Users/lazytrot/work/tiny-image-star/tests/processing.test.mjs:269:12)
      at async Test.run (node:internal/test_runner/test:1332:7)
      at async Test.processPendingSubtests (node:internal/test_runner/test:911:7) {
    generatedMessage: false,
    code: 'ERR_ASSERTION',
    actual: 1,
    expected: 0,
    operator: 'strictEqual',
    diff: 'simple'
  }
