
> verify:browser
> node scripts/browser-smoke.mjs

  shared scheduler: 24 images each at 1/2/4/8 workers; identical outputs, no missing/duplicate items or admission violations
  shared text compositor: exact PNG/JPEG across editor engine, 1/4/8 workers and journaled folder output; custom-font integrity and bounded failure checks
folder snapshot observations: {"fontSha256":"bfb7bb691513f12e734dc346c03a03f784912432d7e3fa8e56efcf906fe86b3d","reference":"32ffccd5f6b60d3381e77239283650fa79eb1e2be3f1b6b3febc2860870c9704","runs":[{"concurrency":1,"peak":1,"violations":0,"checked":16},{"concurrency":4,"peak":4,"violations":0,"checked":16},{"concurrency":8,"peak":8,"violations":0,"checked":16}],"completed":49,"expectedFailures":2,"quotaAtomic":true,"libraryMissingAfterReload":true,"upgradeBlockedThenRecovered":true,"staleMetadataUsedSnapshot":true,"staleDestinationIgnored":true,"unboundFontMetadataIgnored":true,"preparationPeak":1,"libraryReads":1,"sameSnapshot":true}
folder snapshots: reload without library fonts; exact 1/4/8 outputs; corrupt/missing assets blocked; quota atomicity, immutable recipe, renderer and owner fencing
folder sample observations: {"selected":[0,4,5,8,9],"concurrency":[{"workers":1,"peak":1,"violations":0},{"workers":4,"peak":4,"violations":0},{"workers":8,"peak":8,"violations":0}],"independentOutputs":27,"failedReview":true,"retryPreservesSuccess":true,"pinnedFontReload":true,"unboundLibraryMetadataIgnored":true,"cancellationCleanup":true,"indexedManifestEntries":100000}
folder source observations: {"runs":[{"workers":1,"peak":1,"violations":0,"matched":true,"pinned":true,"completed":9},{"workers":4,"peak":4,"violations":0,"matched":true,"pinned":true,"completed":9},{"workers":8,"peak":8,"violations":0,"matched":true,"pinned":true,"completed":9}],"independentOutputs":27,"staleEntry":true,"sameMetadataReplacement":true,"explicitRepair":true,"reload":true,"oneWinner":true,"staleClaim":true,"staleOwner":true,"journal":true,"preview":true,"saveFence":true}
scene collection observations: {"runs":[{"workers":1,"peak":1,"violations":0,"checked":16},{"workers":4,"peak":4,"violations":0,"checked":16},{"workers":8,"peak":8,"violations":0,"checked":16}],"independentOutputs":48,"retryPreserved":true,"reloadWithoutLibrary":true,"pausePreserved":1,"immutable":true,"phoneReview":true,"phoneCreate":true,"quotaAtomic":true,"renderWarningsVisible":true,"browserBack":true}
  scene compositor: layers/masks/focal crops/rotation/alpha, 0-level seam and 0-level odd-viewport difference, exact 1280px preview, 1/4/8 workers, immutable revisions and pre-read cancellation/budget checks
  story storage: exact rendered reload, lazy verified assets, atomic quota rollback, real two-tab revision conflict, shared-asset GC and retained open revisions
  authored story recipes: default Scrapbook, distinct role/framing/decorations, cover-mask preflight, safe recipe download/identity, 18 real-photo renders with exact flattened-decoration references, 1 workers (peak 1) / 4 workers (peak 4) / 8 workers (peak 8) match live serial output, phone previews/cancel/undo/reload, 200% text and ordered PNG export
  licensed story fonts: pinned variable faces, downloaded style references, shared/cancelled/failed font loads, explicit device-font creation, no-network saved-font reload, unsupported-character preflight, 200% text, fallback and exact undo
  editing copies: 12MP original retained, 2048px copy under a 512MiB admission budget; EXIF 1–8 match independent pixel-orientation references; alpha preserved; exact 1/4/8 worker output; explicit phone opt-in, saved originals, reload, source switch and undo
  source resolution: grayscale mask/reference pixels, original/edited restoration, exact 1/4/8-worker output, EXIF policy, mobile Apply/Cancel/undo/reload, failure retry and late cancellation
  style library: immutable revisions, two-tab conflict/notifications, favorites/recent metadata, quota rollback/retry, 100-revision cap, unknown-data preservation and lossless private backup
  legacy styles: retained originals, exact three-aspect render parity, explicit output replacement, immutable revisions, two-tab migration, quota/reopen recovery and clear fencing
  recipe catalog: concurrent creates, atomic stale-edit/delete refusal, retained UI drafts/save-copy, immutable applied copies, quota rollback, idempotent reopen retry and cross-tab clear fencing
  catalog fences: malformed/future/duplicate originals remain unchanged and downloadable; v1 database upgrade preserves definitions; future catalog/database versions remain read-only with lossless known-record backups
  recipe selections: mixed revisions of one ID, preserved manual correction, exact reload after library removal, frozen folder labels/output and corrupt-reference fences
  recipe recovery upgrade: version-one ID selections retain frozen settings and archive their exact original before version-two recovery
  historical recovery: seeding saved operations
  historical recovery: restoring saved operations
  historical recovery: actual saved edits survive changed/deleted recipes, reset and per-image replacement; original schema archived
  oldest recovery: explicit current choice on a phone keeps known corrections and the raw backup
  oldest recovery: explicit originals choice on a phone keeps known corrections and the raw backup
  historical recovery: saved avif intent survives capability updates until explicitly replaced
  historical recovery: saved compression intent survives capability updates until explicitly replaced
  photo looks: isolated previews, primitive color/strength parity, scopes/undo, destination independence, recovery, transactional folder retry and frozen output; exact PNG/JPEG downsample and 1/2/4/8 worker correctness
  phone photo looks: native sheets, failed-preview retry, saved/favorite style focus, 200% text/touch targets and exact reload after library changes
  origin admission: real two-tab Pillow output, shared CPU/memory and startup admission, deferred copies, idle retirement, priority/cancellation, closed-context recovery, no-broadcast fallback and fail-closed lock errors
  cutouts: L/alpha import, preserved source alpha, soft brushes, 1/2/4/8 worker parity, phone pointer/keyboard repair, failed import, local/story undo, cancel, exact recovery, quota rollback/retry and source replacement
  cutout detail: exact independently decoded source-pixel regions, 1/2/4/8 worker parity, one-pixel pointer/keyboard repair, read-only pan/zoom, worker/decode retry, resize, saved coordinates and cancellation
  depth titles: source alpha and soft-mask composition, one source decode, exact preview, 1/2/4/8 worker identity, phone setup/handoff/edit/cancel/undo, saved depth style capture/download/reuse, keep/reset placement, words preserved, missing-mask compatibility, reflow, exact recovery, quota retry, title-preserving mask/source changes and ordered exports
  depth rendering bounds: {"cases":[{"sourceOpens":1,"maskOpens":1,"alphaError":0,"colorError":1.6369703960015443,"changed":5650,"pageDifference":1,"fallbackDifference":1,"fallbackWarning":true,"unchanged":true,"preview":true},{"sourceOpens":1,"maskOpens":1,"alphaError":0,"colorError":1.6862745098039227,"changed":3522,"pageDifference":1,"fallbackDifference":1,"fallbackWarning":true,"unchanged":true,"preview":true}],"seamDifference":0}
  connected cutouts: spread references [{"variant":"portrait","transformed":false,"difference":2,"leftExact":true,"rightExact":true},{"variant":"portrait","transformed":true,"difference":0,"leftExact":true,"rightExact":true},{"variant":"tall","transformed":false,"difference":0,"leftExact":true,"rightExact":true},{"variant":"tall","transformed":true,"difference":0,"leftExact":true,"rightExact":true}], exact reorder, 1/2/4/8 worker identity, phone setup/position/crop/variants/Back/undo/reload/boundary/removal and ordered exports
  cutout effects native: [{"variant":"portrait","background":null,"difference":0,"maxAlpha":171,"leftExact":true,"rightExact":true},{"variant":"portrait","background":"photo","difference":0,"maxAlpha":255,"leftExact":true,"rightExact":true},{"variant":"portrait","background":"page","difference":0,"maxAlpha":255,"leftExact":true,"rightExact":true},{"variant":"tall","background":null,"difference":0,"maxAlpha":171,"leftExact":true,"rightExact":true},{"variant":"tall","background":"photo","difference":0,"maxAlpha":255,"leftExact":true,"rightExact":true},{"variant":"tall","background":"page","difference":0,"maxAlpha":255,"leftExact":true,"rightExact":true}]
  cutout effects phone: mask-to-effects, own-slide preview/cleanup, 200% text, grouped undo/redo, Back, shapes, reload, saved finish reuse, missing-mask fallback and exact saved PNG export
  mobile story workspace: favorites/recent/custom styles, bounded lazy previews, safe style files, preserved scoped corrections, crop/reflow/positions, one-step undo, exact recovery, conflict copies, ordered JPEGs and fresh-gesture sharing
story export observations: {"runs":[{"concurrency":1,"peak":1,"violations":0,"checked":8},{"concurrency":4,"peak":4,"violations":0,"checked":8},{"concurrency":8,"peak":8,"violations":0,"checked":8}],"fullSizeOutputs":8,"retryPreserved":7,"pausePreserved":1,"savedShapes":["portrait","tall"],"sourceEditsUnchanged":true,"reusableOutputStyle":true,"activeBackCleanup":true,"pendingShareRetained":true}
  story exports: both shapes, frozen ordered outputs, exact 1/4/8 references, partial failure and retry-only-failed, pause/continue, phone 200% text, native decode/download, activated share, saved choices and cleanup
  project storage: separate deduplicated assets, legacy preservation, atomic quota failure, future-version fence and lossless binary backup
verify:browser PASS
  editor/batch/folder workflows, six-tool phone layout and native sheets, theme/200% text checks, imports, real PNG/JPEG output, presets/overrides, edits/history, cancellation/retry, folder pause/resume, repaired-source retry, recovery, and local-data controls
  no image uploads, external network requests, or browser console errors
  individual download event: observed
