
> preverify
> npm run check:runtime


> check:runtime
> node scripts/stage-pillow-runtime.mjs --check

Pillow-RS 12.2.0-alpha.1: paired runtime integrity verified.

> verify
> node scripts/verify.mjs && npm run verify:scheduler && npm run verify:project-model

verify: PASS
  real WASM transforms: PNG fit/crop/rotate/flip/adjustments, exact decoded pixels, PNG bytes, decoded dimensions, output-size guard
  real input decoders: JPEG, BMP, WebP, GIF, TIFF, ICO, EXIF-JPEG fixture paths, corrupt-input rejection
  real format contract: runtime-verified output formats png, jpeg; JPEG alpha flattening, fixed settings and rejection of PNG-only masquerading
  large-folder contract: 100k metadata-only manifest, bounded virtual rows/workers, collision-safe paths, direct folder output, no archive path
  contract checks: editor modules, readiness separation, revisions, capability-driven formats, Low/Medium/High quality gating, metadata-only download, presets, selection, append imports, animated-input safety, duplicate identity, byte/output pixel guards, memory-aware worker parallelism, bounded worker failure handling, relative apply-to-all edits, shared-recipe/per-item override merge, explicit recipe scope, mixed-shape framing review, unified tray selection, versioned session and large-job recovery

> verify:scheduler
> node --test tests/processing.test.mjs tests/processing-startup.test.mjs

✔ initial Auto admission follows real arrivals, then stops speculative growth at the first useful result (13.964542ms)
✔ a completed short probe cannot be enlarged merely by later arrivals or header inspection (1.8095ms)
✔ cancelled initial work and pressure do not reopen the speculative arrival phase (1.376709ms)
✔ a wider initial limit still counts retained sources, terminal outputs and actual reads against memory (0.645417ms)
✔ Auto challenges an unproven initial size when 1 workers already saturate useful throughput (4.018375ms)
✔ Auto challenges an unproven initial size when 2 workers already saturate useful throughput (3.788375ms)
✔ an unfinished downward probe restores the measured good limit on cancel (2.020334ms)
✔ an unfinished downward probe restores the measured good limit on drain (1.29ms)
✔ the initial eight-worker bound does not cap later measured concurrency on a larger budget (1.760125ms)
✔ another work class cannot certify a lower-count trial, and pressure cancels its old baseline (2.15275ms)
✔ admission defers copies, shares CPU across worker kinds, and reuses an idle engine (13.530625ms)
✔ current-image priority, FIFO ties, and aging prevent starvation (1.135333ms)
✔ memory admission counts retained data, active output and idle heaps (1.208375ms)
✔ explicit high concurrency is not capped at four and never exceeds CPU tokens (1.467042ms)
✔ text admission includes its RGBA surfaces and custom fonts before dispatch (0.863958ms)
✔ cancel kills synchronous work, drops stale messages, and does not prepare queued sources (0.717291ms)
✔ worker death and task timeout release all reservations and permit retry (26.748959ms)
✔ cancelled asynchronous source reads retain memory credit until they settle (0.554959ms)
✔ reentrant completion can close a logical client without destroying reusable workers (0.357708ms)
✔ closing during a grouped worker-start failure cannot dispatch later cancelled tasks (0.341291ms)
✔ allocation estimates reject oversized sources and budget the full current preview path (0.091875ms)
✔ Auto grows on useful work, retreats without throughput gain, and observes cooldown (2.502ms)
✔ interleaved header inspection and mixed image sizes do not erase Auto calibration (2.362042ms)
✔ header-only work does not calibrate image throughput (1.211625ms)
✔ Auto keeps the eight-sample growth gate and checks whether fewer provisional workers suffice (2.076708ms)
✔ Auto preserves a serial start with a missing memory hint (0.375042ms)
✔ Auto preserves a serial start with a small memory hint (0.325625ms)
✔ Auto preserves a serial start with a small CPU hint (0.332ms)
✔ Auto does not start an extra worker for short edits or from queued inspections (0.521459ms)
✔ the initial Auto probe cannot bypass retained memory or output reservations (0.474042ms)
✔ pressure suppresses the initial Auto probe even after cooldown and an unchanged configure call (0.309542ms)
✔ Auto retains useful concurrency without counting idle time between collections (2.837875ms)
✔ Auto discards an unfinished measurement when the queue drains by success (0.4575ms)
✔ Auto discards an unfinished measurement when the queue drains by render-error (0.327542ms)
✔ Auto discards an unfinished measurement when the queue drains by cancel (0.295916ms)
✔ Auto discards an unfinished measurement when the queue drains by prepare-error (0.271625ms)
✔ Auto discards an unfinished measurement when the queue drains by cancel-queued (0.245958ms)
✔ an oversized idle WASM heap is retired before admitting smaller work (0.286166ms)
ℹ tests 38
ℹ suites 0
ℹ pass 38
ℹ fail 0
ℹ cancelled 0
ℹ skipped 0
ℹ todo 0
ℹ duration_ms 101.079625

> verify:project-model
> node --test tests/scene-collection.test.mjs tests/folder-source.test.mjs tests/folder-sample.test.mjs tests/project.test.mjs tests/story-layout.test.mjs tests/story-export.test.mjs tests/story-designs.test.mjs tests/story-fonts.test.mjs tests/working-copies.test.mjs tests/source-resolution.test.mjs tests/folder-contract.test.mjs tests/styles.test.mjs tests/legacy-styles.test.mjs tests/recipe-catalog.test.mjs tests/recipe-selection.test.mjs tests/photo-look.test.mjs tests/masks.test.mjs tests/depth.test.mjs tests/connections.test.mjs tests/cutout-effects.test.mjs tests/render-diagnostics.test.mjs

✔ connected copy preserves its source, shares the mask, and spans the same join in both shapes (25.863041ms)
✔ create, position, mask edit and remove are atomic and reversible, with no shared-mask deletion (11.453709ms)
✔ connected pairs move together past neighboring blocks and retain local geometry (10.418375ms)
✔ changing the joined pair carries depth text and removing the copy leaves originals intact (3.09125ms)
✔ connection validation rejects split pairs, unilateral overrides and unknown connection schemas (4.735541ms)
✔ variant positioning, layout and styles preserve connections without counting decorative copies as sources (15.475083ms)
✔ disk dilation agrees with an independent neighborhood oracle for soft masks, thin edges and transparent borders (12.4145ms)
✔ depth decoration agrees with an independent three-layer composition and protects opaque subjects (0.528291ms)
✔ effects persist through grouped history, connected copies, mask removal and reattachment (20.499916ms)
✔ schema rejects unsupported fields, non-image effects and unbounded or invalid parameters (1.509292ms)
✔ planning includes off-page effect support and reserves padded rendering before admission (1.809709ms)
✔ reusable finishes share only effect parameters and apply to existing subject selections in scope (7.359792ms)
✔ depth preserves source alpha and matches an independently split layer stack (1.940709ms)
✔ page background composites the extracted subject once over the title (0.213959ms)
✔ depth title creation and edits form one undoable project operation (17.912375ms)
✔ depth relationships reject dangling, reordered, shared or incompatible titles (6.291625ms)
✔ depth geometry follows photo frame, rotation and both output variants (5.079084ms)
✔ looks and missing-mask fallback preserve title edits, while styles exclude private links (5.29625ms)
✔ new folder jobs pin the renderer without sharing mutable contract objects (1.240208ms)
✔ older and unknown contracts remain identifiable instead of silently adopting this renderer (0.234ms)
✔ recipe hashes are canonical and include actual text and all recipe parameters (16.735ms)
✔ both stale queued edits and altered persisted recipes fail against the frozen identity (6.580958ms)
✔ font snapshots enforce unique identities, exact fields and per-font and total bounds (1.164625ms)
✔ folder samples cover format maxima, smallest source and discovery positions without modifying entries (58.662459ms)
✔ JPEG/TIFF aliases share format buckets; ties are deterministic and small sets stay bounded (0.28975ms)
✔ processing estimates require observed completions and useful elapsed time (0.112708ms)
✔ source identities reject unknown fields, malformed digests and unbounded metadata (0.553167ms)
✔ first inspection binds immutable content, including replacements with identical metadata (0.215834ms)
✔ explicit failed retry accepts one repair and never changes a journaled source (0.101583ms)
✔ all destination presets become versioned outputs with identical identity, parameters and order (6.4875ms)
✔ private legacy definitions preserve original fields and text, and do not enter public style sharing (1.3425ms)
✔ a consumer resolves the copied revision rather than mutable wrapper operations (0.536542ms)
✔ unsupported output and compression intents remain identifiable until an explicit replacement (1.51525ms)
✔ folder jobs freeze the complete style and preserve relative crop, transforms and local recipe parameters (0.302541ms)
✔ unknown engine identities remain preserved but cannot execute as the current renderer (0.251292ms)
✔ migration rejects malformed executable, oversized and out-of-range data without coercing intent (1.624542ms)
✔ mask brushes preserve untouched pixels and support erase/restore with soft opacity (0.624958ms)
✔ one stroke is independent of point density and retracing (3.380709ms)
✔ a one-source-pixel brush can repair a large image without touching neighbors (27.482292ms)
✔ detail areas preserve source coordinates at every zoom and edge, with bounded allocation (0.660041ms)
✔ mask brush and memory bounds reject malformed work before allocation (0.154875ms)
✔ a cutout is one reversible asset edit and global looks preserve mask/crop (17.951208ms)
✔ mask removal preserves shared assets and bounded history keeps undo dependencies (16.023292ms)
✔ photo colors are frozen independently of story layout, typography and output (4.378916ms)
✔ malformed, out-of-range and unsupported photo looks fail before rendering (10.038417ms)
✔ all/selected/this look application and undo preserve unrelated manual corrections (1.738625ms)
✔ a stale look undo cannot overwrite a later look and empty selections do not mutate (3.1125ms)
✔ folder recipes copy the chosen look and its base output recipe without following library updates (2.712834ms)
✔ look and downsampled output previews reserve their additional memory and have distinct timing classes (1.4785ms)
✔ recovery rejects future shared and per-image look metadata before restoring the set (4.008166ms)
✔ project renderer identity matches the actual pinned runtime bytes (32.509208ms)
✔ legacy migration preserves IDs, fractional pixel crops and exact transform order (2.9525ms)
✔ the shared text renderer upgrades only the known old identity and leaves original intent intact (0.837667ms)
✔ serialized projects preserve exact PNG and JPEG output bytes through the published engine (67.887292ms)
✔ many previews commit one reversible action and cancel restores the prior edit (9.276792ms)
✔ new edits discard redo; command history is bounded and contains no source data (40.821708ms)
✔ shared appearance resolves before node settings and local overrides without removing crops/masks (0.362ms)
✔ connected geometry resolves per viewport in both ratios and tracks its stable anchor on reorder (0.385167ms)
✔ replacing a source invalidates only dependent slides and preserves unrelated local edits (0.501875ms)
✔ bad references, unknown schemas, code, remote assets and binary payloads are rejected (0.757041ms)
✔ scene styles reject unsupported operations and preview dimensions stay bounded (1.146042ms)
✔ image placement preserves crop bounds, cover focal edges and clockwise rotation (0.151791ms)
✔ the story assembler places every chosen photo exactly once at both count extremes and both ratios (61.075791ms)
✔ story look strength and reversible layout changes preserve captions, sources, focal points and crops (11.678583ms)
✔ story reorder moves stable slides and updates numbering as one reversible command (3.055916ms)
✔ legacy catalog parsing preserves complete data and fences unknown/malformed/duplicate records (1.294ms)
✔ independent creates from the same snapshot merge without overwriting catalog entries (4.469334ms)
✔ stale edits and edit/delete races cannot replace a newer version (0.882292ms)
✔ a stale create cannot resurrect an ID created and then deleted since its snapshot (0.688167ms)
✔ an exact retry is idempotent and a reused operation ID with different payload is refused (0.613917ms)
✔ bounded receipts reject retries older than the retained history instead of replaying them (25.711208ms)
✔ clearing advances the generation so pending work from any tab cannot recreate recipes (0.39ms)
✔ catalog validation fences future schemas, missing histories, duplicate entries and extra fields (0.321709ms)
✔ one ID can have independently selected immutable revisions without rebinding to a library update (3.887166ms)
✔ selection identities distinguish separator-bearing IDs and unversioned saved copies (0.283292ms)
✔ duplicate identities with different immutable definitions fail instead of picking one (0.484375ms)
✔ new recovery references reject missing revisions, wrong IDs, extra items and future formats (2.737833ms)
✔ old ID-only recovery selects its frozen copy before consulting the library and keeps source buffers (0.655334ms)
✔ new snapshots reopen all selected revisions without a library and remain independent of its removal (0.335167ms)
✔ oldest custom recipes require a deliberate choice even when a current copy has the same ID (0.726667ms)
✔ historical built-ins are resolved from the frozen baseline, independently of current catalog changes (0.258459ms)
✔ complete saved image state preserves absolute edits without inventing the original custom definition (1.972208ms)
✔ partial patches never masquerade as complete saved state, and malformed state is not silently replaced (0.592834ms)
✔ opt-in timing observations preserve complete PNG/JPEG outputs and ordinary result shape (5.281458ms)
✔ story collections validate exact bounded selections, formats and shapes (1.917333ms)
✔ group snapshots bind copied edits, order, format and variants before outputs are claimed (34.877625ms)
✔ equal story names still produce unique group paths, source identities and complete output counts (7.921125ms)
✔ group preparation rejects changed asset sizes and malformed saved asset identities (2.692791ms)
✔ one conversion preserves edited and connected scene metadata, parent masks and one-step undo (69.558ms)
✔ restoring after cutout painting resizes the current mask instead of restoring a stale parent (8.318459ms)
✔ old copies remain readable, verified parent hashes control caching, and referenced masks cannot be deleted (12.313875ms)
✔ admission includes full source and upscaled target before reads; malformed output never changes the input (7.548625ms)
✔ partial failure and cancellation drain all copy tasks before releasing output ownership (4.740875ms)
✔ conversion without a mask stays mask-free; copies reject invalid direction, geometry and reservations before decoding (4.364416ms)
✔ story byte limits and sibling failure leave no partial assets or retained copies (6.080291ms)
✔ three frozen story recipes remain separate from the existing color-look revisions (55.516958ms)
✔ all recipes preserve every photo and caption across counts, orientations and both output shapes (2710.602792ms)
✔ photo decorations follow manual frames and rotation using photo-relative geometry (11.195792ms)
✔ recipe replacement removes only owned decorations and preserves local photo/word repairs through undo (56.064958ms)
✔ Depth cover requires the cover mask, targets only that photo and preserves an existing title (12.578958ms)
✔ Depth cover fills the available frame in both shapes while preserving editable source crop and mask (26.009667ms)
✔ recipe color strength leaves layout, typography, captions and subject selection identical (62.874583ms)
✔ new source reflow keeps decorations attached and old saved stories do not acquire a design (23.863292ms)
✔ untrusted designs and attachments cannot add executable fields, unbounded data or unrelated owners (18.019917ms)
✔ both shapes have a complete, ordered output manifest with unique filenames and independent metadata (7.935375ms)
✔ legacy single-shape filenames and saved export selections survive without changing preview shape (3.804208ms)
✔ invalid, unavailable, duplicate and unbounded export choices fail before rendering (4.477625ms)
✔ output-only saved styles retain both shapes and legacy styles still choose exactly one (10.9445ms)
✔ one failed output preserves all successes, ordered results and the exact frozen retry (3.03975ms)
✔ pausing preserves ready files and rejects late output ownership; continuing runs only pending items (5.294291ms)
✔ closing a batch cancels admitted work and ignores all later completion notifications (1.653958ms)
✔ synchronous render and output-retention failures are isolated to their own output (0.932375ms)
✔ the unmodified font pack binds four binaries, licenses, descriptors and coverage to pinned source hashes (26.279209ms)
✔ revision-two recipes freeze licensed fonts while revision one remains independent and asset-free (111.32675ms)
✔ saved text and depth styles share only pinned font references and preserve one-step undo (25.3905ms)
✔ font declarations reject unsafe/private fields and preserve unavailable imports without substitution (13.593792ms)
✔ unsupported glyphs and styles fail preflight; explicit device fallback keeps words and is reversible (16.805208ms)
✔ font fetches are pinned, bounded, hash-checked, cancellable and never accept recipe URLs (14.997959ms)
✔ shared font loading counts temporary bytes, cancels only the last consumer and reuses stored sources (0.96025ms)
✔ automatic layout actually changes the arrangement between portrait and tall (6.452333ms)
✔ an infeasible candidate does not discard another valid automatic arrangement (3.021125ms)
✔ every photo count and varied aspect/caption corpus fits rotated prints with consistent physical borders (524.441042ms)
✔ output frames resolve with local precedence and invalidate only their own variant (2.017875ms)
✔ reflow preserves masks, crop rounding, captions, focal points and local appearance as one undo (7.547ms)
✔ manual positions survive replacement/reflow; explicit reset removes only position overrides (3.5475ms)
✔ replacing a portrait with landscape and extending a caption reflows only the dependent slide (4.368042ms)
✔ old stories stay unchanged until explicit adaptation; reopening uses frozen frames (2.627708ms)
✔ malformed variant maps, sizing bases and layout definitions fail before editing (4.880084ms)
✔ style capture exports only chosen reusable settings, with no photos, masks, captions, crops or node IDs (25.144458ms)
✔ single-slide layout styles cannot alter another slide's present or future reflow (23.721667ms)
✔ look strength has deterministic endpoints and preserves source-specific edits (15.367667ms)
✔ layout application keeps manual positions by default; explicit reset preserves crop/appearance/text overrides (32.324208ms)
✔ style previews produce one undo and copy the immutable definition through serialization (26.314292ms)
✔ custom fonts and unrecognized layouts require an explicit supported alternative when saving (3.077042ms)
✔ unsupported requirements and engines import as identifiable styles but cannot be applied (2.28525ms)
✔ malformed imports reject executable, remote, private, oversized and out-of-range content (1.343208ms)
✔ text-only styles reflow the selected slide while keeping old static stories static (10.977583ms)
✔ depth styles capture bounded relative settings without private words, masks, identities or font assets (2.980084ms)
✔ depth style applies once to selected masked photos, preserves words and repairs, and reports incompatible scope (5.856333ms)
✔ depth styles keep existing words and positions by default, offer explicit reset, and undo as one change (9.474125ms)
✔ depth style scope updates both halves of a connected subject and creates one shared title (5.743542ms)
✔ depth style imports reject private fields, remote fonts, missing capabilities and invalid placement or type (2.821208ms)
✔ editing copies keep original identity and dimensions; invalid lineage and original deletion are atomic failures (10.309916ms)
✔ reducing is explicit; original imports and already-small images keep their exact bytes (3.738125ms)
✔ copy generation reserves the full source decode, rereads only after admission and transfers output ownership (3.018167ms)
✔ memory rejection precedes the second source read; changed originals and malformed copy output cannot be accepted (6.581292ms)
✔ cancelled imports drain all consumers before releasing retained originals and leave no partial project (1.32825ms)
ℹ tests 147
ℹ suites 0
ℹ pass 147
ℹ fail 0
ℹ cancelled 0
ℹ skipped 0
ℹ todo 0
ℹ duration_ms 3171.958209
