
> preverify
> npm run check:runtime


> check:runtime
> node scripts/stage-pillow-runtime.mjs --check

Pillow-RS 12.2.0-alpha.1: paired runtime integrity verified.

> verify
> node scripts/verify.mjs && npm run verify:scheduler && npm run verify:project-model

verify: PASS
  real WASM transforms: PNG fit/crop/rotate/flip/adjustments, exact decoded pixels, PNG bytes, decoded dimensions, output-size guard
  real input decoders: JPEG, BMP, WebP, GIF, TIFF, ICO, EXIF-JPEG fixture paths, corrupt-input rejection
  real format contract: runtime-verified output formats png, jpeg; JPEG alpha flattening, fixed settings and rejection of PNG-only masquerading
  large-folder contract: 100k metadata-only manifest, bounded virtual rows/workers, collision-safe paths, direct folder output, no archive path
  contract checks: editor modules, readiness separation, revisions, capability-driven formats, Low/Medium/High quality gating, metadata-only download, presets, selection, append imports, animated-input safety, duplicate identity, byte/output pixel guards, memory-aware worker parallelism, bounded worker failure handling, relative apply-to-all edits, shared-recipe/per-item override merge, explicit recipe scope, mixed-shape framing review, unified tray selection, versioned session and large-job recovery

> verify:scheduler
> node --test tests/processing.test.mjs

✔ admission defers copies, shares CPU across worker kinds, and reuses an idle engine (12.27475ms)
✔ current-image priority, FIFO ties, and aging prevent starvation (0.872333ms)
✔ memory admission counts retained data, active output and idle heaps (1.134625ms)
✔ explicit high concurrency is not capped at four and never exceeds CPU tokens (1.313208ms)
✔ text admission includes its RGBA surfaces and custom fonts before dispatch (0.764541ms)
✔ cancel kills synchronous work, drops stale messages, and does not prepare queued sources (0.614167ms)
✔ worker death and task timeout release all reservations and permit retry (26.087125ms)
✔ cancelled asynchronous source reads retain memory credit until they settle (0.464625ms)
✔ reentrant completion can close a logical client without destroying reusable workers (0.303958ms)
✔ closing during a grouped worker-start failure cannot dispatch later cancelled tasks (0.315708ms)
✔ allocation estimates reject oversized sources and budget the full current preview path (0.076583ms)
✔ Auto grows on useful work, retreats without throughput gain, and observes cooldown (2.27025ms)
✔ interleaved header inspection and mixed image sizes do not erase Auto calibration (2.085167ms)
✔ header-only work does not calibrate image throughput (1.095584ms)
✔ Auto starts a backlogged render batch with two workers and still measures subsequent growth (1.578958ms)
✔ Auto preserves a serial start with a missing memory hint (0.389416ms)
✔ Auto preserves a serial start with a small memory hint (0.334333ms)
✔ Auto preserves a serial start with a small CPU hint (0.296625ms)
✔ Auto does not start an extra worker for short edits or from queued inspections (0.480041ms)
✔ the initial Auto probe cannot bypass retained memory or output reservations (0.460417ms)
✔ pressure suppresses the initial Auto probe even after cooldown and an unchanged configure call (0.287ms)
✔ Auto retains useful concurrency without counting idle time between collections (2.871167ms)
✔ Auto discards an unfinished measurement when the queue drains by success (0.457334ms)
✔ Auto discards an unfinished measurement when the queue drains by render-error (0.313625ms)
✔ Auto discards an unfinished measurement when the queue drains by cancel (0.303875ms)
✔ Auto discards an unfinished measurement when the queue drains by prepare-error (0.250667ms)
✔ Auto discards an unfinished measurement when the queue drains by cancel-queued (0.261375ms)
✔ an oversized idle WASM heap is retired before admitting smaller work (0.3ms)
ℹ tests 28
ℹ suites 0
ℹ pass 28
ℹ fail 0
ℹ cancelled 0
ℹ skipped 0
ℹ todo 0
ℹ duration_ms 92.251292

> verify:project-model
> node --test tests/project.test.mjs tests/story-layout.test.mjs tests/story-designs.test.mjs tests/story-fonts.test.mjs tests/working-copies.test.mjs tests/source-resolution.test.mjs tests/styles.test.mjs tests/legacy-styles.test.mjs tests/recipe-catalog.test.mjs tests/recipe-selection.test.mjs tests/photo-look.test.mjs tests/masks.test.mjs tests/depth.test.mjs tests/connections.test.mjs tests/cutout-effects.test.mjs tests/render-diagnostics.test.mjs

✔ connected copy preserves its source, shares the mask, and spans the same join in both shapes (17.84175ms)
✔ create, position, mask edit and remove are atomic and reversible, with no shared-mask deletion (11.817875ms)
✔ connected pairs move together past neighboring blocks and retain local geometry (7.859334ms)
✔ changing the joined pair carries depth text and removing the copy leaves originals intact (2.243542ms)
✔ connection validation rejects split pairs, unilateral overrides and unknown connection schemas (21.290958ms)
✔ variant positioning, layout and styles preserve connections without counting decorative copies as sources (12.122667ms)
✔ disk dilation agrees with an independent neighborhood oracle for soft masks, thin edges and transparent borders (11.380667ms)
✔ depth decoration agrees with an independent three-layer composition and protects opaque subjects (0.540333ms)
✔ effects persist through grouped history, connected copies, mask removal and reattachment (17.189583ms)
✔ schema rejects unsupported fields, non-image effects and unbounded or invalid parameters (1.39925ms)
✔ planning includes off-page effect support and reserves padded rendering before admission (5.825125ms)
✔ reusable finishes share only effect parameters and apply to existing subject selections in scope (7.033959ms)
✔ depth preserves source alpha and matches an independently split layer stack (1.0285ms)
✔ page background composites the extracted subject once over the title (0.211125ms)
✔ depth title creation and edits form one undoable project operation (15.002417ms)
✔ depth relationships reject dangling, reordered, shared or incompatible titles (2.9935ms)
✔ depth geometry follows photo frame, rotation and both output variants (7.50875ms)
✔ looks and missing-mask fallback preserve title edits, while styles exclude private links (7.068542ms)
✔ all destination presets become versioned outputs with identical identity, parameters and order (2.175625ms)
✔ private legacy definitions preserve original fields and text, and do not enter public style sharing (0.627125ms)
✔ a consumer resolves the copied revision rather than mutable wrapper operations (0.22975ms)
✔ unsupported output and compression intents remain identifiable until an explicit replacement (0.955833ms)
✔ folder jobs freeze the complete style and preserve relative crop, transforms and local recipe parameters (0.247917ms)
✔ unknown engine identities remain preserved but cannot execute as the current renderer (0.30675ms)
✔ migration rejects malformed executable, oversized and out-of-range data without coercing intent (1.59275ms)
✔ mask brushes preserve untouched pixels and support erase/restore with soft opacity (0.626834ms)
✔ one stroke is independent of point density and retracing (1.459791ms)
✔ a one-source-pixel brush can repair a large image without touching neighbors (35.34825ms)
✔ detail areas preserve source coordinates at every zoom and edge, with bounded allocation (0.581417ms)
✔ mask brush and memory bounds reject malformed work before allocation (0.151917ms)
✔ a cutout is one reversible asset edit and global looks preserve mask/crop (20.139083ms)
✔ mask removal preserves shared assets and bounded history keeps undo dependencies (8.863417ms)
✔ photo colors are frozen independently of story layout, typography and output (4.128041ms)
✔ malformed, out-of-range and unsupported photo looks fail before rendering (8.124792ms)
✔ all/selected/this look application and undo preserve unrelated manual corrections (1.463917ms)
✔ a stale look undo cannot overwrite a later look and empty selections do not mutate (1.6085ms)
✔ folder recipes copy the chosen look and its base output recipe without following library updates (1.393333ms)
✔ look and downsampled output previews reserve their additional memory and have distinct timing classes (0.564084ms)
✔ recovery rejects future shared and per-image look metadata before restoring the set (1.720917ms)
✔ project renderer identity matches the actual pinned runtime bytes (20.342125ms)
✔ legacy migration preserves IDs, fractional pixel crops and exact transform order (3.009333ms)
✔ the shared text renderer upgrades only the known old identity and leaves original intent intact (2.912917ms)
✔ serialized projects preserve exact PNG and JPEG output bytes through the published engine (56.385209ms)
✔ many previews commit one reversible action and cancel restores the prior edit (1.109833ms)
✔ new edits discard redo; command history is bounded and contains no source data (31.23175ms)
✔ shared appearance resolves before node settings and local overrides without removing crops/masks (0.363458ms)
✔ connected geometry resolves per viewport in both ratios and tracks its stable anchor on reorder (0.369208ms)
✔ replacing a source invalidates only dependent slides and preserves unrelated local edits (0.486042ms)
✔ bad references, unknown schemas, code, remote assets and binary payloads are rejected (0.764875ms)
✔ scene styles reject unsupported operations and preview dimensions stay bounded (1.21625ms)
✔ image placement preserves crop bounds, cover focal edges and clockwise rotation (0.151542ms)
✔ the story assembler places every chosen photo exactly once at both count extremes and both ratios (45.953708ms)
✔ story look strength and reversible layout changes preserve captions, sources, focal points and crops (5.601917ms)
✔ story reorder moves stable slides and updates numbering as one reversible command (4.084625ms)
✔ legacy catalog parsing preserves complete data and fences unknown/malformed/duplicate records (1.2065ms)
✔ independent creates from the same snapshot merge without overwriting catalog entries (4.422875ms)
✔ stale edits and edit/delete races cannot replace a newer version (0.814625ms)
✔ a stale create cannot resurrect an ID created and then deleted since its snapshot (0.533ms)
✔ an exact retry is idempotent and a reused operation ID with different payload is refused (2.165084ms)
✔ bounded receipts reject retries older than the retained history instead of replaying them (23.459959ms)
✔ clearing advances the generation so pending work from any tab cannot recreate recipes (0.251708ms)
✔ catalog validation fences future schemas, missing histories, duplicate entries and extra fields (0.255833ms)
✔ one ID can have independently selected immutable revisions without rebinding to a library update (2.593042ms)
✔ selection identities distinguish separator-bearing IDs and unversioned saved copies (0.224917ms)
✔ duplicate identities with different immutable definitions fail instead of picking one (0.398083ms)
✔ new recovery references reject missing revisions, wrong IDs, extra items and future formats (4.124791ms)
✔ old ID-only recovery selects its frozen copy before consulting the library and keeps source buffers (1.061333ms)
✔ new snapshots reopen all selected revisions without a library and remain independent of its removal (0.267125ms)
✔ oldest custom recipes require a deliberate choice even when a current copy has the same ID (0.687ms)
✔ historical built-ins are resolved from the frozen baseline, independently of current catalog changes (0.3225ms)
✔ complete saved image state preserves absolute edits without inventing the original custom definition (1.852416ms)
✔ partial patches never masquerade as complete saved state, and malformed state is not silently replaced (0.417959ms)
✔ opt-in timing observations preserve complete PNG/JPEG outputs and ordinary result shape (5.330166ms)
✔ one conversion preserves edited and connected scene metadata, parent masks and one-step undo (54.036334ms)
✔ restoring after cutout painting resizes the current mask instead of restoring a stale parent (8.709333ms)
✔ old copies remain readable, verified parent hashes control caching, and referenced masks cannot be deleted (7.286958ms)
✔ admission includes full source and upscaled target before reads; malformed output never changes the input (3.730792ms)
✔ partial failure and cancellation drain all copy tasks before releasing output ownership (5.504458ms)
✔ conversion without a mask stays mask-free; copies reject invalid direction, geometry and reservations before decoding (5.103667ms)
✔ story byte limits and sibling failure leave no partial assets or retained copies (3.3275ms)
✔ three frozen story recipes remain separate from the existing color-look revisions (16.154959ms)
✔ all recipes preserve every photo and caption across counts, orientations and both output shapes (2574.680959ms)
✔ photo decorations follow manual frames and rotation using photo-relative geometry (9.997583ms)
✔ recipe replacement removes only owned decorations and preserves local photo/word repairs through undo (53.131542ms)
✔ Depth cover requires the cover mask, targets only that photo and preserves an existing title (11.746333ms)
✔ Depth cover fills the available frame in both shapes while preserving editable source crop and mask (23.838625ms)
✔ recipe color strength leaves layout, typography, captions and subject selection identical (53.069667ms)
✔ new source reflow keeps decorations attached and old saved stories do not acquire a design (23.410542ms)
✔ untrusted designs and attachments cannot add executable fields, unbounded data or unrelated owners (14.527958ms)
✔ the unmodified font pack binds four binaries, licenses, descriptors and coverage to pinned source hashes (19.570541ms)
✔ revision-two recipes freeze licensed fonts while revision one remains independent and asset-free (95.144334ms)
✔ saved text and depth styles share only pinned font references and preserve one-step undo (20.542167ms)
✔ font declarations reject unsafe/private fields and preserve unavailable imports without substitution (12.964084ms)
✔ unsupported glyphs and styles fail preflight; explicit device fallback keeps words and is reversible (16.368125ms)
✔ font fetches are pinned, bounded, hash-checked, cancellable and never accept recipe URLs (14.075625ms)
✔ shared font loading counts temporary bytes, cancels only the last consumer and reuses stored sources (0.782459ms)
✔ automatic layout actually changes the arrangement between portrait and tall (4.626917ms)
✔ an infeasible candidate does not discard another valid automatic arrangement (2.03075ms)
✔ every photo count and varied aspect/caption corpus fits rotated prints with consistent physical borders (467.642459ms)
✔ output frames resolve with local precedence and invalidate only their own variant (1.976459ms)
✔ reflow preserves masks, crop rounding, captions, focal points and local appearance as one undo (7.44925ms)
✔ manual positions survive replacement/reflow; explicit reset removes only position overrides (3.545416ms)
✔ replacing a portrait with landscape and extending a caption reflows only the dependent slide (4.379583ms)
✔ old stories stay unchanged until explicit adaptation; reopening uses frozen frames (2.601709ms)
✔ malformed variant maps, sizing bases and layout definitions fail before editing (4.899833ms)
✔ style capture exports only chosen reusable settings, with no photos, masks, captions, crops or node IDs (9.355625ms)
✔ single-slide layout styles cannot alter another slide's present or future reflow (21.389542ms)
✔ look strength has deterministic endpoints and preserves source-specific edits (10.528958ms)
✔ layout application keeps manual positions by default; explicit reset preserves crop/appearance/text overrides (32.300375ms)
✔ style previews produce one undo and copy the immutable definition through serialization (23.103833ms)
✔ custom fonts and unrecognized layouts require an explicit supported alternative when saving (1.515875ms)
✔ unsupported requirements and engines import as identifiable styles but cannot be applied (1.706125ms)
✔ malformed imports reject executable, remote, private, oversized and out-of-range content (1.082458ms)
✔ text-only styles reflow the selected slide while keeping old static stories static (8.131541ms)
✔ depth styles capture bounded relative settings without private words, masks, identities or font assets (2.386625ms)
✔ depth style applies once to selected masked photos, preserves words and repairs, and reports incompatible scope (5.016667ms)
✔ depth styles keep existing words and positions by default, offer explicit reset, and undo as one change (8.985416ms)
✔ depth style scope updates both halves of a connected subject and creates one shared title (5.615042ms)
✔ depth style imports reject private fields, remote fonts, missing capabilities and invalid placement or type (2.375875ms)
✔ editing copies keep original identity and dimensions; invalid lineage and original deletion are atomic failures (10.49625ms)
✔ reducing is explicit; original imports and already-small images keep their exact bytes (4.013917ms)
✔ copy generation reserves the full source decode, rereads only after admission and transfers output ownership (2.739334ms)
✔ memory rejection precedes the second source read; changed originals and malformed copy output cannot be accepted (3.052709ms)
✔ cancelled imports drain all consumers before releasing retained originals and leave no partial project (1.69525ms)
ℹ tests 124
ℹ suites 0
ℹ pass 124
ℹ fail 0
ℹ cancelled 0
ℹ skipped 0
ℹ todo 0
ℹ duration_ms 2918.562792
