
> verify:project-model
> node --test tests/project.test.mjs tests/story-layout.test.mjs tests/story-designs.test.mjs tests/story-fonts.test.mjs tests/working-copies.test.mjs tests/styles.test.mjs tests/legacy-styles.test.mjs tests/recipe-catalog.test.mjs tests/recipe-selection.test.mjs tests/photo-look.test.mjs tests/masks.test.mjs tests/depth.test.mjs tests/connections.test.mjs tests/cutout-effects.test.mjs tests/render-diagnostics.test.mjs

✔ connected copy preserves its source, shares the mask, and spans the same join in both shapes (18.397542ms)
✔ create, position, mask edit and remove are atomic and reversible, with no shared-mask deletion (10.602084ms)
✔ connected pairs move together past neighboring blocks and retain local geometry (5.455833ms)
✔ changing the joined pair carries depth text and removing the copy leaves originals intact (2.156709ms)
✔ connection validation rejects split pairs, unilateral overrides and unknown connection schemas (5.704792ms)
✔ variant positioning, layout and styles preserve connections without counting decorative copies as sources (11.568916ms)
✔ disk dilation agrees with an independent neighborhood oracle for soft masks, thin edges and transparent borders (11.51ms)
✔ depth decoration agrees with an independent three-layer composition and protects opaque subjects (1.189958ms)
✔ effects persist through grouped history, connected copies, mask removal and reattachment (17.655375ms)
✔ schema rejects unsupported fields, non-image effects and unbounded or invalid parameters (3.585042ms)
✔ planning includes off-page effect support and reserves padded rendering before admission (1.8785ms)
✔ reusable finishes share only effect parameters and apply to existing subject selections in scope (10.586792ms)
✔ depth preserves source alpha and matches an independently split layer stack (1.251875ms)
✔ page background composites the extracted subject once over the title (0.215166ms)
✔ depth title creation and edits form one undoable project operation (18.57375ms)
✔ depth relationships reject dangling, reordered, shared or incompatible titles (6.14425ms)
✔ depth geometry follows photo frame, rotation and both output variants (7.531916ms)
✔ looks and missing-mask fallback preserve title edits, while styles exclude private links (11.2465ms)
✔ all destination presets become versioned outputs with identical identity, parameters and order (2.866833ms)
✔ private legacy definitions preserve original fields and text, and do not enter public style sharing (1.456666ms)
✔ a consumer resolves the copied revision rather than mutable wrapper operations (0.692708ms)
✔ unsupported output and compression intents remain identifiable until an explicit replacement (1.433083ms)
✔ folder jobs freeze the complete style and preserve relative crop, transforms and local recipe parameters (0.270291ms)
✔ unknown engine identities remain preserved but cannot execute as the current renderer (0.242209ms)
✔ migration rejects malformed executable, oversized and out-of-range data without coercing intent (3.445292ms)
✔ mask brushes preserve untouched pixels and support erase/restore with soft opacity (0.61525ms)
✔ one stroke is independent of point density and retracing (1.78575ms)
✔ a one-source-pixel brush can repair a large image without touching neighbors (34.545875ms)
✔ detail areas preserve source coordinates at every zoom and edge, with bounded allocation (0.6315ms)
✔ mask brush and memory bounds reject malformed work before allocation (0.158916ms)
✔ a cutout is one reversible asset edit and global looks preserve mask/crop (15.964125ms)
✔ mask removal preserves shared assets and bounded history keeps undo dependencies (11.157459ms)
✔ photo colors are frozen independently of story layout, typography and output (4.213875ms)
✔ malformed, out-of-range and unsupported photo looks fail before rendering (12.58275ms)
✔ all/selected/this look application and undo preserve unrelated manual corrections (1.201ms)
✔ a stale look undo cannot overwrite a later look and empty selections do not mutate (1.965542ms)
✔ folder recipes copy the chosen look and its base output recipe without following library updates (2.380709ms)
✔ look and downsampled output previews reserve their additional memory and have distinct timing classes (1.198959ms)
✔ recovery rejects future shared and per-image look metadata before restoring the set (1.823458ms)
✔ project renderer identity matches the actual pinned runtime bytes (21.091959ms)
✔ legacy migration preserves IDs, fractional pixel crops and exact transform order (3.5985ms)
✔ the shared text renderer upgrades only the known old identity and leaves original intent intact (2.126541ms)
✔ serialized projects preserve exact PNG and JPEG output bytes through the published engine (61.114333ms)
✔ many previews commit one reversible action and cancel restores the prior edit (2.084208ms)
✔ new edits discard redo; command history is bounded and contains no source data (36.492208ms)
✔ shared appearance resolves before node settings and local overrides without removing crops/masks (0.381791ms)
✔ connected geometry resolves per viewport in both ratios and tracks its stable anchor on reorder (0.378917ms)
✔ replacing a source invalidates only dependent slides and preserves unrelated local edits (0.488625ms)
✔ bad references, unknown schemas, code, remote assets and binary payloads are rejected (0.771959ms)
✔ scene styles reject unsupported operations and preview dimensions stay bounded (1.426875ms)
✔ image placement preserves crop bounds, cover focal edges and clockwise rotation (0.154417ms)
✔ the story assembler places every chosen photo exactly once at both count extremes and both ratios (42.114791ms)
✔ story look strength and reversible layout changes preserve captions, sources, focal points and crops (7.538958ms)
✔ story reorder moves stable slides and updates numbering as one reversible command (2.201167ms)
✔ legacy catalog parsing preserves complete data and fences unknown/malformed/duplicate records (1.251667ms)
✔ independent creates from the same snapshot merge without overwriting catalog entries (2.324084ms)
✔ stale edits and edit/delete races cannot replace a newer version (0.320458ms)
✔ a stale create cannot resurrect an ID created and then deleted since its snapshot (0.266083ms)
✔ an exact retry is idempotent and a reused operation ID with different payload is refused (0.244958ms)
✔ bounded receipts reject retries older than the retained history instead of replaying them (22.843458ms)
✔ clearing advances the generation so pending work from any tab cannot recreate recipes (0.342334ms)
✔ catalog validation fences future schemas, missing histories, duplicate entries and extra fields (0.40225ms)
✔ one ID can have independently selected immutable revisions without rebinding to a library update (4.484625ms)
✔ selection identities distinguish separator-bearing IDs and unversioned saved copies (0.246333ms)
✔ duplicate identities with different immutable definitions fail instead of picking one (2.631417ms)
✔ new recovery references reject missing revisions, wrong IDs, extra items and future formats (3.318375ms)
✔ old ID-only recovery selects its frozen copy before consulting the library and keeps source buffers (0.701083ms)
✔ new snapshots reopen all selected revisions without a library and remain independent of its removal (0.285458ms)
✔ oldest custom recipes require a deliberate choice even when a current copy has the same ID (1.983ms)
✔ historical built-ins are resolved from the frozen baseline, independently of current catalog changes (0.282917ms)
✔ complete saved image state preserves absolute edits without inventing the original custom definition (2.05725ms)
✔ partial patches never masquerade as complete saved state, and malformed state is not silently replaced (0.455667ms)
✔ opt-in timing observations preserve complete PNG/JPEG outputs and ordinary result shape (5.335625ms)
✔ three frozen story recipes remain separate from the existing color-look revisions (16.0685ms)
✔ all recipes preserve every photo and caption across counts, orientations and both output shapes (2649.124042ms)
✔ photo decorations follow manual frames and rotation using photo-relative geometry (10.185333ms)
✔ recipe replacement removes only owned decorations and preserves local photo/word repairs through undo (55.580209ms)
✔ Depth cover requires the cover mask, targets only that photo and preserves an existing title (13.068459ms)
✔ Depth cover fills the available frame in both shapes while preserving editable source crop and mask (24.747ms)
✔ recipe color strength leaves layout, typography, captions and subject selection identical (55.74675ms)
✔ new source reflow keeps decorations attached and old saved stories do not acquire a design (22.671917ms)
✔ untrusted designs and attachments cannot add executable fields, unbounded data or unrelated owners (15.312292ms)
✔ the unmodified font pack binds four binaries, licenses, descriptors and coverage to pinned source hashes (17.671417ms)
✔ revision-two recipes freeze licensed fonts while revision one remains independent and asset-free (93.966708ms)
✔ saved text and depth styles share only pinned font references and preserve one-step undo (22.557792ms)
✔ font declarations reject unsafe/private fields and preserve unavailable imports without substitution (13.170958ms)
✔ unsupported glyphs and styles fail preflight; explicit device fallback keeps words and is reversible (16.917416ms)
✔ font fetches are pinned, bounded, hash-checked, cancellable and never accept recipe URLs (15.259208ms)
✔ shared font loading counts temporary bytes, cancels only the last consumer and reuses stored sources (0.722625ms)
✔ automatic layout actually changes the arrangement between portrait and tall (4.8545ms)
✔ an infeasible candidate does not discard another valid automatic arrangement (1.459834ms)
✔ every photo count and varied aspect/caption corpus fits rotated prints with consistent physical borders (464.631416ms)
✔ output frames resolve with local precedence and invalidate only their own variant (1.967959ms)
✔ reflow preserves masks, crop rounding, captions, focal points and local appearance as one undo (7.662542ms)
✔ manual positions survive replacement/reflow; explicit reset removes only position overrides (3.791334ms)
✔ replacing a portrait with landscape and extending a caption reflows only the dependent slide (4.652541ms)
✔ old stories stay unchanged until explicit adaptation; reopening uses frozen frames (2.951166ms)
✔ malformed variant maps, sizing bases and layout definitions fail before editing (4.569917ms)
✔ style capture exports only chosen reusable settings, with no photos, masks, captions, crops or node IDs (8.852834ms)
✔ single-slide layout styles cannot alter another slide's present or future reflow (16.631625ms)
✔ look strength has deterministic endpoints and preserves source-specific edits (14.378334ms)
✔ layout application keeps manual positions by default; explicit reset preserves crop/appearance/text overrides (32.862791ms)
✔ style previews produce one undo and copy the immutable definition through serialization (21.057ms)
✔ custom fonts and unrecognized layouts require an explicit supported alternative when saving (1.638709ms)
✔ unsupported requirements and engines import as identifiable styles but cannot be applied (1.574459ms)
✔ malformed imports reject executable, remote, private, oversized and out-of-range content (2.077584ms)
✔ text-only styles reflow the selected slide while keeping old static stories static (10.584667ms)
✔ depth styles capture bounded relative settings without private words, masks, identities or font assets (2.683709ms)
✔ depth style applies once to selected masked photos, preserves words and repairs, and reports incompatible scope (5.219084ms)
✔ depth styles keep existing words and positions by default, offer explicit reset, and undo as one change (8.855292ms)
✔ depth style scope updates both halves of a connected subject and creates one shared title (5.788125ms)
✔ depth style imports reject private fields, remote fonts, missing capabilities and invalid placement or type (2.127375ms)
✔ editing copies keep original identity and dimensions; invalid lineage and original deletion are atomic failures (8.73675ms)
✔ reducing is explicit; original imports and already-small images keep their exact bytes (4.208375ms)
✔ copy generation reserves the full source decode, rereads only after admission and transfers output ownership (3.441792ms)
✔ memory rejection precedes the second source read; changed originals and malformed copy output cannot be accepted (3.076583ms)
✔ cancelled imports drain all consumers before releasing retained originals and leave no partial project (1.341833ms)
ℹ tests 117
ℹ suites 0
ℹ pass 117
ℹ fail 0
ℹ cancelled 0
ℹ skipped 0
ℹ todo 0
ℹ duration_ms 2937.507625
