✔ three frozen story recipes remain separate from the existing color-look revisions (20.980875ms)
✔ all recipes preserve every photo and caption across counts, orientations and both output shapes (2898.826917ms)
✔ photo decorations follow manual frames and rotation using photo-relative geometry (10.741041ms)
✔ recipe replacement removes only owned decorations and preserves local photo/word repairs through undo (60.635958ms)
✔ Depth cover requires the cover mask, targets only that photo and preserves an existing title (14.379417ms)
✔ Depth cover fills the available frame in both shapes while preserving editable source crop and mask (26.1065ms)
✔ recipe color strength leaves layout, typography, captions and subject selection identical (59.716417ms)
✔ new source reflow keeps decorations attached and old saved stories do not acquire a design (23.833875ms)
✔ untrusted designs and attachments cannot add executable fields, unbounded data or unrelated owners (16.011542ms)
✔ automatic layout actually changes the arrangement between portrait and tall (8.308708ms)
✔ an infeasible candidate does not discard another valid automatic arrangement (2.093959ms)
✔ every photo count and varied aspect/caption corpus fits rotated prints with consistent physical borders (496.987625ms)
✔ output frames resolve with local precedence and invalidate only their own variant (2.323916ms)
✔ reflow preserves masks, crop rounding, captions, focal points and local appearance as one undo (12.034209ms)
✔ manual positions survive replacement/reflow; explicit reset removes only position overrides (3.711542ms)
✔ replacing a portrait with landscape and extending a caption reflows only the dependent slide (5.963ms)
✔ old stories stay unchanged until explicit adaptation; reopening uses frozen frames (3.675292ms)
✔ malformed variant maps, sizing bases and layout definitions fail before editing (5.691042ms)
ℹ tests 18
ℹ suites 0
ℹ pass 18
ℹ fail 0
ℹ cancelled 0
ℹ skipped 0
ℹ todo 0
ℹ duration_ms 3198.93725
