
> preverify
> npm run check:runtime


> check:runtime
> node scripts/stage-pillow-runtime.mjs --check

Pillow-RS 12.2.0-alpha.1: paired runtime integrity verified.

> verify
> node scripts/verify.mjs && npm run verify:scheduler && npm run verify:project-model

verify: PASS
  real WASM transforms: PNG fit/crop/rotate/flip/adjustments, exact decoded pixels, PNG bytes, decoded dimensions, output-size guard
  real input decoders: JPEG, BMP, WebP, GIF, TIFF, ICO, EXIF-JPEG fixture paths, corrupt-input rejection
  real format contract: runtime-verified output formats png, jpeg; JPEG alpha flattening, fixed settings and rejection of PNG-only masquerading
  large-folder contract: 100k metadata-only manifest, bounded virtual rows/workers, collision-safe paths, direct folder output, no archive path
  contract checks: editor modules, readiness separation, revisions, capability-driven formats, Low/Medium/High quality gating, metadata-only download, presets, selection, append imports, animated-input safety, duplicate identity, byte/output pixel guards, memory-aware worker parallelism, bounded worker failure handling, relative apply-to-all edits, shared-recipe/per-item override merge, explicit recipe scope, mixed-shape framing review, unified tray selection, versioned session and large-job recovery

> verify:scheduler
> node --test tests/processing.test.mjs

✔ admission defers copies, shares CPU across worker kinds, and reuses an idle engine (21.347208ms)
✔ current-image priority, FIFO ties, and aging prevent starvation (1.153583ms)
✔ memory admission counts retained data, active output and idle heaps (1.252375ms)
✔ explicit high concurrency is not capped at four and never exceeds CPU tokens (1.626667ms)
✔ text admission includes its RGBA surfaces and custom fonts before dispatch (0.987167ms)
✔ cancel kills synchronous work, drops stale messages, and does not prepare queued sources (1.184375ms)
✔ worker death and task timeout release all reservations and permit retry (26.360083ms)
✔ cancelled asynchronous source reads retain memory credit until they settle (0.583458ms)
✔ reentrant completion can close a logical client without destroying reusable workers (0.346417ms)
✔ closing during a grouped worker-start failure cannot dispatch later cancelled tasks (0.354833ms)
✔ allocation estimates reject oversized sources and budget the full current preview path (0.087083ms)
✔ Auto grows on useful work, retreats without throughput gain, and observes cooldown (2.712958ms)
✔ interleaved header inspection and mixed image sizes do not erase Auto calibration (3.7025ms)
✔ header-only work does not calibrate image throughput (1.201166ms)
✔ Auto starts a backlogged render batch with two workers and still measures subsequent growth (1.926916ms)
✔ Auto preserves a serial start with a missing memory hint (0.533125ms)
✔ Auto preserves a serial start with a small memory hint (0.363167ms)
✔ Auto preserves a serial start with a small CPU hint (0.325125ms)
✔ Auto does not start an extra worker for short edits or from queued inspections (0.515542ms)
✔ the initial Auto probe cannot bypass retained memory or output reservations (0.545625ms)
✔ pressure suppresses the initial Auto probe even after cooldown and an unchanged configure call (0.713792ms)
✔ Auto retains useful concurrency without counting idle time between collections (3.827667ms)
✔ Auto discards an unfinished measurement when the queue drains by success (0.568042ms)
✔ Auto discards an unfinished measurement when the queue drains by render-error (0.537ms)
✔ Auto discards an unfinished measurement when the queue drains by cancel (0.373833ms)
✔ Auto discards an unfinished measurement when the queue drains by prepare-error (0.33625ms)
✔ Auto discards an unfinished measurement when the queue drains by cancel-queued (0.323792ms)
✔ an oversized idle WASM heap is retired before admitting smaller work (0.366334ms)
ℹ tests 28
ℹ suites 0
ℹ pass 28
ℹ fail 0
ℹ cancelled 0
ℹ skipped 0
ℹ todo 0
ℹ duration_ms 117.932292

> verify:project-model
> node --test tests/project.test.mjs tests/story-layout.test.mjs tests/story-designs.test.mjs tests/story-fonts.test.mjs tests/working-copies.test.mjs tests/styles.test.mjs tests/legacy-styles.test.mjs tests/recipe-catalog.test.mjs tests/recipe-selection.test.mjs tests/photo-look.test.mjs tests/masks.test.mjs tests/depth.test.mjs tests/connections.test.mjs tests/cutout-effects.test.mjs tests/render-diagnostics.test.mjs

✔ connected copy preserves its source, shares the mask, and spans the same join in both shapes (30.936958ms)
✔ create, position, mask edit and remove are atomic and reversible, with no shared-mask deletion (16.645708ms)
✔ connected pairs move together past neighboring blocks and retain local geometry (15.119625ms)
✔ changing the joined pair carries depth text and removing the copy leaves originals intact (2.407125ms)
✔ connection validation rejects split pairs, unilateral overrides and unknown connection schemas (4.555833ms)
✔ variant positioning, layout and styles preserve connections without counting decorative copies as sources (16.678584ms)
✔ disk dilation agrees with an independent neighborhood oracle for soft masks, thin edges and transparent borders (19.716167ms)
✔ depth decoration agrees with an independent three-layer composition and protects opaque subjects (1.718792ms)
✔ effects persist through grouped history, connected copies, mask removal and reattachment (35.650833ms)
✔ schema rejects unsupported fields, non-image effects and unbounded or invalid parameters (4.226584ms)
✔ planning includes off-page effect support and reserves padded rendering before admission (5.788958ms)
✔ reusable finishes share only effect parameters and apply to existing subject selections in scope (13.612ms)
✔ depth preserves source alpha and matches an independently split layer stack (1.333125ms)
✔ page background composites the extracted subject once over the title (0.416083ms)
✔ depth title creation and edits form one undoable project operation (27.922084ms)
✔ depth relationships reject dangling, reordered, shared or incompatible titles (10.565209ms)
✔ depth geometry follows photo frame, rotation and both output variants (9.669959ms)
✔ looks and missing-mask fallback preserve title edits, while styles exclude private links (8.382125ms)
✔ all destination presets become versioned outputs with identical identity, parameters and order (5.566458ms)
✔ private legacy definitions preserve original fields and text, and do not enter public style sharing (0.6565ms)
✔ a consumer resolves the copied revision rather than mutable wrapper operations (0.236666ms)
✔ unsupported output and compression intents remain identifiable until an explicit replacement (0.969208ms)
✔ folder jobs freeze the complete style and preserve relative crop, transforms and local recipe parameters (0.632417ms)
✔ unknown engine identities remain preserved but cannot execute as the current renderer (0.940875ms)
✔ migration rejects malformed executable, oversized and out-of-range data without coercing intent (2.668958ms)
✔ mask brushes preserve untouched pixels and support erase/restore with soft opacity (0.658625ms)
✔ one stroke is independent of point density and retracing (1.829041ms)
✔ a one-source-pixel brush can repair a large image without touching neighbors (32.097375ms)
✔ detail areas preserve source coordinates at every zoom and edge, with bounded allocation (0.616541ms)
✔ mask brush and memory bounds reject malformed work before allocation (1.369625ms)
✔ a cutout is one reversible asset edit and global looks preserve mask/crop (23.301584ms)
✔ mask removal preserves shared assets and bounded history keeps undo dependencies (14.353ms)
✔ photo colors are frozen independently of story layout, typography and output (12.136458ms)
✔ malformed, out-of-range and unsupported photo looks fail before rendering (11.795542ms)
✔ all/selected/this look application and undo preserve unrelated manual corrections (4.776708ms)
✔ a stale look undo cannot overwrite a later look and empty selections do not mutate (2.507125ms)
✔ folder recipes copy the chosen look and its base output recipe without following library updates (3.226292ms)
✔ look and downsampled output previews reserve their additional memory and have distinct timing classes (1.924583ms)
✔ recovery rejects future shared and per-image look metadata before restoring the set (6.444333ms)
✔ project renderer identity matches the actual pinned runtime bytes (44.360125ms)
✔ legacy migration preserves IDs, fractional pixel crops and exact transform order (3.4885ms)
✔ the shared text renderer upgrades only the known old identity and leaves original intent intact (1.885917ms)
✔ serialized projects preserve exact PNG and JPEG output bytes through the published engine (124.973125ms)
✔ many previews commit one reversible action and cancel restores the prior edit (2.52425ms)
✔ new edits discard redo; command history is bounded and contains no source data (51.122958ms)
✔ shared appearance resolves before node settings and local overrides without removing crops/masks (3.503125ms)
✔ connected geometry resolves per viewport in both ratios and tracks its stable anchor on reorder (0.466416ms)
✔ replacing a source invalidates only dependent slides and preserves unrelated local edits (0.525042ms)
✔ bad references, unknown schemas, code, remote assets and binary payloads are rejected (0.779834ms)
✔ scene styles reject unsupported operations and preview dimensions stay bounded (5.057667ms)
✔ image placement preserves crop bounds, cover focal edges and clockwise rotation (0.477875ms)
✔ the story assembler places every chosen photo exactly once at both count extremes and both ratios (88.502291ms)
✔ story look strength and reversible layout changes preserve captions, sources, focal points and crops (10.168541ms)
✔ story reorder moves stable slides and updates numbering as one reversible command (2.599333ms)
✔ legacy catalog parsing preserves complete data and fences unknown/malformed/duplicate records (2.999333ms)
✔ independent creates from the same snapshot merge without overwriting catalog entries (11.300541ms)
✔ stale edits and edit/delete races cannot replace a newer version (0.359791ms)
✔ a stale create cannot resurrect an ID created and then deleted since its snapshot (0.223083ms)
✔ an exact retry is idempotent and a reused operation ID with different payload is refused (0.248292ms)
✔ bounded receipts reject retries older than the retained history instead of replaying them (48.21875ms)
✔ clearing advances the generation so pending work from any tab cannot recreate recipes (0.38725ms)
✔ catalog validation fences future schemas, missing histories, duplicate entries and extra fields (0.611ms)
✔ one ID can have independently selected immutable revisions without rebinding to a library update (2.126333ms)
✔ selection identities distinguish separator-bearing IDs and unversioned saved copies (0.26325ms)
✔ duplicate identities with different immutable definitions fail instead of picking one (1.715667ms)
✔ new recovery references reject missing revisions, wrong IDs, extra items and future formats (6.41275ms)
✔ old ID-only recovery selects its frozen copy before consulting the library and keeps source buffers (1.46925ms)
✔ new snapshots reopen all selected revisions without a library and remain independent of its removal (0.385584ms)
✔ oldest custom recipes require a deliberate choice even when a current copy has the same ID (0.931333ms)
✔ historical built-ins are resolved from the frozen baseline, independently of current catalog changes (0.527ms)
✔ complete saved image state preserves absolute edits without inventing the original custom definition (4.597417ms)
✔ partial patches never masquerade as complete saved state, and malformed state is not silently replaced (4.29775ms)
✔ opt-in timing observations preserve complete PNG/JPEG outputs and ordinary result shape (9.730375ms)
✔ three frozen story recipes remain separate from the existing color-look revisions (29.865917ms)
✔ all recipes preserve every photo and caption across counts, orientations and both output shapes (3361.986125ms)
✔ photo decorations follow manual frames and rotation using photo-relative geometry (12.103916ms)
✔ recipe replacement removes only owned decorations and preserves local photo/word repairs through undo (62.245459ms)
✔ Depth cover requires the cover mask, targets only that photo and preserves an existing title (14.205625ms)
✔ Depth cover fills the available frame in both shapes while preserving editable source crop and mask (26.834917ms)
✔ recipe color strength leaves layout, typography, captions and subject selection identical (62.234708ms)
✔ new source reflow keeps decorations attached and old saved stories do not acquire a design (24.96975ms)
✔ untrusted designs and attachments cannot add executable fields, unbounded data or unrelated owners (16.544584ms)
✔ the unmodified font pack binds four binaries, licenses, descriptors and coverage to pinned source hashes (23.727041ms)
✔ revision-two recipes freeze licensed fonts while revision one remains independent and asset-free (209.040916ms)
✔ saved text and depth styles share only pinned font references and preserve one-step undo (21.836458ms)
✔ font declarations reject unsafe/private fields and preserve unavailable imports without substitution (13.693958ms)
✔ unsupported glyphs and styles fail preflight; explicit device fallback keeps words and is reversible (17.435542ms)
✔ font fetches are pinned, bounded, hash-checked, cancellable and never accept recipe URLs (17.058708ms)
✔ shared font loading counts temporary bytes, cancels only the last consumer and reuses stored sources (0.737417ms)
✔ automatic layout actually changes the arrangement between portrait and tall (10.632041ms)
✔ an infeasible candidate does not discard another valid automatic arrangement (2.895334ms)
✔ every photo count and varied aspect/caption corpus fits rotated prints with consistent physical borders (592.242875ms)
✔ output frames resolve with local precedence and invalidate only their own variant (2.465375ms)
✔ reflow preserves masks, crop rounding, captions, focal points and local appearance as one undo (8.038375ms)
✔ manual positions survive replacement/reflow; explicit reset removes only position overrides (3.706125ms)
✔ replacing a portrait with landscape and extending a caption reflows only the dependent slide (4.7875ms)
✔ old stories stay unchanged until explicit adaptation; reopening uses frozen frames (2.858542ms)
✔ malformed variant maps, sizing bases and layout definitions fail before editing (4.596959ms)
✔ style capture exports only chosen reusable settings, with no photos, masks, captions, crops or node IDs (23.946ms)
✔ single-slide layout styles cannot alter another slide's present or future reflow (18.533708ms)
✔ look strength has deterministic endpoints and preserves source-specific edits (19.216792ms)
✔ layout application keeps manual positions by default; explicit reset preserves crop/appearance/text overrides (53.380625ms)
✔ style previews produce one undo and copy the immutable definition through serialization (28.466125ms)
✔ custom fonts and unrecognized layouts require an explicit supported alternative when saving (2.344834ms)
✔ unsupported requirements and engines import as identifiable styles but cannot be applied (1.946625ms)
✔ malformed imports reject executable, remote, private, oversized and out-of-range content (2.22ms)
✔ text-only styles reflow the selected slide while keeping old static stories static (12.640834ms)
✔ depth styles capture bounded relative settings without private words, masks, identities or font assets (3.742833ms)
✔ depth style applies once to selected masked photos, preserves words and repairs, and reports incompatible scope (13.291125ms)
✔ depth styles keep existing words and positions by default, offer explicit reset, and undo as one change (13.23825ms)
✔ depth style scope updates both halves of a connected subject and creates one shared title (9.31525ms)
✔ depth style imports reject private fields, remote fonts, missing capabilities and invalid placement or type (2.699209ms)
✔ editing copies keep original identity and dimensions; invalid lineage and original deletion are atomic failures (17.1025ms)
✔ reducing is explicit; original imports and already-small images keep their exact bytes (3.482041ms)
✔ copy generation reserves the full source decode, rereads only after admission and transfers output ownership (2.337292ms)
✔ memory rejection precedes the second source read; changed originals and malformed copy output cannot be accepted (3.714ms)
✔ cancelled imports drain all consumers before releasing retained originals and leave no partial project (1.435167ms)
ℹ tests 117
ℹ suites 0
ℹ pass 117
ℹ fail 0
ℹ cancelled 0
ℹ skipped 0
ℹ todo 0
ℹ duration_ms 3750.019458
