
> migration:benchmark
> node scripts/migration/run.mjs benchmark

tests/fixtures/corpus/collections-v1/small.json: browser-1 reference 0: pass 23656 ms
tests/fixtures/corpus/collections-v1/small.json: browser-1 gate 0: pass 23627 ms
tests/fixtures/corpus/collections-v1/small.json: browser-2 gate 0: pass 12305 ms
tests/fixtures/corpus/collections-v1/small.json: browser-4 gate 0: pass 6461 ms
tests/fixtures/corpus/collections-v1/small.json: browser-8 gate 0: pass 4106 ms
tests/fixtures/corpus/collections-v1/small.json: browser-auto gate 0: pass 12366 ms
tests/fixtures/corpus/collections-v1/small.json: browser-8 measurement 0: pass 4025 ms
tests/fixtures/corpus/collections-v1/small.json: browser-2 measurement 0: pass 12418 ms
tests/fixtures/corpus/collections-v1/small.json: browser-1 measurement 0: pass 23951 ms
tests/fixtures/corpus/collections-v1/small.json: browser-auto measurement 0: pass 12334 ms
tests/fixtures/corpus/collections-v1/small.json: browser-4 measurement 0: pass 6480 ms
tests/fixtures/corpus/collections-v1/small.json: browser-8 measurement 1: pass 4077 ms
tests/fixtures/corpus/collections-v1/small.json: browser-1 measurement 1: pass 23990 ms
tests/fixtures/corpus/collections-v1/small.json: browser-4 measurement 1: pass 6536 ms
tests/fixtures/corpus/collections-v1/small.json: browser-2 measurement 1: pass 12402 ms
tests/fixtures/corpus/collections-v1/small.json: browser-auto measurement 1: pass 12136 ms
tests/fixtures/corpus/collections-v1/small.json: browser-8 measurement 2: pass 4090 ms
tests/fixtures/corpus/collections-v1/small.json: browser-4 measurement 2: pass 6494 ms
tests/fixtures/corpus/collections-v1/small.json: browser-2 measurement 2: pass 12413 ms
tests/fixtures/corpus/collections-v1/small.json: browser-1 measurement 2: pass 24013 ms
tests/fixtures/corpus/collections-v1/small.json: browser-auto measurement 2: pass 12121 ms
tests/fixtures/corpus/collections-v1/small.json: browser-auto measurement 3: pass 12098 ms
tests/fixtures/corpus/collections-v1/small.json: browser-1 measurement 3: pass 24000 ms
tests/fixtures/corpus/collections-v1/small.json: browser-2 measurement 3: pass 12417 ms
tests/fixtures/corpus/collections-v1/small.json: browser-8 measurement 3: pass 4072 ms
tests/fixtures/corpus/collections-v1/small.json: browser-4 measurement 3: pass 6530 ms
tests/fixtures/corpus/collections-v1/small.json: browser-1 measurement 4: pass 24148 ms
tests/fixtures/corpus/collections-v1/small.json: browser-8 measurement 4: pass 4090 ms
tests/fixtures/corpus/collections-v1/small.json: browser-2 measurement 4: pass 12453 ms
tests/fixtures/corpus/collections-v1/small.json: browser-auto measurement 4: pass 12129 ms
tests/fixtures/corpus/collections-v1/small.json: browser-4 measurement 4: pass 6578 ms
tests/fixtures/corpus/collections-v1/small.json: browser-1 reference 0: pass 23913 ms
tests/fixtures/corpus/collections-v1/small.json: browser-1 gate 0: pass 23879 ms
tests/fixtures/corpus/collections-v1/small.json: browser-2 gate 0: pass 12379 ms
tests/fixtures/corpus/collections-v1/small.json: browser-4 gate 0: pass 6540 ms
tests/fixtures/corpus/collections-v1/small.json: browser-8 gate 0: pass 4062 ms
tests/fixtures/corpus/collections-v1/small.json: browser-auto gate 0: pass 12350 ms
tests/fixtures/corpus/collections-v1/small.json: browser-8 measurement 0: pass 3842 ms
tests/fixtures/corpus/collections-v1/small.json: browser-2 measurement 0: pass 12258 ms
tests/fixtures/corpus/collections-v1/small.json: browser-1 measurement 0: pass 23790 ms
tests/fixtures/corpus/collections-v1/small.json: browser-auto measurement 0: pass 3581 ms
tests/fixtures/corpus/collections-v1/small.json: browser-4 measurement 0: pass 6380 ms
tests/fixtures/corpus/collections-v1/small.json: browser-8 measurement 1: pass 3845 ms
tests/fixtures/corpus/collections-v1/small.json: browser-1 measurement 1: pass 23864 ms
tests/fixtures/corpus/collections-v1/small.json: browser-4 measurement 1: pass 6396 ms
tests/fixtures/corpus/collections-v1/small.json: browser-2 measurement 1: pass 12282 ms
tests/fixtures/corpus/collections-v1/small.json: browser-auto measurement 1: pass 3565 ms
tests/fixtures/corpus/collections-v1/small.json: browser-8 measurement 2: pass 3938 ms
tests/fixtures/corpus/collections-v1/small.json: browser-4 measurement 2: pass 6398 ms
tests/fixtures/corpus/collections-v1/small.json: browser-2 measurement 2: pass 12315 ms
tests/fixtures/corpus/collections-v1/small.json: browser-1 measurement 2: pass 23924 ms
tests/fixtures/corpus/collections-v1/small.json: browser-auto measurement 2: pass 3557 ms
tests/fixtures/corpus/collections-v1/small.json: browser-auto measurement 3: pass 3542 ms
tests/fixtures/corpus/collections-v1/small.json: browser-1 measurement 3: pass 23948 ms
tests/fixtures/corpus/collections-v1/small.json: browser-2 measurement 3: pass 12379 ms
tests/fixtures/corpus/collections-v1/small.json: browser-8 measurement 3: pass 3912 ms
tests/fixtures/corpus/collections-v1/small.json: browser-4 measurement 3: pass 6445 ms
tests/fixtures/corpus/collections-v1/small.json: browser-1 measurement 4: pass 24025 ms
tests/fixtures/corpus/collections-v1/small.json: browser-8 measurement 4: pass 3942 ms
tests/fixtures/corpus/collections-v1/small.json: browser-2 measurement 4: pass 12383 ms
tests/fixtures/corpus/collections-v1/small.json: browser-auto measurement 4: pass 3578 ms
tests/fixtures/corpus/collections-v1/small.json: browser-4 measurement 4: pass 6451 ms
tests/fixtures/corpus/collections-v1/camera.json: browser-1 reference 0: pass 19658 ms
tests/fixtures/corpus/collections-v1/camera.json: browser-1 gate 0: pass 19642 ms
tests/fixtures/corpus/collections-v1/camera.json: browser-2 gate 0: pass 10402 ms
tests/fixtures/corpus/collections-v1/camera.json: browser-4 gate 0: pass 10104 ms
tests/fixtures/corpus/collections-v1/camera.json: browser-8 gate 0: pass 9981 ms
tests/fixtures/corpus/collections-v1/camera.json: browser-auto gate 0: pass 15024 ms
tests/fixtures/corpus/collections-v1/camera.json: browser-8 measurement 0: pass 10048 ms
tests/fixtures/corpus/collections-v1/camera.json: browser-2 measurement 0: pass 10394 ms
tests/fixtures/corpus/collections-v1/camera.json: browser-1 measurement 0: pass 19653 ms
tests/fixtures/corpus/collections-v1/camera.json: browser-auto measurement 0: pass 15095 ms
tests/fixtures/corpus/collections-v1/camera.json: browser-4 measurement 0: pass 10082 ms
tests/fixtures/corpus/collections-v1/camera.json: browser-8 measurement 1: pass 9952 ms
tests/fixtures/corpus/collections-v1/camera.json: browser-1 measurement 1: pass 19656 ms
tests/fixtures/corpus/collections-v1/camera.json: browser-4 measurement 1: pass 10294 ms
tests/fixtures/corpus/collections-v1/camera.json: browser-2 measurement 1: pass 10413 ms
tests/fixtures/corpus/collections-v1/camera.json: browser-auto measurement 1: pass 15041 ms
tests/fixtures/corpus/collections-v1/camera.json: browser-8 measurement 2: pass 9958 ms
tests/fixtures/corpus/collections-v1/camera.json: browser-4 measurement 2: pass 9965 ms
tests/fixtures/corpus/collections-v1/camera.json: browser-2 measurement 2: pass 10360 ms
tests/fixtures/corpus/collections-v1/camera.json: browser-1 measurement 2: pass 19694 ms
tests/fixtures/corpus/collections-v1/camera.json: browser-auto measurement 2: pass 15074 ms
tests/fixtures/corpus/collections-v1/camera.json: browser-auto measurement 3: pass 15050 ms
tests/fixtures/corpus/collections-v1/camera.json: browser-1 measurement 3: pass 19631 ms
tests/fixtures/corpus/collections-v1/camera.json: browser-2 measurement 3: pass 10412 ms
tests/fixtures/corpus/collections-v1/camera.json: browser-8 measurement 3: pass 9637 ms
tests/fixtures/corpus/collections-v1/camera.json: browser-4 measurement 3: pass 10116 ms
tests/fixtures/corpus/collections-v1/camera.json: browser-1 measurement 4: pass 19657 ms
tests/fixtures/corpus/collections-v1/camera.json: browser-8 measurement 4: pass 9718 ms
tests/fixtures/corpus/collections-v1/camera.json: browser-2 measurement 4: pass 10394 ms
tests/fixtures/corpus/collections-v1/camera.json: browser-auto measurement 4: pass 15048 ms
tests/fixtures/corpus/collections-v1/camera.json: browser-4 measurement 4: pass 10044 ms
tests/fixtures/corpus/collections-v1/camera.json: browser-1 reference 0: pass 19639 ms
tests/fixtures/corpus/collections-v1/camera.json: browser-1 gate 0: pass 19639 ms
tests/fixtures/corpus/collections-v1/camera.json: browser-2 gate 0: pass 10388 ms
tests/fixtures/corpus/collections-v1/camera.json: browser-4 gate 0: pass 10201 ms
tests/fixtures/corpus/collections-v1/camera.json: browser-8 gate 0: pass 10405 ms
tests/fixtures/corpus/collections-v1/camera.json: browser-auto gate 0: pass 15041 ms
tests/fixtures/corpus/collections-v1/camera.json: browser-8 measurement 0: pass 9669 ms
tests/fixtures/corpus/collections-v1/camera.json: browser-2 measurement 0: pass 9831 ms
tests/fixtures/corpus/collections-v1/camera.json: browser-1 measurement 0: pass 19095 ms
tests/fixtures/corpus/collections-v1/camera.json: browser-auto measurement 0: pass 9816 ms
tests/fixtures/corpus/collections-v1/camera.json: browser-4 measurement 0: pass 9867 ms
tests/fixtures/corpus/collections-v1/camera.json: browser-8 measurement 1: pass 9727 ms
tests/fixtures/corpus/collections-v1/camera.json: browser-1 measurement 1: pass 19107 ms
tests/fixtures/corpus/collections-v1/camera.json: browser-4 measurement 1: pass 9838 ms
tests/fixtures/corpus/collections-v1/camera.json: browser-2 measurement 1: pass 9814 ms
tests/fixtures/corpus/collections-v1/camera.json: browser-auto measurement 1: pass 9820 ms
tests/fixtures/corpus/collections-v1/camera.json: browser-8 measurement 2: pass 9753 ms
tests/fixtures/corpus/collections-v1/camera.json: browser-4 measurement 2: pass 9373 ms
tests/fixtures/corpus/collections-v1/camera.json: browser-2 measurement 2: pass 9837 ms
tests/fixtures/corpus/collections-v1/camera.json: browser-1 measurement 2: pass 19115 ms
tests/fixtures/corpus/collections-v1/camera.json: browser-auto measurement 2: pass 9762 ms
tests/fixtures/corpus/collections-v1/camera.json: browser-auto measurement 3: pass 9898 ms
tests/fixtures/corpus/collections-v1/camera.json: browser-1 measurement 3: pass 19108 ms
tests/fixtures/corpus/collections-v1/camera.json: browser-2 measurement 3: pass 9768 ms
tests/fixtures/corpus/collections-v1/camera.json: browser-8 measurement 3: pass 9694 ms
tests/fixtures/corpus/collections-v1/camera.json: browser-4 measurement 3: pass 9680 ms
tests/fixtures/corpus/collections-v1/camera.json: browser-1 measurement 4: pass 19170 ms
tests/fixtures/corpus/collections-v1/camera.json: browser-8 measurement 4: pass 9673 ms
tests/fixtures/corpus/collections-v1/camera.json: browser-2 measurement 4: pass 9833 ms
tests/fixtures/corpus/collections-v1/camera.json: browser-auto measurement 4: pass 9834 ms
tests/fixtures/corpus/collections-v1/camera.json: browser-4 measurement 4: pass 9713 ms
TinyImageStar.Engine.renderWithApi.performance: 1.680 / limit 1.5: fail; run benchmark-e00ad0b2-5afe-4761-9318-91eed9a956db
TinyImageStar.Engine.renderWithApi.collection-small-cold-auto-vs-1: 0.505 / limit 1.1: pass; run benchmark-e00ad0b2-5afe-4761-9318-91eed9a956db
TinyImageStar.Engine.renderWithApi.collection-small-cold-auto-vs-2: 0.977 / limit 1.1: pass; run benchmark-e00ad0b2-5afe-4761-9318-91eed9a956db
TinyImageStar.Engine.renderWithApi.collection-small-cold-auto-vs-4: 1.857 / limit 1.1: fail; run benchmark-e00ad0b2-5afe-4761-9318-91eed9a956db
TinyImageStar.Engine.renderWithApi.collection-small-cold-auto-vs-8: 2.975 / limit 1.1: fail; run benchmark-e00ad0b2-5afe-4761-9318-91eed9a956db
TinyImageStar.Engine.renderWithApi.collection-small-cold-auto-vs-16: not measured / limit 1.1: not_proven; run benchmark-e00ad0b2-5afe-4761-9318-91eed9a956db
TinyImageStar.Engine.renderWithApi.collection-small-warm-auto-vs-1: 0.149 / limit 1.1: pass; run benchmark-e00ad0b2-5afe-4761-9318-91eed9a956db
TinyImageStar.Engine.renderWithApi.collection-small-warm-auto-vs-2: 0.289 / limit 1.1: pass; run benchmark-e00ad0b2-5afe-4761-9318-91eed9a956db
TinyImageStar.Engine.renderWithApi.collection-small-warm-auto-vs-4: 0.557 / limit 1.1: pass; run benchmark-e00ad0b2-5afe-4761-9318-91eed9a956db
TinyImageStar.Engine.renderWithApi.collection-small-warm-auto-vs-8: 0.911 / limit 1.1: pass; run benchmark-e00ad0b2-5afe-4761-9318-91eed9a956db
TinyImageStar.Engine.renderWithApi.collection-small-warm-auto-vs-16: not measured / limit 1.1: not_proven; run benchmark-e00ad0b2-5afe-4761-9318-91eed9a956db
TinyImageStar.Engine.renderWithApi.collection-camera-cold-auto-vs-1: 0.766 / limit 1.1: pass; run benchmark-e00ad0b2-5afe-4761-9318-91eed9a956db
TinyImageStar.Engine.renderWithApi.collection-camera-cold-auto-vs-2: 1.448 / limit 1.1: fail; run benchmark-e00ad0b2-5afe-4761-9318-91eed9a956db
TinyImageStar.Engine.renderWithApi.collection-camera-cold-auto-vs-4: 1.493 / limit 1.1: fail; run benchmark-e00ad0b2-5afe-4761-9318-91eed9a956db
TinyImageStar.Engine.renderWithApi.collection-camera-cold-auto-vs-8: 1.512 / limit 1.1: fail; run benchmark-e00ad0b2-5afe-4761-9318-91eed9a956db
TinyImageStar.Engine.renderWithApi.collection-camera-cold-auto-vs-16: not measured / limit 1.1: not_proven; run benchmark-e00ad0b2-5afe-4761-9318-91eed9a956db
TinyImageStar.Engine.renderWithApi.collection-camera-warm-auto-vs-1: 0.514 / limit 1.1: pass; run benchmark-e00ad0b2-5afe-4761-9318-91eed9a956db
TinyImageStar.Engine.renderWithApi.collection-camera-warm-auto-vs-2: 0.999 / limit 1.1: pass; run benchmark-e00ad0b2-5afe-4761-9318-91eed9a956db
TinyImageStar.Engine.renderWithApi.collection-camera-warm-auto-vs-4: 1.011 / limit 1.1: pass; run benchmark-e00ad0b2-5afe-4761-9318-91eed9a956db
TinyImageStar.Engine.renderWithApi.collection-camera-warm-auto-vs-8: 1.013 / limit 1.1: pass; run benchmark-e00ad0b2-5afe-4761-9318-91eed9a956db
TinyImageStar.Engine.renderWithApi.collection-camera-warm-auto-vs-16: not measured / limit 1.1: not_proven; run benchmark-e00ad0b2-5afe-4761-9318-91eed9a956db
