
> preverify
> npm run check:runtime


> check:runtime
> node scripts/stage-pillow-runtime.mjs --check

Pillow-RS 12.2.0-alpha.1: paired runtime integrity verified.

> verify
> node scripts/verify.mjs && npm run verify:scheduler && npm run verify:project-model

verify: PASS
  real WASM transforms: PNG fit/crop/rotate/flip/adjustments, exact decoded pixels, PNG bytes, decoded dimensions, output-size guard
  real input decoders: JPEG, BMP, WebP, GIF, TIFF, ICO, EXIF-JPEG fixture paths, corrupt-input rejection
  real format contract: runtime-verified output formats png, jpeg; JPEG alpha flattening, fixed settings and rejection of PNG-only masquerading
  large-folder contract: 100k metadata-only manifest, bounded virtual rows/workers, collision-safe paths, direct folder output, no archive path
  contract checks: editor modules, readiness separation, revisions, capability-driven formats, Low/Medium/High quality gating, metadata-only download, presets, selection, append imports, animated-input safety, duplicate identity, byte/output pixel guards, memory-aware worker parallelism, bounded worker failure handling, relative apply-to-all edits, shared-recipe/per-item override merge, explicit recipe scope, mixed-shape framing review, unified tray selection, versioned session and large-job recovery

> verify:scheduler
> node --test tests/processing.test.mjs

✔ admission defers copies, shares CPU across worker kinds, and reuses an idle engine (18.103708ms)
✔ current-image priority, FIFO ties, and aging prevent starvation (0.868833ms)
✔ memory admission counts retained data, active output and idle heaps (1.248875ms)
✔ explicit high concurrency is not capped at four and never exceeds CPU tokens (1.399041ms)
✔ text admission includes its RGBA surfaces and custom fonts before dispatch (0.714083ms)
✔ cancel kills synchronous work, drops stale messages, and does not prepare queued sources (0.5775ms)
✔ worker death and task timeout release all reservations and permit retry (27.61975ms)
✔ cancelled asynchronous source reads retain memory credit until they settle (0.565708ms)
✔ reentrant completion can close a logical client without destroying reusable workers (0.29175ms)
✔ closing during a grouped worker-start failure cannot dispatch later cancelled tasks (0.326875ms)
✔ allocation estimates reject oversized sources and budget the full current preview path (0.078709ms)
✔ Auto grows on useful work, retreats without throughput gain, and observes cooldown (2.367959ms)
✔ interleaved header inspection and mixed image sizes do not erase Auto calibration (2.18975ms)
✔ header-only work does not calibrate image throughput (1.145792ms)
✔ Auto retains useful concurrency without counting idle time between collections (2.677375ms)
✔ Auto discards an unfinished measurement when the queue drains by success (0.376083ms)
✔ Auto discards an unfinished measurement when the queue drains by render-error (0.313375ms)
✔ Auto discards an unfinished measurement when the queue drains by cancel (0.306583ms)
✔ Auto discards an unfinished measurement when the queue drains by prepare-error (0.269292ms)
✔ Auto discards an unfinished measurement when the queue drains by cancel-queued (0.366417ms)
✔ an oversized idle WASM heap is retired before admitting smaller work (0.380666ms)
ℹ tests 21
ℹ suites 0
ℹ pass 21
ℹ fail 0
ℹ cancelled 0
ℹ skipped 0
ℹ todo 0
ℹ duration_ms 98.678417

> verify:project-model
> node --test tests/project.test.mjs tests/story-layout.test.mjs tests/styles.test.mjs tests/legacy-styles.test.mjs tests/recipe-catalog.test.mjs tests/recipe-selection.test.mjs tests/photo-look.test.mjs tests/masks.test.mjs tests/depth.test.mjs tests/connections.test.mjs tests/cutout-effects.test.mjs tests/render-diagnostics.test.mjs

✔ connected copy preserves its source, shares the mask, and spans the same join in both shapes (27.870167ms)
✔ create, position, mask edit and remove are atomic and reversible, with no shared-mask deletion (13.441041ms)
✔ connected pairs move together past neighboring blocks and retain local geometry (9.196583ms)
✔ changing the joined pair carries depth text and removing the copy leaves originals intact (3.849125ms)
✔ connection validation rejects split pairs, unilateral overrides and unknown connection schemas (5.609791ms)
✔ variant positioning, layout and styles preserve connections without counting decorative copies as sources (12.185833ms)
✔ disk dilation agrees with an independent neighborhood oracle for soft masks, thin edges and transparent borders (9.700583ms)
✔ depth decoration agrees with an independent three-layer composition and protects opaque subjects (1.032291ms)
✔ effects persist through grouped history, connected copies, mask removal and reattachment (17.31ms)
✔ schema rejects unsupported fields, non-image effects and unbounded or invalid parameters (1.691292ms)
✔ planning includes off-page effect support and reserves padded rendering before admission (3.110709ms)
✔ reusable finishes share only effect parameters and apply to existing subject selections in scope (6.897167ms)
✔ depth preserves source alpha and matches an independently split layer stack (5.141167ms)
✔ page background composites the extracted subject once over the title (0.823417ms)
✔ depth title creation and edits form one undoable project operation (18.142958ms)
✔ depth relationships reject dangling, reordered, shared or incompatible titles (6.817166ms)
✔ depth geometry follows photo frame, rotation and both output variants (9.346291ms)
✔ looks and missing-mask fallback preserve title edits, while styles exclude private links (12.837292ms)
✔ all destination presets become versioned outputs with identical identity, parameters and order (5.060375ms)
✔ private legacy definitions preserve original fields and text, and do not enter public style sharing (0.652958ms)
✔ a consumer resolves the copied revision rather than mutable wrapper operations (0.243625ms)
✔ unsupported output and compression intents remain identifiable until an explicit replacement (0.927167ms)
✔ folder jobs freeze the complete style and preserve relative crop, transforms and local recipe parameters (0.257708ms)
✔ unknown engine identities remain preserved but cannot execute as the current renderer (2.522208ms)
✔ migration rejects malformed executable, oversized and out-of-range data without coercing intent (2.63975ms)
✔ mask brushes preserve untouched pixels and support erase/restore with soft opacity (0.654417ms)
✔ one stroke is independent of point density and retracing (6.416125ms)
✔ a one-source-pixel brush can repair a large image without touching neighbors (27.618542ms)
✔ detail areas preserve source coordinates at every zoom and edge, with bounded allocation (0.626083ms)
✔ mask brush and memory bounds reject malformed work before allocation (0.153167ms)
✔ a cutout is one reversible asset edit and global looks preserve mask/crop (12.31025ms)
✔ mask removal preserves shared assets and bounded history keeps undo dependencies (8.568291ms)
✔ photo colors are frozen independently of story layout, typography and output (8.565375ms)
✔ malformed, out-of-range and unsupported photo looks fail before rendering (4.973834ms)
✔ all/selected/this look application and undo preserve unrelated manual corrections (4.099167ms)
✔ a stale look undo cannot overwrite a later look and empty selections do not mutate (0.891667ms)
✔ folder recipes copy the chosen look and its base output recipe without following library updates (1.298208ms)
✔ look and downsampled output previews reserve their additional memory and have distinct timing classes (0.554125ms)
✔ recovery rejects future shared and per-image look metadata before restoring the set (4.616291ms)
✔ project renderer identity matches the actual pinned runtime bytes (33.098416ms)
✔ legacy migration preserves IDs, fractional pixel crops and exact transform order (1.4425ms)
✔ the shared text renderer upgrades only the known old identity and leaves original intent intact (0.705458ms)
✔ serialized projects preserve exact PNG and JPEG output bytes through the published engine (43.866083ms)
✔ many previews commit one reversible action and cancel restores the prior edit (1.093083ms)
✔ new edits discard redo; command history is bounded and contains no source data (28.362417ms)
✔ shared appearance resolves before node settings and local overrides without removing crops/masks (0.36225ms)
✔ connected geometry resolves per viewport in both ratios and tracks its stable anchor on reorder (0.353125ms)
✔ replacing a source invalidates only dependent slides and preserves unrelated local edits (0.466458ms)
✔ bad references, unknown schemas, code, remote assets and binary payloads are rejected (0.862625ms)
✔ scene styles reject unsupported operations and preview dimensions stay bounded (1.0195ms)
✔ image placement preserves crop bounds, cover focal edges and clockwise rotation (0.134458ms)
✔ the story assembler places every chosen photo exactly once at both count extremes and both ratios (34.092791ms)
✔ story look strength and reversible layout changes preserve captions, sources, focal points and crops (5.67225ms)
✔ story reorder moves stable slides and updates numbering as one reversible command (2.278542ms)
✔ legacy catalog parsing preserves complete data and fences unknown/malformed/duplicate records (2.90325ms)
✔ independent creates from the same snapshot merge without overwriting catalog entries (3.724042ms)
✔ stale edits and edit/delete races cannot replace a newer version (0.37575ms)
✔ a stale create cannot resurrect an ID created and then deleted since its snapshot (0.225125ms)
✔ an exact retry is idempotent and a reused operation ID with different payload is refused (1.749625ms)
✔ bounded receipts reject retries older than the retained history instead of replaying them (23.324125ms)
✔ clearing advances the generation so pending work from any tab cannot recreate recipes (0.109833ms)
✔ catalog validation fences future schemas, missing histories, duplicate entries and extra fields (0.249625ms)
✔ one ID can have independently selected immutable revisions without rebinding to a library update (5.185166ms)
✔ selection identities distinguish separator-bearing IDs and unversioned saved copies (0.401416ms)
✔ duplicate identities with different immutable definitions fail instead of picking one (0.498333ms)
✔ new recovery references reject missing revisions, wrong IDs, extra items and future formats (3.618208ms)
✔ old ID-only recovery selects its frozen copy before consulting the library and keeps source buffers (3.089417ms)
✔ new snapshots reopen all selected revisions without a library and remain independent of its removal (1.07175ms)
✔ oldest custom recipes require a deliberate choice even when a current copy has the same ID (0.833167ms)
✔ historical built-ins are resolved from the frozen baseline, independently of current catalog changes (0.274667ms)
✔ complete saved image state preserves absolute edits without inventing the original custom definition (2.17625ms)
✔ partial patches never masquerade as complete saved state, and malformed state is not silently replaced (0.481458ms)
✔ opt-in timing observations preserve complete PNG/JPEG outputs and ordinary result shape (5.163125ms)
✔ automatic layout actually changes the arrangement between portrait and tall (13.964ms)
✔ an infeasible candidate does not discard another valid automatic arrangement (3.387542ms)
✔ every photo count and varied aspect/caption corpus fits rotated prints with consistent physical borders (438.671416ms)
✔ output frames resolve with local precedence and invalidate only their own variant (1.823875ms)
✔ reflow preserves masks, crop rounding, captions, focal points and local appearance as one undo (6.946333ms)
✔ manual positions survive replacement/reflow; explicit reset removes only position overrides (3.206833ms)
✔ replacing a portrait with landscape and extending a caption reflows only the dependent slide (4.381209ms)
✔ old stories stay unchanged until explicit adaptation; reopening uses frozen frames (2.41475ms)
✔ malformed variant maps, sizing bases and layout definitions fail before editing (4.1425ms)
✔ style capture exports only chosen reusable settings, with no photos, masks, captions, crops or node IDs (8.061875ms)
✔ single-slide layout styles cannot alter another slide's present or future reflow (11.283875ms)
✔ look strength has deterministic endpoints and preserves source-specific edits (7.359458ms)
✔ layout application keeps manual positions by default; explicit reset preserves crop/appearance/text overrides (24.914ms)
✔ style previews produce one undo and copy the immutable definition through serialization (19.807375ms)
✔ custom fonts and unrecognized layouts require an explicit supported alternative when saving (1.351334ms)
✔ unsupported requirements and engines import as identifiable styles but cannot be applied (1.623583ms)
✔ malformed imports reject executable, remote, private, oversized and out-of-range content (1.024625ms)
✔ text-only styles reflow the selected slide while keeping old static stories static (8.011416ms)
ℹ tests 91
ℹ suites 0
ℹ pass 91
ℹ fail 0
ℹ cancelled 0
ℹ skipped 0
ℹ todo 0
ℹ duration_ms 550.545167
