
> preverify
> npm run check:runtime


> check:runtime
> node scripts/stage-pillow-runtime.mjs --check

Pillow-RS 12.2.0-alpha.1: paired runtime integrity verified.

> verify
> node scripts/verify.mjs && npm run verify:scheduler && npm run verify:project-model

verify: PASS
  real WASM transforms: PNG fit/crop/rotate/flip/adjustments, exact decoded pixels, PNG bytes, decoded dimensions, output-size guard
  real input decoders: JPEG, BMP, WebP, GIF, TIFF, ICO, EXIF-JPEG fixture paths, corrupt-input rejection
  real format contract: runtime-verified output formats png, jpeg; JPEG alpha flattening, fixed settings and rejection of PNG-only masquerading
  large-folder contract: 100k metadata-only manifest, bounded virtual rows/workers, collision-safe paths, direct folder output, no archive path
  contract checks: editor modules, readiness separation, revisions, capability-driven formats, Low/Medium/High quality gating, metadata-only download, presets, selection, append imports, animated-input safety, duplicate identity, byte/output pixel guards, memory-aware worker parallelism, bounded worker failure handling, relative apply-to-all edits, shared-recipe/per-item override merge, explicit recipe scope, mixed-shape framing review, unified tray selection, versioned session and large-job recovery

> verify:scheduler
> node --test tests/processing.test.mjs

✔ admission defers copies, shares CPU across worker kinds, and reuses an idle engine (13.444209ms)
✔ current-image priority, FIFO ties, and aging prevent starvation (1.168333ms)
✔ memory admission counts retained data, active output and idle heaps (1.329583ms)
✔ explicit high concurrency is not capped at four and never exceeds CPU tokens (1.464333ms)
✔ text admission includes its RGBA surfaces and custom fonts before dispatch (0.760542ms)
✔ cancel kills synchronous work, drops stale messages, and does not prepare queued sources (0.635917ms)
✔ worker death and task timeout release all reservations and permit retry (24.844791ms)
✔ cancelled asynchronous source reads retain memory credit until they settle (0.660417ms)
✔ reentrant completion can close a logical client without destroying reusable workers (0.465542ms)
✔ closing during a grouped worker-start failure cannot dispatch later cancelled tasks (0.368834ms)
✔ allocation estimates reject oversized sources and budget the full current preview path (0.089875ms)
✔ Auto grows on useful work, retreats without throughput gain, and observes cooldown (3.137417ms)
✔ an oversized idle WASM heap is retired before admitting smaller work (0.447208ms)
ℹ tests 13
ℹ suites 0
ℹ pass 13
ℹ fail 0
ℹ cancelled 0
ℹ skipped 0
ℹ todo 0
ℹ duration_ms 88.293

> verify:project-model
> node --test tests/project.test.mjs tests/story-layout.test.mjs tests/styles.test.mjs tests/legacy-styles.test.mjs tests/recipe-catalog.test.mjs tests/recipe-selection.test.mjs tests/photo-look.test.mjs tests/masks.test.mjs tests/depth.test.mjs tests/connections.test.mjs tests/cutout-effects.test.mjs

✔ connected copy preserves its source, shares the mask, and spans the same join in both shapes (31.068208ms)
✔ create, position, mask edit and remove are atomic and reversible, with no shared-mask deletion (27.326917ms)
✔ connected pairs move together past neighboring blocks and retain local geometry (11.418ms)
✔ changing the joined pair carries depth text and removing the copy leaves originals intact (2.874083ms)
✔ connection validation rejects split pairs, unilateral overrides and unknown connection schemas (4.756459ms)
✔ variant positioning, layout and styles preserve connections without counting decorative copies as sources (10.747166ms)
✔ disk dilation agrees with an independent neighborhood oracle for soft masks, thin edges and transparent borders (22.914833ms)
✔ depth decoration agrees with an independent three-layer composition and protects opaque subjects (0.508125ms)
✔ effects persist through grouped history, connected copies, mask removal and reattachment (19.720167ms)
✔ schema rejects unsupported fields, non-image effects and unbounded or invalid parameters (2.500125ms)
✔ planning includes off-page effect support and reserves padded rendering before admission (1.980375ms)
✔ reusable finishes share only effect parameters and apply to existing subject selections in scope (9.731959ms)
✔ depth preserves source alpha and matches an independently split layer stack (6.173583ms)
✔ page background composites the extracted subject once over the title (0.550708ms)
✔ depth title creation and edits form one undoable project operation (13.545583ms)
✔ depth relationships reject dangling, reordered, shared or incompatible titles (7.558291ms)
✔ depth geometry follows photo frame, rotation and both output variants (5.731666ms)
✔ looks and missing-mask fallback preserve title edits, while styles exclude private links (4.00675ms)
✔ all destination presets become versioned outputs with identical identity, parameters and order (7.168667ms)
✔ private legacy definitions preserve original fields and text, and do not enter public style sharing (0.5795ms)
✔ a consumer resolves the copied revision rather than mutable wrapper operations (0.264875ms)
✔ unsupported output and compression intents remain identifiable until an explicit replacement (0.774333ms)
✔ folder jobs freeze the complete style and preserve relative crop, transforms and local recipe parameters (0.248708ms)
✔ unknown engine identities remain preserved but cannot execute as the current renderer (4.002625ms)
✔ migration rejects malformed executable, oversized and out-of-range data without coercing intent (1.714083ms)
✔ mask brushes preserve untouched pixels and support erase/restore with soft opacity (1.850958ms)
✔ one stroke is independent of point density and retracing (5.714042ms)
✔ a one-source-pixel brush can repair a large image without touching neighbors (37.629791ms)
✔ detail areas preserve source coordinates at every zoom and edge, with bounded allocation (0.840125ms)
✔ mask brush and memory bounds reject malformed work before allocation (0.15625ms)
✔ a cutout is one reversible asset edit and global looks preserve mask/crop (18.208584ms)
✔ mask removal preserves shared assets and bounded history keeps undo dependencies (11.157917ms)
✔ photo colors are frozen independently of story layout, typography and output (6.141667ms)
✔ malformed, out-of-range and unsupported photo looks fail before rendering (5.000167ms)
✔ all/selected/this look application and undo preserve unrelated manual corrections (4.843042ms)
✔ a stale look undo cannot overwrite a later look and empty selections do not mutate (1.418708ms)
✔ folder recipes copy the chosen look and its base output recipe without following library updates (1.287166ms)
✔ look and downsampled output previews reserve their additional memory and have distinct timing classes (0.543042ms)
✔ recovery rejects future shared and per-image look metadata before restoring the set (1.652458ms)
✔ project renderer identity matches the actual pinned runtime bytes (42.590541ms)
✔ legacy migration preserves IDs, fractional pixel crops and exact transform order (1.865208ms)
✔ the shared text renderer upgrades only the known old identity and leaves original intent intact (0.695291ms)
✔ serialized projects preserve exact PNG and JPEG output bytes through the published engine (54.018292ms)
✔ many previews commit one reversible action and cancel restores the prior edit (1.105833ms)
✔ new edits discard redo; command history is bounded and contains no source data (37.511292ms)
✔ shared appearance resolves before node settings and local overrides without removing crops/masks (0.396833ms)
✔ connected geometry resolves per viewport in both ratios and tracks its stable anchor on reorder (0.405667ms)
✔ replacing a source invalidates only dependent slides and preserves unrelated local edits (0.476417ms)
✔ bad references, unknown schemas, code, remote assets and binary payloads are rejected (0.734625ms)
✔ scene styles reject unsupported operations and preview dimensions stay bounded (1.036125ms)
✔ image placement preserves crop bounds, cover focal edges and clockwise rotation (0.134084ms)
✔ the story assembler places every chosen photo exactly once at both count extremes and both ratios (46.363416ms)
✔ story look strength and reversible layout changes preserve captions, sources, focal points and crops (5.756167ms)
✔ story reorder moves stable slides and updates numbering as one reversible command (2.384584ms)
✔ legacy catalog parsing preserves complete data and fences unknown/malformed/duplicate records (1.205ms)
✔ independent creates from the same snapshot merge without overwriting catalog entries (2.474084ms)
✔ stale edits and edit/delete races cannot replace a newer version (0.3465ms)
✔ a stale create cannot resurrect an ID created and then deleted since its snapshot (0.234708ms)
✔ an exact retry is idempotent and a reused operation ID with different payload is refused (0.28825ms)
✔ bounded receipts reject retries older than the retained history instead of replaying them (17.964583ms)
✔ clearing advances the generation so pending work from any tab cannot recreate recipes (0.116875ms)
✔ catalog validation fences future schemas, missing histories, duplicate entries and extra fields (0.298208ms)
✔ one ID can have independently selected immutable revisions without rebinding to a library update (4.638958ms)
✔ selection identities distinguish separator-bearing IDs and unversioned saved copies (0.234334ms)
✔ duplicate identities with different immutable definitions fail instead of picking one (0.428584ms)
✔ new recovery references reject missing revisions, wrong IDs, extra items and future formats (3.241ms)
✔ old ID-only recovery selects its frozen copy before consulting the library and keeps source buffers (3.919708ms)
✔ new snapshots reopen all selected revisions without a library and remain independent of its removal (0.360875ms)
✔ oldest custom recipes require a deliberate choice even when a current copy has the same ID (3.857625ms)
✔ historical built-ins are resolved from the frozen baseline, independently of current catalog changes (0.573542ms)
✔ complete saved image state preserves absolute edits without inventing the original custom definition (3.813583ms)
✔ partial patches never masquerade as complete saved state, and malformed state is not silently replaced (1.05225ms)
✔ automatic layout actually changes the arrangement between portrait and tall (11.5125ms)
✔ an infeasible candidate does not discard another valid automatic arrangement (1.748542ms)
✔ every photo count and varied aspect/caption corpus fits rotated prints with consistent physical borders (523.883916ms)
✔ output frames resolve with local precedence and invalidate only their own variant (2.025917ms)
✔ reflow preserves masks, crop rounding, captions, focal points and local appearance as one undo (7.303292ms)
✔ manual positions survive replacement/reflow; explicit reset removes only position overrides (3.79ms)
✔ replacing a portrait with landscape and extending a caption reflows only the dependent slide (4.433042ms)
✔ old stories stay unchanged until explicit adaptation; reopening uses frozen frames (2.63825ms)
✔ malformed variant maps, sizing bases and layout definitions fail before editing (4.805458ms)
✔ style capture exports only chosen reusable settings, with no photos, masks, captions, crops or node IDs (26.175917ms)
✔ single-slide layout styles cannot alter another slide's present or future reflow (18.767625ms)
✔ look strength has deterministic endpoints and preserves source-specific edits (8.256209ms)
✔ layout application keeps manual positions by default; explicit reset preserves crop/appearance/text overrides (33.683916ms)
✔ style previews produce one undo and copy the immutable definition through serialization (26.154375ms)
✔ custom fonts and unrecognized layouts require an explicit supported alternative when saving (1.437709ms)
✔ unsupported requirements and engines import as identifiable styles but cannot be applied (2.915333ms)
✔ malformed imports reject executable, remote, private, oversized and out-of-range content (1.503917ms)
✔ text-only styles reflow the selected slide while keeping old static stories static (8.213917ms)
ℹ tests 90
ℹ suites 0
ℹ pass 90
ℹ fail 0
ℹ cancelled 0
ℹ skipped 0
ℹ todo 0
ℹ duration_ms 654.037833
