
> verify:browser
> node scripts/browser-smoke.mjs

  shared scheduler: 24 images each at 1/2/4/8 workers; identical outputs, no missing/duplicate items or admission violations
  shared text compositor: exact PNG/JPEG across editor engine, 1/4/8 workers and journaled folder output; custom-font integrity and bounded failure checks
  scene compositor: layers/masks/focal crops/rotation/alpha, 0-level seam and 0-level odd-viewport difference, exact 1280px preview, 1/4/8 workers, immutable revisions and pre-read cancellation/budget checks
  story storage: exact rendered reload, lazy verified assets, atomic quota rollback, real two-tab revision conflict, shared-asset GC and retained open revisions
  style library: immutable revisions, two-tab conflict/notifications, favorites/recent metadata, quota rollback/retry, 100-revision cap, unknown-data preservation and lossless private backup
  legacy styles: retained originals, exact three-aspect render parity, explicit output replacement, immutable revisions, two-tab migration, quota/reopen recovery and clear fencing
  recipe catalog: concurrent creates, atomic stale-edit/delete refusal, retained UI drafts/save-copy, immutable applied copies, quota rollback, idempotent reopen retry and cross-tab clear fencing
  catalog fences: malformed/future/duplicate originals remain unchanged and downloadable; v1 database upgrade preserves definitions; future catalog/database versions remain read-only with lossless known-record backups
  recipe selections: mixed revisions of one ID, preserved manual correction, exact reload after library removal, frozen folder labels/output and corrupt-reference fences
  recipe recovery upgrade: version-one ID selections retain frozen settings and archive their exact original before version-two recovery
  historical recovery: seeding saved operations
  historical recovery: restoring saved operations
  historical recovery: actual saved edits survive changed/deleted recipes, reset and per-image replacement; original schema archived
  oldest recovery: explicit current choice on a phone keeps known corrections and the raw backup
  oldest recovery: explicit originals choice on a phone keeps known corrections and the raw backup
  historical recovery: saved avif intent survives capability updates until explicitly replaced
  historical recovery: saved compression intent survives capability updates until explicitly replaced
  photo looks: isolated previews, primitive color/strength parity, scopes/undo, destination independence, recovery, transactional folder retry and frozen output; exact PNG/JPEG downsample and 1/2/4/8 worker correctness
  phone photo looks: native sheets, failed-preview retry, saved/favorite style focus, 200% text/touch targets and exact reload after library changes
  origin admission: real two-tab Pillow output, shared CPU/memory and startup admission, deferred copies, idle retirement, priority/cancellation, closed-context recovery, no-broadcast fallback and fail-closed lock errors
  cutouts: L/alpha import, preserved source alpha, soft brushes, 1/2/4/8 worker parity, phone pointer/keyboard repair, failed import, local/story undo, cancel, exact recovery, quota rollback/retry and source replacement
  cutout detail: exact independently decoded source-pixel regions, 1/2/4/8 worker parity, one-pixel pointer/keyboard repair, read-only pan/zoom, worker/decode retry, resize, saved coordinates and cancellation
  depth titles: source alpha and soft-mask composition, one source decode, exact preview, 1/2/4/8 worker identity, phone setup/handoff/edit/cancel/undo, reflow, exact recovery, quota retry, title-preserving mask/source changes and ordered exports
  depth rendering bounds: {"cases":[{"sourceOpens":1,"maskOpens":1,"alphaError":0,"colorError":1.6369703960015443,"changed":5650,"pageDifference":1,"fallbackDifference":1,"fallbackWarning":true,"unchanged":true,"preview":true},{"sourceOpens":1,"maskOpens":1,"alphaError":0,"colorError":1.6862745098039227,"changed":3522,"pageDifference":1,"fallbackDifference":1,"fallbackWarning":true,"unchanged":true,"preview":true}],"seamDifference":0}
verify:browser FAIL
browser state {
  batch: 'Add images, make an edit, then download the results.',
  processing: 'Open an image to begin.',
  recovery: 'Your last work is still on this device.',
  recoveryErrors: []
} []
page.waitForFunction: Timeout 30000ms exceeded.
    at reviewed (/Users/lazytrot/work/tiny-image-star/tests/connections.browser.mjs:10:31)
    at apply (/Users/lazytrot/work/tiny-image-star/tests/connections.browser.mjs:11:37)
    at assertConnectedCutouts (/Users/lazytrot/work/tiny-image-star/tests/connections.browser.mjs:120:99)
    at async main (/Users/lazytrot/work/tiny-image-star/scripts/browser-smoke.mjs:827:5)
    at async file:///Users/lazytrot/work/tiny-image-star/scripts/browser-smoke.mjs:2363:20 {
  log: [],
  name: 'TimeoutError'
}
