
> migration:benchmark
> node scripts/migration/run.mjs benchmark

tests/fixtures/corpus/collections-v1/small.json: browser-1 reference 0: pass 24277 ms
tests/fixtures/corpus/collections-v1/small.json: browser-1 gate 0: pass 24307 ms
tests/fixtures/corpus/collections-v1/small.json: browser-2 gate 0: pass 12523 ms
tests/fixtures/corpus/collections-v1/small.json: browser-4 gate 0: pass 6607 ms
tests/fixtures/corpus/collections-v1/small.json: browser-8 gate 0: pass 4137 ms
tests/fixtures/corpus/collections-v1/small.json: browser-auto gate 0: pass 4332 ms
tests/fixtures/corpus/collections-v1/small.json: browser-8 measurement 0: pass 4233 ms
tests/fixtures/corpus/collections-v1/small.json: browser-2 measurement 0: pass 12562 ms
tests/fixtures/corpus/collections-v1/small.json: browser-1 measurement 0: pass 24383 ms
tests/fixtures/corpus/collections-v1/small.json: browser-auto measurement 0: pass 4315 ms
tests/fixtures/corpus/collections-v1/small.json: browser-4 measurement 0: pass 6634 ms
tests/fixtures/corpus/collections-v1/small.json: browser-8 measurement 1: pass 4167 ms
tests/fixtures/corpus/collections-v1/small.json: browser-1 measurement 1: pass 24359 ms
tests/fixtures/corpus/collections-v1/small.json: browser-4 measurement 1: pass 6700 ms
tests/fixtures/corpus/collections-v1/small.json: browser-2 measurement 1: pass 12568 ms
tests/fixtures/corpus/collections-v1/small.json: browser-auto measurement 1: pass 4335 ms
tests/fixtures/corpus/collections-v1/small.json: browser-8 measurement 2: pass 4132 ms
tests/fixtures/corpus/collections-v1/small.json: browser-4 measurement 2: pass 6579 ms
tests/fixtures/corpus/collections-v1/small.json: browser-2 measurement 2: pass 12579 ms
tests/fixtures/corpus/collections-v1/small.json: browser-1 measurement 2: pass 24421 ms
tests/fixtures/corpus/collections-v1/small.json: browser-auto measurement 2: pass 4405 ms
tests/fixtures/corpus/collections-v1/small.json: browser-auto measurement 3: pass 4334 ms
tests/fixtures/corpus/collections-v1/small.json: browser-1 measurement 3: pass 24506 ms
tests/fixtures/corpus/collections-v1/small.json: browser-2 measurement 3: pass 12549 ms
tests/fixtures/corpus/collections-v1/small.json: browser-8 measurement 3: pass 4270 ms
tests/fixtures/corpus/collections-v1/small.json: browser-4 measurement 3: pass 6738 ms
tests/fixtures/corpus/collections-v1/small.json: browser-1 measurement 4: pass 24652 ms
tests/fixtures/corpus/collections-v1/small.json: browser-8 measurement 4: pass 4282 ms
tests/fixtures/corpus/collections-v1/small.json: browser-2 measurement 4: pass 12647 ms
tests/fixtures/corpus/collections-v1/small.json: browser-auto measurement 4: pass 4406 ms
tests/fixtures/corpus/collections-v1/small.json: browser-4 measurement 4: pass 6627 ms
tests/fixtures/corpus/collections-v1/small.json: browser-1 reference 0: pass 24499 ms
tests/fixtures/corpus/collections-v1/small.json: browser-1 gate 0: pass 24504 ms
tests/fixtures/corpus/collections-v1/small.json: browser-2 gate 0: pass 12616 ms
tests/fixtures/corpus/collections-v1/small.json: browser-4 gate 0: pass 6660 ms
tests/fixtures/corpus/collections-v1/small.json: browser-8 gate 0: pass 4232 ms
tests/fixtures/corpus/collections-v1/small.json: browser-auto gate 0: pass 4406 ms
tests/fixtures/corpus/collections-v1/small.json: browser-8 measurement 0: pass 3996 ms
tests/fixtures/corpus/collections-v1/small.json: browser-2 measurement 0: pass 12573 ms
tests/fixtures/corpus/collections-v1/small.json: browser-1 measurement 0: pass 24452 ms
tests/fixtures/corpus/collections-v1/small.json: browser-auto measurement 0: pass 3510 ms
tests/fixtures/corpus/collections-v1/small.json: browser-4 measurement 0: pass 6491 ms
tests/fixtures/corpus/collections-v1/small.json: browser-8 measurement 1: pass 3985 ms
tests/fixtures/corpus/collections-v1/small.json: browser-1 measurement 1: pass 24399 ms
tests/fixtures/corpus/collections-v1/small.json: browser-4 measurement 1: pass 6495 ms
tests/fixtures/corpus/collections-v1/small.json: browser-2 measurement 1: pass 12504 ms
tests/fixtures/corpus/collections-v1/small.json: browser-auto measurement 1: pass 3506 ms
tests/fixtures/corpus/collections-v1/small.json: browser-8 measurement 2: pass 4089 ms
tests/fixtures/corpus/collections-v1/small.json: browser-4 measurement 2: pass 6690 ms
tests/fixtures/corpus/collections-v1/small.json: browser-2 measurement 2: pass 12525 ms
tests/fixtures/corpus/collections-v1/small.json: browser-1 measurement 2: pass 24570 ms
tests/fixtures/corpus/collections-v1/small.json: browser-auto measurement 2: pass 3474 ms
tests/fixtures/corpus/collections-v1/small.json: browser-auto measurement 3: pass 3453 ms
tests/fixtures/corpus/collections-v1/small.json: browser-1 measurement 3: pass 24664 ms
tests/fixtures/corpus/collections-v1/small.json: browser-2 measurement 3: pass 12619 ms
tests/fixtures/corpus/collections-v1/small.json: browser-8 measurement 3: pass 4222 ms
tests/fixtures/corpus/collections-v1/small.json: browser-4 measurement 3: pass 6608 ms
tests/fixtures/corpus/collections-v1/small.json: browser-1 measurement 4: pass 24704 ms
tests/fixtures/corpus/collections-v1/small.json: browser-8 measurement 4: pass 4141 ms
tests/fixtures/corpus/collections-v1/small.json: browser-2 measurement 4: pass 12654 ms
tests/fixtures/corpus/collections-v1/small.json: browser-auto measurement 4: pass 3605 ms
tests/fixtures/corpus/collections-v1/small.json: browser-4 measurement 4: pass 6619 ms
tests/fixtures/corpus/collections-v1/camera.json: browser-1 reference 0: pass 20138 ms
tests/fixtures/corpus/collections-v1/camera.json: browser-1 gate 0: pass 20118 ms
tests/fixtures/corpus/collections-v1/camera.json: browser-2 gate 0: pass 10598 ms
tests/fixtures/corpus/collections-v1/camera.json: browser-4 gate 0: pass 9851 ms
tests/fixtures/corpus/collections-v1/camera.json: browser-8 gate 0: pass 10320 ms
tests/fixtures/corpus/collections-v1/camera.json: browser-auto gate 0: pass 10147 ms
tests/fixtures/corpus/collections-v1/camera.json: browser-8 measurement 0: pass 10132 ms
tests/fixtures/corpus/collections-v1/camera.json: browser-2 measurement 0: pass 10518 ms
tests/fixtures/corpus/collections-v1/camera.json: browser-1 measurement 0: pass 20162 ms
tests/fixtures/corpus/collections-v1/camera.json: browser-auto measurement 0: pass 10219 ms
tests/fixtures/corpus/collections-v1/camera.json: browser-4 measurement 0: pass 10119 ms
tests/fixtures/corpus/collections-v1/camera.json: browser-8 measurement 1: pass 10411 ms
tests/fixtures/corpus/collections-v1/camera.json: browser-1 measurement 1: pass 20018 ms
tests/fixtures/corpus/collections-v1/camera.json: browser-4 measurement 1: pass 10168 ms
tests/fixtures/corpus/collections-v1/camera.json: browser-2 measurement 1: pass 10578 ms
tests/fixtures/corpus/collections-v1/camera.json: browser-auto measurement 1: pass 10551 ms
tests/fixtures/corpus/collections-v1/camera.json: browser-8 measurement 2: pass 9913 ms
tests/fixtures/corpus/collections-v1/camera.json: browser-4 measurement 2: pass 9579 ms
tests/fixtures/corpus/collections-v1/camera.json: browser-2 measurement 2: pass 10584 ms
tests/fixtures/corpus/collections-v1/camera.json: browser-1 measurement 2: pass 20144 ms
tests/fixtures/corpus/collections-v1/camera.json: browser-auto measurement 2: pass 10580 ms
tests/fixtures/corpus/collections-v1/camera.json: browser-auto measurement 3: pass 10587 ms
tests/fixtures/corpus/collections-v1/camera.json: browser-1 measurement 3: pass 20097 ms
tests/fixtures/corpus/collections-v1/camera.json: browser-2 measurement 3: pass 10600 ms
tests/fixtures/corpus/collections-v1/camera.json: browser-8 measurement 3: pass 10222 ms
tests/fixtures/corpus/collections-v1/camera.json: browser-4 measurement 3: pass 10342 ms
tests/fixtures/corpus/collections-v1/camera.json: browser-1 measurement 4: pass 20142 ms
tests/fixtures/corpus/collections-v1/camera.json: browser-8 measurement 4: pass 10097 ms
tests/fixtures/corpus/collections-v1/camera.json: browser-2 measurement 4: pass 10600 ms
tests/fixtures/corpus/collections-v1/camera.json: browser-auto measurement 4: pass 10215 ms
tests/fixtures/corpus/collections-v1/camera.json: browser-4 measurement 4: pass 9876 ms
tests/fixtures/corpus/collections-v1/camera.json: browser-1 reference 0: pass 20116 ms
tests/fixtures/corpus/collections-v1/camera.json: browser-1 gate 0: pass 21052 ms
tests/fixtures/corpus/collections-v1/camera.json: browser-2 gate 0: pass 10740 ms
tests/fixtures/corpus/collections-v1/camera.json: browser-4 gate 0: pass 10239 ms
tests/fixtures/corpus/collections-v1/camera.json: browser-8 gate 0: pass 10062 ms
tests/fixtures/corpus/collections-v1/camera.json: browser-auto gate 0: pass 10624 ms
tests/fixtures/corpus/collections-v1/camera.json: browser-8 measurement 0: pass 9414 ms
tests/fixtures/corpus/collections-v1/camera.json: browser-2 measurement 0: pass 9921 ms
tests/fixtures/corpus/collections-v1/camera.json: browser-1 measurement 0: pass 19519 ms
tests/fixtures/corpus/collections-v1/camera.json: browser-auto measurement 0: pass 9908 ms
tests/fixtures/corpus/collections-v1/camera.json: browser-4 measurement 0: pass 10423 ms
tests/fixtures/corpus/collections-v1/camera.json: browser-8 measurement 1: pass 9441 ms
tests/fixtures/corpus/collections-v1/camera.json: browser-1 measurement 1: pass 19514 ms
tests/fixtures/corpus/collections-v1/camera.json: browser-4 measurement 1: pass 9794 ms
tests/fixtures/corpus/collections-v1/camera.json: browser-2 measurement 1: pass 9982 ms
tests/fixtures/corpus/collections-v1/camera.json: browser-auto measurement 1: pass 9886 ms
tests/fixtures/corpus/collections-v1/camera.json: browser-8 measurement 2: pass 9886 ms
tests/fixtures/corpus/collections-v1/camera.json: browser-4 measurement 2: pass 9456 ms
tests/fixtures/corpus/collections-v1/camera.json: browser-2 measurement 2: pass 9993 ms
tests/fixtures/corpus/collections-v1/camera.json: browser-1 measurement 2: pass 19573 ms
tests/fixtures/corpus/collections-v1/camera.json: browser-auto measurement 2: pass 9996 ms
tests/fixtures/corpus/collections-v1/camera.json: browser-auto measurement 3: pass 9604 ms
tests/fixtures/corpus/collections-v1/camera.json: browser-1 measurement 3: pass 19595 ms
tests/fixtures/corpus/collections-v1/camera.json: browser-2 measurement 3: pass 9945 ms
tests/fixtures/corpus/collections-v1/camera.json: browser-8 measurement 3: pass 9585 ms
tests/fixtures/corpus/collections-v1/camera.json: browser-4 measurement 3: pass 9469 ms
tests/fixtures/corpus/collections-v1/camera.json: browser-1 measurement 4: pass 19532 ms
tests/fixtures/corpus/collections-v1/camera.json: browser-8 measurement 4: pass 9849 ms
tests/fixtures/corpus/collections-v1/camera.json: browser-2 measurement 4: pass 9965 ms
tests/fixtures/corpus/collections-v1/camera.json: browser-auto measurement 4: pass 10079 ms
tests/fixtures/corpus/collections-v1/camera.json: browser-4 measurement 4: pass 9934 ms
TinyImageStar.Engine.renderWithApi.performance: 1.725 / limit 1.5: fail; run benchmark-6a30d31a-8f7b-40c1-8cd8-0c3d63aed3d7
TinyImageStar.Engine.renderWithApi.collection-small-cold-auto-vs-1: 0.178 / limit 1.1: pass; run benchmark-6a30d31a-8f7b-40c1-8cd8-0c3d63aed3d7
TinyImageStar.Engine.renderWithApi.collection-small-cold-auto-vs-2: 0.345 / limit 1.1: pass; run benchmark-6a30d31a-8f7b-40c1-8cd8-0c3d63aed3d7
TinyImageStar.Engine.renderWithApi.collection-small-cold-auto-vs-4: 0.653 / limit 1.1: pass; run benchmark-6a30d31a-8f7b-40c1-8cd8-0c3d63aed3d7
TinyImageStar.Engine.renderWithApi.collection-small-cold-auto-vs-8: 1.024 / limit 1.1: pass; run benchmark-6a30d31a-8f7b-40c1-8cd8-0c3d63aed3d7
TinyImageStar.Engine.renderWithApi.collection-small-cold-auto-vs-16: not measured / limit 1.1: not_proven; run benchmark-6a30d31a-8f7b-40c1-8cd8-0c3d63aed3d7
TinyImageStar.Engine.renderWithApi.collection-small-warm-auto-vs-1: 0.143 / limit 1.1: pass; run benchmark-6a30d31a-8f7b-40c1-8cd8-0c3d63aed3d7
TinyImageStar.Engine.renderWithApi.collection-small-warm-auto-vs-2: 0.279 / limit 1.1: pass; run benchmark-6a30d31a-8f7b-40c1-8cd8-0c3d63aed3d7
TinyImageStar.Engine.renderWithApi.collection-small-warm-auto-vs-4: 0.531 / limit 1.1: pass; run benchmark-6a30d31a-8f7b-40c1-8cd8-0c3d63aed3d7
TinyImageStar.Engine.renderWithApi.collection-small-warm-auto-vs-8: 0.857 / limit 1.1: pass; run benchmark-6a30d31a-8f7b-40c1-8cd8-0c3d63aed3d7
TinyImageStar.Engine.renderWithApi.collection-small-warm-auto-vs-16: not measured / limit 1.1: not_proven; run benchmark-6a30d31a-8f7b-40c1-8cd8-0c3d63aed3d7
TinyImageStar.Engine.renderWithApi.collection-camera-cold-auto-vs-1: 0.524 / limit 1.1: pass; run benchmark-6a30d31a-8f7b-40c1-8cd8-0c3d63aed3d7
TinyImageStar.Engine.renderWithApi.collection-camera-cold-auto-vs-2: 0.997 / limit 1.1: pass; run benchmark-6a30d31a-8f7b-40c1-8cd8-0c3d63aed3d7
TinyImageStar.Engine.renderWithApi.collection-camera-cold-auto-vs-4: 1.043 / limit 1.1: pass; run benchmark-6a30d31a-8f7b-40c1-8cd8-0c3d63aed3d7
TinyImageStar.Engine.renderWithApi.collection-camera-cold-auto-vs-8: 1.041 / limit 1.1: pass; run benchmark-6a30d31a-8f7b-40c1-8cd8-0c3d63aed3d7
TinyImageStar.Engine.renderWithApi.collection-camera-cold-auto-vs-16: not measured / limit 1.1: not_proven; run benchmark-6a30d31a-8f7b-40c1-8cd8-0c3d63aed3d7
TinyImageStar.Engine.renderWithApi.collection-camera-warm-auto-vs-1: 0.507 / limit 1.1: pass; run benchmark-6a30d31a-8f7b-40c1-8cd8-0c3d63aed3d7
TinyImageStar.Engine.renderWithApi.collection-camera-warm-auto-vs-2: 0.994 / limit 1.1: pass; run benchmark-6a30d31a-8f7b-40c1-8cd8-0c3d63aed3d7
TinyImageStar.Engine.renderWithApi.collection-camera-warm-auto-vs-4: 1.012 / limit 1.1: pass; run benchmark-6a30d31a-8f7b-40c1-8cd8-0c3d63aed3d7
TinyImageStar.Engine.renderWithApi.collection-camera-warm-auto-vs-8: 1.034 / limit 1.1: pass; run benchmark-6a30d31a-8f7b-40c1-8cd8-0c3d63aed3d7
TinyImageStar.Engine.renderWithApi.collection-camera-warm-auto-vs-16: not measured / limit 1.1: not_proven; run benchmark-6a30d31a-8f7b-40c1-8cd8-0c3d63aed3d7
