
> verify:scheduler
> node --test tests/processing.test.mjs

✔ admission defers copies, shares CPU across worker kinds, and reuses an idle engine (13.458458ms)
✔ current-image priority, FIFO ties, and aging prevent starvation (0.926625ms)
✔ memory admission counts retained data, active output and idle heaps (1.091709ms)
✔ explicit high concurrency is not capped at four and never exceeds CPU tokens (1.511792ms)
✔ text admission includes its RGBA surfaces and custom fonts before dispatch (0.81675ms)
✔ cancel kills synchronous work, drops stale messages, and does not prepare queued sources (0.867875ms)
✔ worker death and task timeout release all reservations and permit retry (26.387333ms)
✔ cancelled asynchronous source reads retain memory credit until they settle (0.580958ms)
✔ reentrant completion can close a logical client without destroying reusable workers (0.390708ms)
✔ closing during a grouped worker-start failure cannot dispatch later cancelled tasks (0.355041ms)
✔ allocation estimates reject oversized sources and budget the full current preview path (0.086416ms)
✔ Auto grows on useful work, retreats without throughput gain, and observes cooldown (2.7805ms)
✔ interleaved header inspection and mixed image sizes do not erase Auto calibration (2.155791ms)
✔ header-only work does not calibrate image throughput (1.669708ms)
✖ Auto starts a backlogged render batch with two workers and still measures subsequent growth (1.451792ms)
✔ Auto preserves a serial start with a missing memory hint (0.709458ms)
✔ Auto preserves a serial start with a small memory hint (0.281375ms)
✔ Auto preserves a serial start with a small CPU hint (0.271791ms)
✔ Auto does not start an extra worker for short edits or from queued inspections (0.42725ms)
✔ the initial Auto probe cannot bypass retained memory or output reservations (0.442083ms)
✔ pressure suppresses the initial Auto probe even after cooldown and an unchanged configure call (0.280667ms)
✔ Auto retains useful concurrency without counting idle time between collections (3.168792ms)
✔ Auto discards an unfinished measurement when the queue drains by success (0.550542ms)
✔ Auto discards an unfinished measurement when the queue drains by render-error (0.476208ms)
✔ Auto discards an unfinished measurement when the queue drains by cancel (0.385084ms)
✔ Auto discards an unfinished measurement when the queue drains by prepare-error (0.385583ms)
✔ Auto discards an unfinished measurement when the queue drains by cancel-queued (0.370875ms)
✔ an oversized idle WASM heap is retired before admitting smaller work (0.403292ms)
ℹ tests 28
ℹ suites 0
ℹ pass 27
ℹ fail 1
ℹ cancelled 0
ℹ skipped 0
ℹ todo 0
ℹ duration_ms 101.174625

✖ failing tests:

test at tests/processing.test.mjs:231:1
✖ Auto starts a backlogged render batch with two workers and still measures subsequent growth (1.451792ms)
  AssertionError [ERR_ASSERTION]: a large queued batch can start a bounded two-worker probe
  
  7 !== 2
  
      at TestContext.<anonymous> (file:///Users/lazytrot/work/tiny-image-star/tests/processing.test.mjs:236:10)
      at async Test.run (node:internal/test_runner/test:1332:7)
      at async Test.processPendingSubtests (node:internal/test_runner/test:911:7) {
    generatedMessage: false,
    code: 'ERR_ASSERTION',
    actual: 7,
    expected: 2,
    operator: 'strictEqual',
    diff: 'simple'
  }
