
> preverify
> npm run check:runtime


> check:runtime
> node scripts/stage-pillow-runtime.mjs --check

Pillow-RS 12.2.0-alpha.1: paired runtime integrity verified.

> verify
> node scripts/verify.mjs && npm run verify:scheduler && npm run verify:project-model

verify: PASS
  real WASM transforms: PNG fit/crop/rotate/flip/adjustments, exact decoded pixels, PNG bytes, decoded dimensions, output-size guard
  real input decoders: JPEG, BMP, WebP, GIF, TIFF, ICO, EXIF-JPEG fixture paths, corrupt-input rejection
  real format contract: runtime-verified output formats png, jpeg; JPEG alpha flattening, fixed settings and rejection of PNG-only masquerading
  large-folder contract: 100k metadata-only manifest, bounded virtual rows/workers, collision-safe paths, direct folder output, no archive path
  contract checks: editor modules, readiness separation, revisions, capability-driven formats, Low/Medium/High quality gating, metadata-only download, presets, selection, append imports, animated-input safety, duplicate identity, byte/output pixel guards, memory-aware worker parallelism, bounded worker failure handling, relative apply-to-all edits, shared-recipe/per-item override merge, explicit recipe scope, mixed-shape framing review, unified tray selection, versioned session and large-job recovery

> verify:scheduler
> node --test tests/processing.test.mjs tests/processing-startup.test.mjs

✔ initial Auto admission follows real arrivals, then stops speculative growth at the first useful result (14.656666ms)
✔ a completed short probe cannot be enlarged merely by later arrivals or header inspection (2.822667ms)
✔ cancelled initial work and pressure do not reopen the speculative arrival phase (1.426208ms)
✔ a wider initial limit still counts retained sources, terminal outputs and actual reads against memory (0.678833ms)
✔ Auto challenges an unproven initial size when 1 workers already saturate useful throughput (4.187125ms)
✔ Auto challenges an unproven initial size when 2 workers already saturate useful throughput (4.603834ms)
✔ an unfinished downward probe restores the measured good limit on cancel (2.052792ms)
✔ an unfinished downward probe restores the measured good limit on drain (1.586791ms)
✔ the initial eight-worker bound does not cap later measured concurrency on a larger budget (2.020083ms)
✔ another work class cannot certify a lower-count trial, and pressure cancels its old baseline (2.183125ms)
✔ admission defers copies, shares CPU across worker kinds, and reuses an idle engine (14.828625ms)
✔ current-image priority, FIFO ties, and aging prevent starvation (1.24725ms)
✔ memory admission counts retained data, active output and idle heaps (1.283ms)
✔ explicit high concurrency is not capped at four and never exceeds CPU tokens (1.512125ms)
✔ text admission includes its RGBA surfaces and custom fonts before dispatch (0.857709ms)
✔ cancel kills synchronous work, drops stale messages, and does not prepare queued sources (0.686709ms)
✔ worker death and task timeout release all reservations and permit retry (26.355084ms)
✔ cancelled asynchronous source reads retain memory credit until they settle (0.7535ms)
✔ reentrant completion can close a logical client without destroying reusable workers (0.424542ms)
✔ closing during a grouped worker-start failure cannot dispatch later cancelled tasks (0.337958ms)
✔ allocation estimates reject oversized sources and budget the full current preview path (0.094834ms)
✔ Auto grows on useful work, retreats without throughput gain, and observes cooldown (2.458667ms)
✔ interleaved header inspection and mixed image sizes do not erase Auto calibration (2.039584ms)
✔ header-only work does not calibrate image throughput (1.601041ms)
✔ Auto keeps the eight-sample growth gate and checks whether fewer provisional workers suffice (1.659334ms)
✔ Auto preserves a serial start with a missing memory hint (0.46525ms)
✔ Auto preserves a serial start with a small memory hint (0.351708ms)
✔ Auto preserves a serial start with a small CPU hint (0.323583ms)
✔ Auto does not start an extra worker for short edits or from queued inspections (0.475958ms)
✔ the initial Auto probe cannot bypass retained memory or output reservations (0.465084ms)
✔ pressure suppresses the initial Auto probe even after cooldown and an unchanged configure call (0.416834ms)
✔ Auto retains useful concurrency without counting idle time between collections (2.625709ms)
✔ Auto discards an unfinished measurement when the queue drains by success (0.43025ms)
✔ Auto discards an unfinished measurement when the queue drains by render-error (0.317792ms)
✔ Auto discards an unfinished measurement when the queue drains by cancel (0.2985ms)
✔ Auto discards an unfinished measurement when the queue drains by prepare-error (0.313208ms)
✔ Auto discards an unfinished measurement when the queue drains by cancel-queued (0.366333ms)
✔ an oversized idle WASM heap is retired before admitting smaller work (0.370041ms)
ℹ tests 38
ℹ suites 0
ℹ pass 38
ℹ fail 0
ℹ cancelled 0
ℹ skipped 0
ℹ todo 0
ℹ duration_ms 103.677875

> verify:project-model
> node --test tests/project.test.mjs tests/story-layout.test.mjs tests/story-designs.test.mjs tests/story-fonts.test.mjs tests/working-copies.test.mjs tests/source-resolution.test.mjs tests/styles.test.mjs tests/legacy-styles.test.mjs tests/recipe-catalog.test.mjs tests/recipe-selection.test.mjs tests/photo-look.test.mjs tests/masks.test.mjs tests/depth.test.mjs tests/connections.test.mjs tests/cutout-effects.test.mjs tests/render-diagnostics.test.mjs

✔ connected copy preserves its source, shares the mask, and spans the same join in both shapes (31.718625ms)
✔ create, position, mask edit and remove are atomic and reversible, with no shared-mask deletion (15.116875ms)
✔ connected pairs move together past neighboring blocks and retain local geometry (11.793959ms)
✔ changing the joined pair carries depth text and removing the copy leaves originals intact (2.34275ms)
✔ connection validation rejects split pairs, unilateral overrides and unknown connection schemas (3.722625ms)
✔ variant positioning, layout and styles preserve connections without counting decorative copies as sources (15.908417ms)
✔ disk dilation agrees with an independent neighborhood oracle for soft masks, thin edges and transparent borders (6.983416ms)
✔ depth decoration agrees with an independent three-layer composition and protects opaque subjects (0.542792ms)
✔ effects persist through grouped history, connected copies, mask removal and reattachment (21.982292ms)
✔ schema rejects unsupported fields, non-image effects and unbounded or invalid parameters (2.490083ms)
✔ planning includes off-page effect support and reserves padded rendering before admission (2.426333ms)
✔ reusable finishes share only effect parameters and apply to existing subject selections in scope (11.601208ms)
✔ depth preserves source alpha and matches an independently split layer stack (2.014125ms)
✔ page background composites the extracted subject once over the title (0.293ms)
✔ depth title creation and edits form one undoable project operation (16.52425ms)
✔ depth relationships reject dangling, reordered, shared or incompatible titles (6.739583ms)
✔ depth geometry follows photo frame, rotation and both output variants (7.350833ms)
✔ looks and missing-mask fallback preserve title edits, while styles exclude private links (4.771542ms)
✔ all destination presets become versioned outputs with identical identity, parameters and order (4.889ms)
✔ private legacy definitions preserve original fields and text, and do not enter public style sharing (0.645833ms)
✔ a consumer resolves the copied revision rather than mutable wrapper operations (0.228333ms)
✔ unsupported output and compression intents remain identifiable until an explicit replacement (1.643542ms)
✔ folder jobs freeze the complete style and preserve relative crop, transforms and local recipe parameters (0.671834ms)
✔ unknown engine identities remain preserved but cannot execute as the current renderer (1.062667ms)
✔ migration rejects malformed executable, oversized and out-of-range data without coercing intent (4.656ms)
✔ mask brushes preserve untouched pixels and support erase/restore with soft opacity (0.617667ms)
✔ one stroke is independent of point density and retracing (6.492ms)
✔ a one-source-pixel brush can repair a large image without touching neighbors (123.544333ms)
✔ detail areas preserve source coordinates at every zoom and edge, with bounded allocation (0.862542ms)
✔ mask brush and memory bounds reject malformed work before allocation (0.188875ms)
✔ a cutout is one reversible asset edit and global looks preserve mask/crop (16.390709ms)
✔ mask removal preserves shared assets and bounded history keeps undo dependencies (10.23925ms)
✔ photo colors are frozen independently of story layout, typography and output (9.876708ms)
✔ malformed, out-of-range and unsupported photo looks fail before rendering (10.81075ms)
✔ all/selected/this look application and undo preserve unrelated manual corrections (1.690625ms)
✔ a stale look undo cannot overwrite a later look and empty selections do not mutate (3.179541ms)
✔ folder recipes copy the chosen look and its base output recipe without following library updates (3.663833ms)
✔ look and downsampled output previews reserve their additional memory and have distinct timing classes (0.712542ms)
✔ recovery rejects future shared and per-image look metadata before restoring the set (6.085084ms)
✔ project renderer identity matches the actual pinned runtime bytes (31.051958ms)
✔ legacy migration preserves IDs, fractional pixel crops and exact transform order (3.036333ms)
✔ the shared text renderer upgrades only the known old identity and leaves original intent intact (1.927333ms)
✔ serialized projects preserve exact PNG and JPEG output bytes through the published engine (61.213959ms)
✔ many previews commit one reversible action and cancel restores the prior edit (2.329083ms)
✔ new edits discard redo; command history is bounded and contains no source data (70.508125ms)
✔ shared appearance resolves before node settings and local overrides without removing crops/masks (0.389709ms)
✔ connected geometry resolves per viewport in both ratios and tracks its stable anchor on reorder (0.386833ms)
✔ replacing a source invalidates only dependent slides and preserves unrelated local edits (0.497792ms)
✔ bad references, unknown schemas, code, remote assets and binary payloads are rejected (0.745625ms)
✔ scene styles reject unsupported operations and preview dimensions stay bounded (1.838084ms)
✔ image placement preserves crop bounds, cover focal edges and clockwise rotation (0.190625ms)
✔ the story assembler places every chosen photo exactly once at both count extremes and both ratios (43.252542ms)
✔ story look strength and reversible layout changes preserve captions, sources, focal points and crops (8.75775ms)
✔ story reorder moves stable slides and updates numbering as one reversible command (2.4755ms)
✔ legacy catalog parsing preserves complete data and fences unknown/malformed/duplicate records (4.457167ms)
✔ independent creates from the same snapshot merge without overwriting catalog entries (5.109917ms)
✔ stale edits and edit/delete races cannot replace a newer version (0.350417ms)
✔ a stale create cannot resurrect an ID created and then deleted since its snapshot (0.218083ms)
✔ an exact retry is idempotent and a reused operation ID with different payload is refused (0.245167ms)
✔ bounded receipts reject retries older than the retained history instead of replaying them (107.964791ms)
✔ clearing advances the generation so pending work from any tab cannot recreate recipes (0.164417ms)
✔ catalog validation fences future schemas, missing histories, duplicate entries and extra fields (3.701625ms)
✔ one ID can have independently selected immutable revisions without rebinding to a library update (5.529166ms)
✔ selection identities distinguish separator-bearing IDs and unversioned saved copies (0.342ms)
✔ duplicate identities with different immutable definitions fail instead of picking one (3.269083ms)
✔ new recovery references reject missing revisions, wrong IDs, extra items and future formats (4.968667ms)
✔ old ID-only recovery selects its frozen copy before consulting the library and keeps source buffers (1.953833ms)
✔ new snapshots reopen all selected revisions without a library and remain independent of its removal (0.452ms)
✔ oldest custom recipes require a deliberate choice even when a current copy has the same ID (3.286625ms)
✔ historical built-ins are resolved from the frozen baseline, independently of current catalog changes (0.290375ms)
✔ complete saved image state preserves absolute edits without inventing the original custom definition (2.170292ms)
✔ partial patches never masquerade as complete saved state, and malformed state is not silently replaced (1.607042ms)
✔ opt-in timing observations preserve complete PNG/JPEG outputs and ordinary result shape (7.280917ms)
✔ one conversion preserves edited and connected scene metadata, parent masks and one-step undo (48.887ms)
✔ restoring after cutout painting resizes the current mask instead of restoring a stale parent (8.586208ms)
✔ old copies remain readable, verified parent hashes control caching, and referenced masks cannot be deleted (9.980375ms)
✔ admission includes full source and upscaled target before reads; malformed output never changes the input (6.746875ms)
✔ partial failure and cancellation drain all copy tasks before releasing output ownership (6.484375ms)
✔ conversion without a mask stays mask-free; copies reject invalid direction, geometry and reservations before decoding (4.34025ms)
✔ story byte limits and sibling failure leave no partial assets or retained copies (7.2945ms)
✔ three frozen story recipes remain separate from the existing color-look revisions (31.319833ms)
✔ all recipes preserve every photo and caption across counts, orientations and both output shapes (2702.111042ms)
✔ photo decorations follow manual frames and rotation using photo-relative geometry (10.161709ms)
✔ recipe replacement removes only owned decorations and preserves local photo/word repairs through undo (54.872792ms)
✔ Depth cover requires the cover mask, targets only that photo and preserves an existing title (12.058583ms)
✔ Depth cover fills the available frame in both shapes while preserving editable source crop and mask (25.468958ms)
✔ recipe color strength leaves layout, typography, captions and subject selection identical (56.11725ms)
✔ new source reflow keeps decorations attached and old saved stories do not acquire a design (23.294792ms)
✔ untrusted designs and attachments cannot add executable fields, unbounded data or unrelated owners (15.623083ms)
✔ the unmodified font pack binds four binaries, licenses, descriptors and coverage to pinned source hashes (39.183833ms)
✔ revision-two recipes freeze licensed fonts while revision one remains independent and asset-free (110.017208ms)
✔ saved text and depth styles share only pinned font references and preserve one-step undo (22.584458ms)
✔ font declarations reject unsafe/private fields and preserve unavailable imports without substitution (14.714541ms)
✔ unsupported glyphs and styles fail preflight; explicit device fallback keeps words and is reversible (17.329083ms)
✔ font fetches are pinned, bounded, hash-checked, cancellable and never accept recipe URLs (16.55575ms)
✔ shared font loading counts temporary bytes, cancels only the last consumer and reuses stored sources (0.782917ms)
✔ automatic layout actually changes the arrangement between portrait and tall (6.289ms)
✔ an infeasible candidate does not discard another valid automatic arrangement (2.763458ms)
✔ every photo count and varied aspect/caption corpus fits rotated prints with consistent physical borders (522.185541ms)
✔ output frames resolve with local precedence and invalidate only their own variant (2.15275ms)
✔ reflow preserves masks, crop rounding, captions, focal points and local appearance as one undo (7.688625ms)
✔ manual positions survive replacement/reflow; explicit reset removes only position overrides (3.562583ms)
✔ replacing a portrait with landscape and extending a caption reflows only the dependent slide (4.710875ms)
✔ old stories stay unchanged until explicit adaptation; reopening uses frozen frames (2.834541ms)
✔ malformed variant maps, sizing bases and layout definitions fail before editing (5.023417ms)
✔ style capture exports only chosen reusable settings, with no photos, masks, captions, crops or node IDs (18.338375ms)
✔ single-slide layout styles cannot alter another slide's present or future reflow (23.165459ms)
✔ look strength has deterministic endpoints and preserves source-specific edits (13.31525ms)
✔ layout application keeps manual positions by default; explicit reset preserves crop/appearance/text overrides (39.769792ms)
✔ style previews produce one undo and copy the immutable definition through serialization (26.213875ms)
✔ custom fonts and unrecognized layouts require an explicit supported alternative when saving (1.623833ms)
✔ unsupported requirements and engines import as identifiable styles but cannot be applied (3.386458ms)
✔ malformed imports reject executable, remote, private, oversized and out-of-range content (1.149292ms)
✔ text-only styles reflow the selected slide while keeping old static stories static (9.979583ms)
✔ depth styles capture bounded relative settings without private words, masks, identities or font assets (3.237208ms)
✔ depth style applies once to selected masked photos, preserves words and repairs, and reports incompatible scope (6.120958ms)
✔ depth styles keep existing words and positions by default, offer explicit reset, and undo as one change (9.327417ms)
✔ depth style scope updates both halves of a connected subject and creates one shared title (6.1095ms)
✔ depth style imports reject private fields, remote fonts, missing capabilities and invalid placement or type (2.389959ms)
✔ editing copies keep original identity and dimensions; invalid lineage and original deletion are atomic failures (16.418375ms)
✔ reducing is explicit; original imports and already-small images keep their exact bytes (5.724375ms)
✔ copy generation reserves the full source decode, rereads only after admission and transfers output ownership (2.576667ms)
✔ memory rejection precedes the second source read; changed originals and malformed copy output cannot be accepted (4.485125ms)
✔ cancelled imports drain all consumers before releasing retained originals and leave no partial project (1.216917ms)
ℹ tests 124
ℹ suites 0
ℹ pass 124
ℹ fail 0
ℹ cancelled 0
ℹ skipped 0
ℹ todo 0
ℹ duration_ms 3112.252
