
> preverify
> npm run check:runtime


> check:runtime
> node scripts/stage-pillow-runtime.mjs --check

Pillow-RS 12.2.0-alpha.1: paired runtime integrity verified.

> verify
> node scripts/verify.mjs && npm run verify:scheduler && npm run verify:project-model

verify: PASS
  real WASM transforms: PNG fit/crop/rotate/flip/adjustments, exact decoded pixels, PNG bytes, decoded dimensions, output-size guard
  real input decoders: JPEG, BMP, WebP, GIF, TIFF, ICO, EXIF-JPEG fixture paths, corrupt-input rejection
  real format contract: runtime-verified output formats png, jpeg; JPEG alpha flattening, fixed settings and rejection of PNG-only masquerading
  large-folder contract: 100k metadata-only manifest, bounded virtual rows/workers, collision-safe paths, direct folder output, no archive path
  contract checks: editor modules, readiness separation, revisions, capability-driven formats, Low/Medium/High quality gating, metadata-only download, presets, selection, append imports, animated-input safety, duplicate identity, byte/output pixel guards, memory-aware worker parallelism, bounded worker failure handling, relative apply-to-all edits, shared-recipe/per-item override merge, explicit recipe scope, mixed-shape framing review, unified tray selection, versioned session and large-job recovery

> verify:scheduler
> node --test tests/processing.test.mjs

✔ admission defers copies, shares CPU across worker kinds, and reuses an idle engine (17.660125ms)
✔ current-image priority, FIFO ties, and aging prevent starvation (0.996875ms)
✔ memory admission counts retained data, active output and idle heaps (1.252417ms)
✔ explicit high concurrency is not capped at four and never exceeds CPU tokens (1.380458ms)
✔ text admission includes its RGBA surfaces and custom fonts before dispatch (0.799208ms)
✔ cancel kills synchronous work, drops stale messages, and does not prepare queued sources (0.67075ms)
✔ worker death and task timeout release all reservations and permit retry (26.7045ms)
✔ cancelled asynchronous source reads retain memory credit until they settle (0.594125ms)
✔ reentrant completion can close a logical client without destroying reusable workers (0.422208ms)
✔ closing during a grouped worker-start failure cannot dispatch later cancelled tasks (0.372083ms)
✔ allocation estimates reject oversized sources and budget the full current preview path (0.087583ms)
✔ Auto grows on useful work, retreats without throughput gain, and observes cooldown (2.571917ms)
✔ interleaved header inspection and mixed image sizes do not erase Auto calibration (2.387ms)
✔ header-only work does not calibrate image throughput (1.99425ms)
✔ Auto starts a backlogged render batch with two workers and still measures subsequent growth (1.295916ms)
✔ Auto preserves a serial start with a missing memory hint (0.485791ms)
✔ Auto preserves a serial start with a small memory hint (0.382583ms)
✔ Auto preserves a serial start with a small CPU hint (0.322625ms)
✔ Auto does not start an extra worker for short edits or from queued inspections (0.545ms)
✔ the initial Auto probe cannot bypass retained memory or output reservations (0.493833ms)
✔ pressure suppresses the initial Auto probe even after cooldown and an unchanged configure call (0.31725ms)
✔ Auto retains useful concurrency without counting idle time between collections (3.141375ms)
✔ Auto discards an unfinished measurement when the queue drains by success (0.470333ms)
✔ Auto discards an unfinished measurement when the queue drains by render-error (0.326083ms)
✔ Auto discards an unfinished measurement when the queue drains by cancel (0.297583ms)
✔ Auto discards an unfinished measurement when the queue drains by prepare-error (0.270334ms)
✔ Auto discards an unfinished measurement when the queue drains by cancel-queued (0.246167ms)
✔ an oversized idle WASM heap is retired before admitting smaller work (0.307166ms)
ℹ tests 28
ℹ suites 0
ℹ pass 28
ℹ fail 0
ℹ cancelled 0
ℹ skipped 0
ℹ todo 0
ℹ duration_ms 107.627167

> verify:project-model
> node --test tests/project.test.mjs tests/story-layout.test.mjs tests/styles.test.mjs tests/legacy-styles.test.mjs tests/recipe-catalog.test.mjs tests/recipe-selection.test.mjs tests/photo-look.test.mjs tests/masks.test.mjs tests/depth.test.mjs tests/connections.test.mjs tests/cutout-effects.test.mjs tests/render-diagnostics.test.mjs

✔ connected copy preserves its source, shares the mask, and spans the same join in both shapes (28.22175ms)
✔ create, position, mask edit and remove are atomic and reversible, with no shared-mask deletion (14.4585ms)
✔ connected pairs move together past neighboring blocks and retain local geometry (8.0025ms)
✔ changing the joined pair carries depth text and removing the copy leaves originals intact (2.290459ms)
✔ connection validation rejects split pairs, unilateral overrides and unknown connection schemas (5.480291ms)
✔ variant positioning, layout and styles preserve connections without counting decorative copies as sources (11.221792ms)
✔ disk dilation agrees with an independent neighborhood oracle for soft masks, thin edges and transparent borders (13.34625ms)
✔ depth decoration agrees with an independent three-layer composition and protects opaque subjects (0.555125ms)
✔ effects persist through grouped history, connected copies, mask removal and reattachment (29.233541ms)
✔ schema rejects unsupported fields, non-image effects and unbounded or invalid parameters (1.56675ms)
✔ planning includes off-page effect support and reserves padded rendering before admission (5.331ms)
✔ reusable finishes share only effect parameters and apply to existing subject selections in scope (8.790875ms)
✔ depth preserves source alpha and matches an independently split layer stack (1.094ms)
✔ page background composites the extracted subject once over the title (0.2225ms)
✔ depth title creation and edits form one undoable project operation (16.965291ms)
✔ depth relationships reject dangling, reordered, shared or incompatible titles (3.085375ms)
✔ depth geometry follows photo frame, rotation and both output variants (7.627792ms)
✔ looks and missing-mask fallback preserve title edits, while styles exclude private links (5.436375ms)
✔ all destination presets become versioned outputs with identical identity, parameters and order (2.903083ms)
✔ private legacy definitions preserve original fields and text, and do not enter public style sharing (2.432209ms)
✔ a consumer resolves the copied revision rather than mutable wrapper operations (1.080792ms)
✔ unsupported output and compression intents remain identifiable until an explicit replacement (2.290875ms)
✔ folder jobs freeze the complete style and preserve relative crop, transforms and local recipe parameters (1.488625ms)
✔ unknown engine identities remain preserved but cannot execute as the current renderer (2.304333ms)
✔ migration rejects malformed executable, oversized and out-of-range data without coercing intent (1.923916ms)
✔ mask brushes preserve untouched pixels and support erase/restore with soft opacity (2.349125ms)
✔ one stroke is independent of point density and retracing (2.95325ms)
✔ a one-source-pixel brush can repair a large image without touching neighbors (29.398792ms)
✔ detail areas preserve source coordinates at every zoom and edge, with bounded allocation (0.619041ms)
✔ mask brush and memory bounds reject malformed work before allocation (0.15875ms)
✔ a cutout is one reversible asset edit and global looks preserve mask/crop (20.069625ms)
✔ mask removal preserves shared assets and bounded history keeps undo dependencies (11.773083ms)
✔ photo colors are frozen independently of story layout, typography and output (11.261042ms)
✔ malformed, out-of-range and unsupported photo looks fail before rendering (12.779334ms)
✔ all/selected/this look application and undo preserve unrelated manual corrections (1.233333ms)
✔ a stale look undo cannot overwrite a later look and empty selections do not mutate (3.317959ms)
✔ folder recipes copy the chosen look and its base output recipe without following library updates (2.002833ms)
✔ look and downsampled output previews reserve their additional memory and have distinct timing classes (0.869291ms)
✔ recovery rejects future shared and per-image look metadata before restoring the set (2.977208ms)
✔ project renderer identity matches the actual pinned runtime bytes (42.432416ms)
✔ legacy migration preserves IDs, fractional pixel crops and exact transform order (1.374167ms)
✔ the shared text renderer upgrades only the known old identity and leaves original intent intact (0.755375ms)
✔ serialized projects preserve exact PNG and JPEG output bytes through the published engine (52.022833ms)
✔ many previews commit one reversible action and cancel restores the prior edit (1.151292ms)
✔ new edits discard redo; command history is bounded and contains no source data (29.147084ms)
✔ shared appearance resolves before node settings and local overrides without removing crops/masks (0.417167ms)
✔ connected geometry resolves per viewport in both ratios and tracks its stable anchor on reorder (0.372333ms)
✔ replacing a source invalidates only dependent slides and preserves unrelated local edits (0.505625ms)
✔ bad references, unknown schemas, code, remote assets and binary payloads are rejected (1.302958ms)
✔ scene styles reject unsupported operations and preview dimensions stay bounded (1.202ms)
✔ image placement preserves crop bounds, cover focal edges and clockwise rotation (0.162958ms)
✔ the story assembler places every chosen photo exactly once at both count extremes and both ratios (38.149084ms)
✔ story look strength and reversible layout changes preserve captions, sources, focal points and crops (6.539833ms)
✔ story reorder moves stable slides and updates numbering as one reversible command (2.441916ms)
✔ legacy catalog parsing preserves complete data and fences unknown/malformed/duplicate records (1.816ms)
✔ independent creates from the same snapshot merge without overwriting catalog entries (3.933459ms)
✔ stale edits and edit/delete races cannot replace a newer version (0.385167ms)
✔ a stale create cannot resurrect an ID created and then deleted since its snapshot (0.232875ms)
✔ an exact retry is idempotent and a reused operation ID with different payload is refused (0.253416ms)
✔ bounded receipts reject retries older than the retained history instead of replaying them (27.1015ms)
✔ clearing advances the generation so pending work from any tab cannot recreate recipes (0.117917ms)
✔ catalog validation fences future schemas, missing histories, duplicate entries and extra fields (2.438166ms)
✔ one ID can have independently selected immutable revisions without rebinding to a library update (5.985333ms)
✔ selection identities distinguish separator-bearing IDs and unversioned saved copies (0.860833ms)
✔ duplicate identities with different immutable definitions fail instead of picking one (0.821958ms)
✔ new recovery references reject missing revisions, wrong IDs, extra items and future formats (3.146208ms)
✔ old ID-only recovery selects its frozen copy before consulting the library and keeps source buffers (0.678833ms)
✔ new snapshots reopen all selected revisions without a library and remain independent of its removal (2.705583ms)
✔ oldest custom recipes require a deliberate choice even when a current copy has the same ID (1.107125ms)
✔ historical built-ins are resolved from the frozen baseline, independently of current catalog changes (0.295459ms)
✔ complete saved image state preserves absolute edits without inventing the original custom definition (3.22325ms)
✔ partial patches never masquerade as complete saved state, and malformed state is not silently replaced (0.489375ms)
✔ opt-in timing observations preserve complete PNG/JPEG outputs and ordinary result shape (5.411292ms)
✔ automatic layout actually changes the arrangement between portrait and tall (8.6815ms)
✔ an infeasible candidate does not discard another valid automatic arrangement (4.827084ms)
✔ every photo count and varied aspect/caption corpus fits rotated prints with consistent physical borders (481.418125ms)
✔ output frames resolve with local precedence and invalidate only their own variant (2.087625ms)
✔ reflow preserves masks, crop rounding, captions, focal points and local appearance as one undo (7.179416ms)
✔ manual positions survive replacement/reflow; explicit reset removes only position overrides (3.757ms)
✔ replacing a portrait with landscape and extending a caption reflows only the dependent slide (4.397583ms)
✔ old stories stay unchanged until explicit adaptation; reopening uses frozen frames (2.710875ms)
✔ malformed variant maps, sizing bases and layout definitions fail before editing (4.735625ms)
✔ style capture exports only chosen reusable settings, with no photos, masks, captions, crops or node IDs (8.936459ms)
✔ single-slide layout styles cannot alter another slide's present or future reflow (12.20425ms)
✔ look strength has deterministic endpoints and preserves source-specific edits (7.299959ms)
✔ layout application keeps manual positions by default; explicit reset preserves crop/appearance/text overrides (25.248209ms)
✔ style previews produce one undo and copy the immutable definition through serialization (20.521542ms)
✔ custom fonts and unrecognized layouts require an explicit supported alternative when saving (1.403417ms)
✔ unsupported requirements and engines import as identifiable styles but cannot be applied (1.865166ms)
✔ malformed imports reject executable, remote, private, oversized and out-of-range content (1.066584ms)
✔ text-only styles reflow the selected slide while keeping old static stories static (8.208375ms)
✔ depth styles capture bounded relative settings without private words, masks, identities or font assets (2.209375ms)
✔ depth style applies once to selected masked photos, preserves words and repairs, and reports incompatible scope (5.23275ms)
✔ depth styles keep existing words and positions by default, offer explicit reset, and undo as one change (10.134625ms)
✔ depth style scope updates both halves of a connected subject and creates one shared title (6.008458ms)
✔ depth style imports reject private fields, remote fonts, missing capabilities and invalid placement or type (2.055708ms)
ℹ tests 96
ℹ suites 0
ℹ pass 96
ℹ fail 0
ℹ cancelled 0
ℹ skipped 0
ℹ todo 0
ℹ duration_ms 591.096333
