tests/fixtures/corpus/collections-v1/small.json: browser-1 reference 0: pass 25000 ms
tests/fixtures/corpus/collections-v1/small.json: browser-1 gate 0: pass 24935 ms
tests/fixtures/corpus/collections-v1/small.json: browser-2 gate 0: pass 12795 ms
tests/fixtures/corpus/collections-v1/small.json: browser-4 gate 0: pass 6693 ms
tests/fixtures/corpus/collections-v1/small.json: browser-8 gate 0: pass 4127 ms
tests/fixtures/corpus/collections-v1/small.json: browser-auto gate 0: pass 24399 ms
tests/fixtures/corpus/collections-v1/small.json: browser-8 measurement 0: pass 4126 ms
tests/fixtures/corpus/collections-v1/small.json: browser-2 measurement 0: pass 12606 ms
tests/fixtures/corpus/collections-v1/small.json: browser-1 measurement 0: pass 24707 ms
tests/fixtures/corpus/collections-v1/small.json: browser-auto measurement 0: pass 24789 ms
tests/fixtures/corpus/collections-v1/small.json: browser-4 measurement 0: pass 6686 ms
tests/fixtures/corpus/collections-v1/small.json: browser-8 measurement 1: pass 4201 ms
tests/fixtures/corpus/collections-v1/small.json: browser-1 measurement 1: pass 24857 ms
tests/fixtures/corpus/collections-v1/small.json: browser-4 measurement 1: pass 6543 ms
tests/fixtures/corpus/collections-v1/small.json: browser-2 measurement 1: pass 12637 ms
tests/fixtures/corpus/collections-v1/small.json: browser-auto measurement 1: pass 25027 ms
tests/fixtures/corpus/collections-v1/small.json: browser-8 measurement 2: pass 4239 ms
tests/fixtures/corpus/collections-v1/small.json: browser-4 measurement 2: pass 6704 ms
tests/fixtures/corpus/collections-v1/small.json: browser-2 measurement 2: pass 12727 ms
tests/fixtures/corpus/collections-v1/small.json: browser-1 measurement 2: pass 25016 ms
tests/fixtures/corpus/collections-v1/small.json: browser-auto measurement 2: pass 25091 ms
tests/fixtures/corpus/collections-v1/small.json: browser-auto measurement 3: pass 25073 ms
tests/fixtures/corpus/collections-v1/small.json: browser-1 measurement 3: pass 25090 ms
tests/fixtures/corpus/collections-v1/small.json: browser-2 measurement 3: pass 12643 ms
tests/fixtures/corpus/collections-v1/small.json: browser-8 measurement 3: pass 4169 ms
tests/fixtures/corpus/collections-v1/small.json: browser-4 measurement 3: pass 6527 ms
tests/fixtures/corpus/collections-v1/small.json: browser-1 measurement 4: pass 24460 ms
tests/fixtures/corpus/collections-v1/small.json: browser-8 measurement 4: pass 4103 ms
tests/fixtures/corpus/collections-v1/small.json: browser-2 measurement 4: pass 12742 ms
tests/fixtures/corpus/collections-v1/small.json: browser-auto measurement 4: pass 24794 ms
tests/fixtures/corpus/collections-v1/small.json: browser-4 measurement 4: pass 6733 ms
