2000x1500-png-cutout-baseline: pass; Wasm 126.7 MiB; 5358 ms
2000x1500-png-cutout-materialized: pass; Wasm 104.4 MiB; 2273 ms
2000x1500-png-finish-baseline: pass; Wasm 111.1 MiB; 7285 ms
2000x1500-png-finish-materialized: pass; Wasm 114.9 MiB; 2776 ms
2000x1500-png-depth-finish-baseline: pass; Wasm 128.6 MiB; 12918 ms
2000x1500-png-depth-finish-materialized: pass; Wasm 109.5 MiB; 4364 ms
2000x1500-jpg-cutout-baseline: pass; Wasm 118.7 MiB; 4901 ms
2000x1500-jpg-cutout-materialized: pass; Wasm 111.6 MiB; 2224 ms
2000x1500-jpg-finish-baseline: pass; Wasm 102.1 MiB; 6710 ms
2000x1500-jpg-finish-materialized: pass; Wasm 110.3 MiB; 2654 ms
2000x1500-jpg-depth-finish-baseline: pass; Wasm 118.3 MiB; 11721 ms
2000x1500-jpg-depth-finish-materialized: pass; Wasm 117.0 MiB; 3987 ms
4000x3000-png-cutout-baseline: pass; Wasm 275.9 MiB; 6575 ms
4000x3000-png-cutout-materialized: pass; Wasm 275.9 MiB; 3123 ms
4000x3000-png-finish-baseline: pass; Wasm 321.8 MiB; 8708 ms
4000x3000-png-finish-materialized: pass; Wasm 275.9 MiB; 3663 ms
4000x3000-png-depth-finish-baseline: pass; Wasm 367.6 MiB; 14951 ms
4000x3000-png-depth-finish-materialized: pass; Wasm 367.6 MiB; 5617 ms
4000x3000-jpg-cutout-baseline: pass; Wasm 262.8 MiB; 5972 ms
4000x3000-jpg-cutout-materialized: pass; Wasm 239.8 MiB; 2957 ms
4000x3000-jpg-finish-baseline: pass; Wasm 297.1 MiB; 7963 ms
4000x3000-jpg-finish-materialized: pass; Wasm 239.8 MiB; 3423 ms
4000x3000-jpg-depth-finish-baseline: pass; Wasm 365.8 MiB; 13347 ms
4000x3000-jpg-depth-finish-materialized: pass; Wasm 319.9 MiB; 5160 ms
Saved docs/research/2026-09-17/scene-memory/scene-memory-823c59a2-377a-410b-a80b-f0c162876736
