
> verify:browser
> node scripts/browser-smoke.mjs

  shared scheduler: 24 images each at 1/2/4/8 workers; identical outputs, no missing/duplicate items or admission violations
  shared text compositor: exact PNG/JPEG across editor engine, 1/4/8 workers and journaled folder output; custom-font integrity and bounded failure checks
  scene compositor: layers/masks/focal crops/rotation/alpha, 0-level seam and 0-level odd-viewport difference, exact 1280px preview, 1/4/8 workers, immutable revisions and pre-read cancellation/budget checks
  story storage: exact rendered reload, lazy verified assets, atomic quota rollback, real two-tab revision conflict, shared-asset GC and retained open revisions
  authored story recipes: default Scrapbook, distinct role/framing/decorations, cover-mask preflight, safe recipe download/identity, 18 real-photo renders with exact flattened-decoration references, 1 workers (peak 1) / 4 workers (peak 4) / 8 workers (peak 8) match live serial output, phone previews/cancel/undo/reload, 200% text and ordered PNG export
  licensed story fonts: pinned variable faces, downloaded style references, shared/cancelled/failed font loads, explicit device-font creation, no-network saved-font reload, unsupported-character preflight, 200% text, fallback and exact undo
verify:browser FAIL
browser state {
  batch: 'Add images, make an edit, then download the results.',
  processing: 'Open an image to begin.',
  recovery: 'Your last work is still on this device.',
  recoveryErrors: []
} []
AssertionError [ERR_ASSERTION]: Expected values to be strictly deep-equal:
+ actual - expected

  {
    failedOnlyCount: 0,
    message: 'Injected unsupported operation',
+   selected: 'scrapbook'
-   selected: 'film-diary'
  }

    at assertStyleStorage (file:///Users/lazytrot/work/tiny-image-star/tests/style-storage.browser.mjs:95:12)
    at async main (file:///Users/lazytrot/work/tiny-image-star/scripts/browser-smoke.mjs:821:5)
    at async file:///Users/lazytrot/work/tiny-image-star/scripts/browser-smoke.mjs:2367:20 {
  generatedMessage: true,
  code: 'ERR_ASSERTION',
  actual: [Object],
  expected: [Object],
  operator: 'deepStrictEqual',
  diff: 'simple'
}
