✔ three frozen story recipes remain separate from the existing color-look revisions (18.151792ms)
✔ all recipes preserve every photo and caption across counts, orientations and both output shapes (2632.882209ms)
✔ photo decorations follow manual frames and rotation using photo-relative geometry (10.903958ms)
✔ recipe replacement removes only owned decorations and preserves local photo/word repairs through undo (54.786667ms)
✔ Depth cover requires the cover mask, targets only that photo and preserves an existing title (15.092416ms)
✔ Depth cover fills the available frame in both shapes while preserving editable source crop and mask (26.134209ms)
✔ recipe color strength leaves layout, typography, captions and subject selection identical (58.803667ms)
✔ new source reflow keeps decorations attached and old saved stories do not acquire a design (24.287833ms)
✔ untrusted designs and attachments cannot add executable fields, unbounded data or unrelated owners (15.416958ms)
file:///Users/lazytrot/work/tiny-image-star/tests/story-fonts.test.mjs:133



SyntaxError: Unexpected end of input
    at compileSourceTextModule (node:internal/modules/esm/utils:318:16)
    at ModuleLoader.moduleStrategy (node:internal/modules/esm/translators:89:18)
    at #translate (node:internal/modules/esm/loader:434:20)
    at afterLoad (node:internal/modules/esm/loader:502:29)
    at ModuleLoader.loadAndTranslate (node:internal/modules/esm/loader:507:12)
    at #getOrCreateModuleJobAfterResolve (node:internal/modules/esm/loader:560:36)
    at afterResolve (node:internal/modules/esm/loader:607:52)
    at ModuleLoader.getOrCreateModuleJob (node:internal/modules/esm/loader:613:12)
    at node:internal/modules/esm/loader:632:32
    at TracingChannel.tracePromise (node:diagnostics_channel:362:14)

Node.js v24.18.0
✖ tests/story-fonts.test.mjs (34.577292ms)
✔ style capture exports only chosen reusable settings, with no photos, masks, captions, crops or node IDs (9.257792ms)
✔ single-slide layout styles cannot alter another slide's present or future reflow (14.606666ms)
✔ look strength has deterministic endpoints and preserves source-specific edits (7.539917ms)
✔ layout application keeps manual positions by default; explicit reset preserves crop/appearance/text overrides (25.35225ms)
✔ style previews produce one undo and copy the immutable definition through serialization (20.20575ms)
✔ custom fonts and unrecognized layouts require an explicit supported alternative when saving (1.432334ms)
✔ unsupported requirements and engines import as identifiable styles but cannot be applied (1.679166ms)
✔ malformed imports reject executable, remote, private, oversized and out-of-range content (1.477583ms)
✔ text-only styles reflow the selected slide while keeping old static stories static (7.861083ms)
✔ depth styles capture bounded relative settings without private words, masks, identities or font assets (2.289209ms)
✔ depth style applies once to selected masked photos, preserves words and repairs, and reports incompatible scope (5.155291ms)
✔ depth styles keep existing words and positions by default, offer explicit reset, and undo as one change (8.644125ms)
✔ depth style scope updates both halves of a connected subject and creates one shared title (5.564417ms)
✔ depth style imports reject private fields, remote fonts, missing capabilities and invalid placement or type (2.269625ms)
ℹ tests 24
ℹ suites 0
ℹ pass 23
ℹ fail 1
ℹ cancelled 0
ℹ skipped 0
ℹ todo 0
ℹ duration_ms 2923.621584

✖ failing tests:

test at tests/story-fonts.test.mjs:1:1
✖ tests/story-fonts.test.mjs (34.577292ms)
  'test failed'
