
> preverify
> npm run check:runtime


> check:runtime
> node scripts/stage-pillow-runtime.mjs --check

Pillow-RS 12.2.0-alpha.1: paired runtime integrity verified.

> verify
> node scripts/verify.mjs && npm run verify:scheduler && npm run verify:project-model

verify: PASS
  real WASM transforms: PNG fit/crop/rotate/flip/adjustments, exact decoded pixels, PNG bytes, decoded dimensions, output-size guard
  real input decoders: JPEG, BMP, WebP, GIF, TIFF, ICO, EXIF-JPEG fixture paths, corrupt-input rejection
  real format contract: runtime-verified output formats png, jpeg; JPEG alpha flattening, fixed settings and rejection of PNG-only masquerading
  large-folder contract: 100k metadata-only manifest, bounded virtual rows/workers, collision-safe paths, direct folder output, no archive path
  contract checks: editor modules, readiness separation, revisions, capability-driven formats, Low/Medium/High quality gating, metadata-only download, presets, selection, append imports, animated-input safety, duplicate identity, byte/output pixel guards, memory-aware worker parallelism, bounded worker failure handling, relative apply-to-all edits, shared-recipe/per-item override merge, explicit recipe scope, mixed-shape framing review, unified tray selection, versioned session and large-job recovery

> verify:scheduler
> node --test tests/processing.test.mjs

✔ admission defers copies, shares CPU across worker kinds, and reuses an idle engine (19.137541ms)
✔ current-image priority, FIFO ties, and aging prevent starvation (0.918ms)
✔ memory admission counts retained data, active output and idle heaps (1.060333ms)
✔ explicit high concurrency is not capped at four and never exceeds CPU tokens (1.368875ms)
✔ text admission includes its RGBA surfaces and custom fonts before dispatch (0.78025ms)
✔ cancel kills synchronous work, drops stale messages, and does not prepare queued sources (0.690334ms)
✔ worker death and task timeout release all reservations and permit retry (26.885333ms)
✔ cancelled asynchronous source reads retain memory credit until they settle (0.585875ms)
✔ reentrant completion can close a logical client without destroying reusable workers (0.329084ms)
✔ closing during a grouped worker-start failure cannot dispatch later cancelled tasks (0.325709ms)
✔ allocation estimates reject oversized sources and budget the full current preview path (0.083ms)
✔ Auto grows on useful work, retreats without throughput gain, and observes cooldown (2.427417ms)
✔ interleaved header inspection and mixed image sizes do not erase Auto calibration (2.239917ms)
✔ header-only work does not calibrate image throughput (2.192084ms)
✔ Auto starts a backlogged render batch with two workers and still measures subsequent growth (1.199041ms)
✔ Auto preserves a serial start with a missing memory hint (0.365625ms)
✔ Auto preserves a serial start with a small memory hint (0.273041ms)
✔ Auto preserves a serial start with a small CPU hint (0.295875ms)
✔ Auto does not start an extra worker for short edits or from queued inspections (0.469083ms)
✔ the initial Auto probe cannot bypass retained memory or output reservations (0.464958ms)
✔ pressure suppresses the initial Auto probe even after cooldown and an unchanged configure call (0.296417ms)
✔ Auto retains useful concurrency without counting idle time between collections (4.718792ms)
✔ Auto discards an unfinished measurement when the queue drains by success (0.675792ms)
✔ Auto discards an unfinished measurement when the queue drains by render-error (0.368709ms)
✔ Auto discards an unfinished measurement when the queue drains by cancel (0.337417ms)
✔ Auto discards an unfinished measurement when the queue drains by prepare-error (0.29425ms)
✔ Auto discards an unfinished measurement when the queue drains by cancel-queued (0.25575ms)
✔ an oversized idle WASM heap is retired before admitting smaller work (0.32425ms)
ℹ tests 28
ℹ suites 0
ℹ pass 28
ℹ fail 0
ℹ cancelled 0
ℹ skipped 0
ℹ todo 0
ℹ duration_ms 110.5335

> verify:project-model
> node --test tests/project.test.mjs tests/story-layout.test.mjs tests/story-designs.test.mjs tests/story-fonts.test.mjs tests/working-copies.test.mjs tests/styles.test.mjs tests/legacy-styles.test.mjs tests/recipe-catalog.test.mjs tests/recipe-selection.test.mjs tests/photo-look.test.mjs tests/masks.test.mjs tests/depth.test.mjs tests/connections.test.mjs tests/cutout-effects.test.mjs tests/render-diagnostics.test.mjs

✔ connected copy preserves its source, shares the mask, and spans the same join in both shapes (31.881875ms)
✔ create, position, mask edit and remove are atomic and reversible, with no shared-mask deletion (14.726667ms)
✔ connected pairs move together past neighboring blocks and retain local geometry (9.303833ms)
✔ changing the joined pair carries depth text and removing the copy leaves originals intact (2.32475ms)
✔ connection validation rejects split pairs, unilateral overrides and unknown connection schemas (5.600417ms)
✔ variant positioning, layout and styles preserve connections without counting decorative copies as sources (9.315542ms)
✔ disk dilation agrees with an independent neighborhood oracle for soft masks, thin edges and transparent borders (16.987292ms)
✔ depth decoration agrees with an independent three-layer composition and protects opaque subjects (1.785875ms)
✔ effects persist through grouped history, connected copies, mask removal and reattachment (26.951958ms)
✔ schema rejects unsupported fields, non-image effects and unbounded or invalid parameters (2.298ms)
✔ planning includes off-page effect support and reserves padded rendering before admission (1.967959ms)
✔ reusable finishes share only effect parameters and apply to existing subject selections in scope (18.208334ms)
✔ depth preserves source alpha and matches an independently split layer stack (2.405167ms)
✔ page background composites the extracted subject once over the title (0.245083ms)
✔ depth title creation and edits form one undoable project operation (18.036167ms)
✔ depth relationships reject dangling, reordered, shared or incompatible titles (6.515417ms)
✔ depth geometry follows photo frame, rotation and both output variants (8.196ms)
✔ looks and missing-mask fallback preserve title edits, while styles exclude private links (11.908792ms)
✔ all destination presets become versioned outputs with identical identity, parameters and order (2.342542ms)
✔ private legacy definitions preserve original fields and text, and do not enter public style sharing (0.677709ms)
✔ a consumer resolves the copied revision rather than mutable wrapper operations (0.234333ms)
✔ unsupported output and compression intents remain identifiable until an explicit replacement (1.286291ms)
✔ folder jobs freeze the complete style and preserve relative crop, transforms and local recipe parameters (0.276333ms)
✔ unknown engine identities remain preserved but cannot execute as the current renderer (0.273292ms)
✔ migration rejects malformed executable, oversized and out-of-range data without coercing intent (1.600542ms)
✔ mask brushes preserve untouched pixels and support erase/restore with soft opacity (1.492208ms)
✔ one stroke is independent of point density and retracing (2.565833ms)
✔ a one-source-pixel brush can repair a large image without touching neighbors (21.194375ms)
✔ detail areas preserve source coordinates at every zoom and edge, with bounded allocation (0.601625ms)
✔ mask brush and memory bounds reject malformed work before allocation (0.15475ms)
✔ a cutout is one reversible asset edit and global looks preserve mask/crop (26.889333ms)
✔ mask removal preserves shared assets and bounded history keeps undo dependencies (12.005167ms)
✔ photo colors are frozen independently of story layout, typography and output (9.210625ms)
✔ malformed, out-of-range and unsupported photo looks fail before rendering (12.998125ms)
✔ all/selected/this look application and undo preserve unrelated manual corrections (1.357125ms)
✔ a stale look undo cannot overwrite a later look and empty selections do not mutate (3.628208ms)
✔ folder recipes copy the chosen look and its base output recipe without following library updates (1.545ms)
✔ look and downsampled output previews reserve their additional memory and have distinct timing classes (0.626958ms)
✔ recovery rejects future shared and per-image look metadata before restoring the set (2.698958ms)
✔ project renderer identity matches the actual pinned runtime bytes (45.404375ms)
✔ legacy migration preserves IDs, fractional pixel crops and exact transform order (1.454666ms)
✔ the shared text renderer upgrades only the known old identity and leaves original intent intact (0.691958ms)
✔ serialized projects preserve exact PNG and JPEG output bytes through the published engine (84.712625ms)
✔ many previews commit one reversible action and cancel restores the prior edit (1.692959ms)
✔ new edits discard redo; command history is bounded and contains no source data (38.903792ms)
✔ shared appearance resolves before node settings and local overrides without removing crops/masks (0.395666ms)
✔ connected geometry resolves per viewport in both ratios and tracks its stable anchor on reorder (0.388625ms)
✔ replacing a source invalidates only dependent slides and preserves unrelated local edits (0.534209ms)
✔ bad references, unknown schemas, code, remote assets and binary payloads are rejected (0.762666ms)
✔ scene styles reject unsupported operations and preview dimensions stay bounded (1.955875ms)
✔ image placement preserves crop bounds, cover focal edges and clockwise rotation (0.174916ms)
✔ the story assembler places every chosen photo exactly once at both count extremes and both ratios (54.92125ms)
✔ story look strength and reversible layout changes preserve captions, sources, focal points and crops (9.486208ms)
✔ story reorder moves stable slides and updates numbering as one reversible command (4.457417ms)
✔ legacy catalog parsing preserves complete data and fences unknown/malformed/duplicate records (1.333ms)
✔ independent creates from the same snapshot merge without overwriting catalog entries (6.593625ms)
✔ stale edits and edit/delete races cannot replace a newer version (0.355833ms)
✔ a stale create cannot resurrect an ID created and then deleted since its snapshot (0.226833ms)
✔ an exact retry is idempotent and a reused operation ID with different payload is refused (0.26ms)
✔ bounded receipts reject retries older than the retained history instead of replaying them (19.742791ms)
✔ clearing advances the generation so pending work from any tab cannot recreate recipes (0.359792ms)
✔ catalog validation fences future schemas, missing histories, duplicate entries and extra fields (0.731709ms)
✔ one ID can have independently selected immutable revisions without rebinding to a library update (1.991167ms)
✔ selection identities distinguish separator-bearing IDs and unversioned saved copies (0.237958ms)
✔ duplicate identities with different immutable definitions fail instead of picking one (0.422625ms)
✔ new recovery references reject missing revisions, wrong IDs, extra items and future formats (5.464375ms)
✔ old ID-only recovery selects its frozen copy before consulting the library and keeps source buffers (0.71ms)
✔ new snapshots reopen all selected revisions without a library and remain independent of its removal (0.273ms)
✔ oldest custom recipes require a deliberate choice even when a current copy has the same ID (0.671959ms)
✔ historical built-ins are resolved from the frozen baseline, independently of current catalog changes (0.250791ms)
✔ complete saved image state preserves absolute edits without inventing the original custom definition (1.946375ms)
✔ partial patches never masquerade as complete saved state, and malformed state is not silently replaced (0.48975ms)
✔ opt-in timing observations preserve complete PNG/JPEG outputs and ordinary result shape (6.467417ms)
✔ three frozen story recipes remain separate from the existing color-look revisions (21.881875ms)
✔ all recipes preserve every photo and caption across counts, orientations and both output shapes (3021.435167ms)
✔ photo decorations follow manual frames and rotation using photo-relative geometry (11.504292ms)
✔ recipe replacement removes only owned decorations and preserves local photo/word repairs through undo (62.350417ms)
✔ Depth cover requires the cover mask, targets only that photo and preserves an existing title (13.41575ms)
✔ Depth cover fills the available frame in both shapes while preserving editable source crop and mask (28.450708ms)
✔ recipe color strength leaves layout, typography, captions and subject selection identical (81.652416ms)
✔ new source reflow keeps decorations attached and old saved stories do not acquire a design (37.119708ms)
✔ untrusted designs and attachments cannot add executable fields, unbounded data or unrelated owners (19.963416ms)
✔ the unmodified font pack binds four binaries, licenses, descriptors and coverage to pinned source hashes (30.331959ms)
✔ revision-two recipes freeze licensed fonts while revision one remains independent and asset-free (142.718333ms)
✔ saved text and depth styles share only pinned font references and preserve one-step undo (24.8975ms)
✔ font declarations reject unsafe/private fields and preserve unavailable imports without substitution (14.25425ms)
✔ unsupported glyphs and styles fail preflight; explicit device fallback keeps words and is reversible (17.706625ms)
✔ font fetches are pinned, bounded, hash-checked, cancellable and never accept recipe URLs (17.009375ms)
✔ shared font loading counts temporary bytes, cancels only the last consumer and reuses stored sources (0.810667ms)
✔ automatic layout actually changes the arrangement between portrait and tall (6.08875ms)
✔ an infeasible candidate does not discard another valid automatic arrangement (2.589875ms)
✔ every photo count and varied aspect/caption corpus fits rotated prints with consistent physical borders (520.718083ms)
✔ output frames resolve with local precedence and invalidate only their own variant (2.087125ms)
✔ reflow preserves masks, crop rounding, captions, focal points and local appearance as one undo (8.132667ms)
✔ manual positions survive replacement/reflow; explicit reset removes only position overrides (4.041916ms)
✔ replacing a portrait with landscape and extending a caption reflows only the dependent slide (4.70475ms)
✔ old stories stay unchanged until explicit adaptation; reopening uses frozen frames (3.137458ms)
✔ malformed variant maps, sizing bases and layout definitions fail before editing (4.886625ms)
✔ style capture exports only chosen reusable settings, with no photos, masks, captions, crops or node IDs (10.71325ms)
✔ single-slide layout styles cannot alter another slide's present or future reflow (20.619ms)
✔ look strength has deterministic endpoints and preserves source-specific edits (13.829ms)
✔ layout application keeps manual positions by default; explicit reset preserves crop/appearance/text overrides (37.9745ms)
✔ style previews produce one undo and copy the immutable definition through serialization (37.909291ms)
✔ custom fonts and unrecognized layouts require an explicit supported alternative when saving (4.626333ms)
✔ unsupported requirements and engines import as identifiable styles but cannot be applied (4.257458ms)
✔ malformed imports reject executable, remote, private, oversized and out-of-range content (1.693625ms)
✔ text-only styles reflow the selected slide while keeping old static stories static (12.907708ms)
✔ depth styles capture bounded relative settings without private words, masks, identities or font assets (2.792584ms)
✔ depth style applies once to selected masked photos, preserves words and repairs, and reports incompatible scope (6.203542ms)
✔ depth styles keep existing words and positions by default, offer explicit reset, and undo as one change (11.505709ms)
✔ depth style scope updates both halves of a connected subject and creates one shared title (7.042125ms)
✔ depth style imports reject private fields, remote fonts, missing capabilities and invalid placement or type (3.422333ms)
✔ editing copies keep original identity and dimensions; invalid lineage and original deletion are atomic failures (11.114125ms)
✔ reducing is explicit; original imports and already-small images keep their exact bytes (4.657458ms)
✔ copy generation reserves the full source decode, rereads only after admission and transfers output ownership (3.537083ms)
✔ memory rejection precedes the second source read; changed originals and malformed copy output cannot be accepted (5.750458ms)
✔ cancelled imports drain all consumers before releasing retained originals and leave no partial project (4.903416ms)
ℹ tests 117
ℹ suites 0
ℹ pass 117
ℹ fail 0
ℹ cancelled 0
ℹ skipped 0
ℹ todo 0
ℹ duration_ms 3385.786
