✔ disk dilation agrees with an independent neighborhood oracle for soft masks, thin edges and transparent borders (17.683541ms)
✔ depth decoration agrees with an independent three-layer composition and protects opaque subjects (2.280125ms)
✔ effects persist through grouped history, connected copies, mask removal and reattachment (14.978125ms)
✔ schema rejects unsupported fields, non-image effects and unbounded or invalid parameters (1.438083ms)
✔ planning includes off-page effect support and reserves padded rendering before admission (2.007208ms)
✔ reusable finishes share only effect parameters and apply to existing subject selections in scope (6.388625ms)
✔ style capture exports only chosen reusable settings, with no photos, masks, captions, crops or node IDs (24.141916ms)
✔ single-slide layout styles cannot alter another slide's present or future reflow (14.661083ms)
✔ look strength has deterministic endpoints and preserves source-specific edits (7.53ms)
✔ layout application keeps manual positions by default; explicit reset preserves crop/appearance/text overrides (26.400875ms)
✔ style previews produce one undo and copy the immutable definition through serialization (19.306042ms)
✔ custom fonts and unrecognized layouts require an explicit supported alternative when saving (1.283084ms)
✔ unsupported requirements and engines import as identifiable styles but cannot be applied (1.498625ms)
✔ malformed imports reject executable, remote, private, oversized and out-of-range content (1.351625ms)
✔ text-only styles reflow the selected slide while keeping old static stories static (7.421375ms)
✔ depth styles capture bounded relative settings without private words, masks, identities or font assets (2.278458ms)
✔ depth style applies once to selected masked photos, preserves words and repairs, and reports incompatible scope (4.588709ms)
✔ depth styles keep existing words and positions by default, offer explicit reset, and undo as one change (8.26525ms)
✔ depth style scope updates both halves of a connected subject and creates one shared title (5.314292ms)
✔ depth style imports reject private fields, remote fonts, missing capabilities and invalid placement or type (2.080125ms)
ℹ tests 20
ℹ suites 0
ℹ pass 20
ℹ fail 0
ℹ cancelled 0
ℹ skipped 0
ℹ todo 0
ℹ duration_ms 197.490583
