
> preverify
> npm run check:runtime


> check:runtime
> node scripts/stage-pillow-runtime.mjs --check

Pillow-RS 12.2.0-alpha.1: paired runtime integrity verified.

> verify
> node scripts/verify.mjs && npm run verify:scheduler && npm run verify:project-model

verify: PASS
  real WASM transforms: PNG fit/crop/rotate/flip/adjustments, exact decoded pixels, PNG bytes, decoded dimensions, output-size guard
  real input decoders: JPEG, BMP, WebP, GIF, TIFF, ICO, EXIF-JPEG fixture paths, corrupt-input rejection
  real format contract: runtime-verified output formats png, jpeg; JPEG alpha flattening, fixed settings and rejection of PNG-only masquerading
  large-folder contract: 100k metadata-only manifest, bounded virtual rows/workers, collision-safe paths, direct folder output, no archive path
  contract checks: editor modules, readiness separation, revisions, capability-driven formats, Low/Medium/High quality gating, metadata-only download, presets, selection, append imports, animated-input safety, duplicate identity, byte/output pixel guards, memory-aware worker parallelism, bounded worker failure handling, relative apply-to-all edits, shared-recipe/per-item override merge, explicit recipe scope, mixed-shape framing review, unified tray selection, versioned session and large-job recovery

> verify:scheduler
> node --test tests/processing.test.mjs tests/processing-startup.test.mjs

✔ initial Auto admission follows real arrivals, then stops speculative growth at the first useful result (14.318083ms)
✔ a completed short probe cannot be enlarged merely by later arrivals or header inspection (1.839541ms)
✔ cancelled initial work and pressure do not reopen the speculative arrival phase (1.376ms)
✔ a wider initial limit still counts retained sources, terminal outputs and actual reads against memory (0.737166ms)
✔ Auto challenges an unproven initial size when 1 workers already saturate useful throughput (4.146584ms)
✔ Auto challenges an unproven initial size when 2 workers already saturate useful throughput (3.99475ms)
✔ an unfinished downward probe restores the measured good limit on cancel (2.07225ms)
✔ an unfinished downward probe restores the measured good limit on drain (1.239416ms)
✔ the initial eight-worker bound does not cap later measured concurrency on a larger budget (1.6605ms)
✔ another work class cannot certify a lower-count trial, and pressure cancels its old baseline (2.0815ms)
✔ admission defers copies, shares CPU across worker kinds, and reuses an idle engine (13.303167ms)
✔ current-image priority, FIFO ties, and aging prevent starvation (1.085916ms)
✔ memory admission counts retained data, active output and idle heaps (1.313542ms)
✔ explicit high concurrency is not capped at four and never exceeds CPU tokens (1.547875ms)
✔ text admission includes its RGBA surfaces and custom fonts before dispatch (0.960833ms)
✔ cancel kills synchronous work, drops stale messages, and does not prepare queued sources (0.7115ms)
✔ worker death and task timeout release all reservations and permit retry (27.758583ms)
✔ cancelled asynchronous source reads retain memory credit until they settle (0.550833ms)
✔ reentrant completion can close a logical client without destroying reusable workers (0.329958ms)
✔ closing during a grouped worker-start failure cannot dispatch later cancelled tasks (0.34075ms)
✔ allocation estimates reject oversized sources and budget the full current preview path (0.086625ms)
✔ Auto grows on useful work, retreats without throughput gain, and observes cooldown (2.375416ms)
✔ interleaved header inspection and mixed image sizes do not erase Auto calibration (2.027666ms)
✔ header-only work does not calibrate image throughput (0.964458ms)
✔ Auto keeps the eight-sample growth gate and checks whether fewer provisional workers suffice (1.858875ms)
✔ Auto preserves a serial start with a missing memory hint (0.331709ms)
✔ Auto preserves a serial start with a small memory hint (0.329542ms)
✔ Auto preserves a serial start with a small CPU hint (0.358459ms)
✔ Auto does not start an extra worker for short edits or from queued inspections (0.543625ms)
✔ the initial Auto probe cannot bypass retained memory or output reservations (0.48475ms)
✔ pressure suppresses the initial Auto probe even after cooldown and an unchanged configure call (0.383666ms)
✔ Auto retains useful concurrency without counting idle time between collections (2.941292ms)
✔ Auto discards an unfinished measurement when the queue drains by success (0.515542ms)
✔ Auto discards an unfinished measurement when the queue drains by render-error (0.388125ms)
✔ Auto discards an unfinished measurement when the queue drains by cancel (0.328375ms)
✔ Auto discards an unfinished measurement when the queue drains by prepare-error (0.340084ms)
✔ Auto discards an unfinished measurement when the queue drains by cancel-queued (0.311917ms)
✔ an oversized idle WASM heap is retired before admitting smaller work (0.416375ms)
ℹ tests 38
ℹ suites 0
ℹ pass 38
ℹ fail 0
ℹ cancelled 0
ℹ skipped 0
ℹ todo 0
ℹ duration_ms 100.795375

> verify:project-model
> node --test tests/folder-source.test.mjs tests/folder-sample.test.mjs tests/project.test.mjs tests/story-layout.test.mjs tests/story-export.test.mjs tests/story-designs.test.mjs tests/story-fonts.test.mjs tests/working-copies.test.mjs tests/source-resolution.test.mjs tests/folder-contract.test.mjs tests/styles.test.mjs tests/legacy-styles.test.mjs tests/recipe-catalog.test.mjs tests/recipe-selection.test.mjs tests/photo-look.test.mjs tests/masks.test.mjs tests/depth.test.mjs tests/connections.test.mjs tests/cutout-effects.test.mjs tests/render-diagnostics.test.mjs

✔ connected copy preserves its source, shares the mask, and spans the same join in both shapes (23.204792ms)
✔ create, position, mask edit and remove are atomic and reversible, with no shared-mask deletion (18.05175ms)
✔ connected pairs move together past neighboring blocks and retain local geometry (10.339625ms)
✔ changing the joined pair carries depth text and removing the copy leaves originals intact (3.306166ms)
✔ connection validation rejects split pairs, unilateral overrides and unknown connection schemas (6.049833ms)
✔ variant positioning, layout and styles preserve connections without counting decorative copies as sources (12.8385ms)
✔ disk dilation agrees with an independent neighborhood oracle for soft masks, thin edges and transparent borders (10.523917ms)
✔ depth decoration agrees with an independent three-layer composition and protects opaque subjects (0.52075ms)
✔ effects persist through grouped history, connected copies, mask removal and reattachment (28.407792ms)
✔ schema rejects unsupported fields, non-image effects and unbounded or invalid parameters (1.394083ms)
✔ planning includes off-page effect support and reserves padded rendering before admission (6.744084ms)
✔ reusable finishes share only effect parameters and apply to existing subject selections in scope (18.224667ms)
✔ depth preserves source alpha and matches an independently split layer stack (1.018166ms)
✔ page background composites the extracted subject once over the title (0.224666ms)
✔ depth title creation and edits form one undoable project operation (16.917125ms)
✔ depth relationships reject dangling, reordered, shared or incompatible titles (7.077709ms)
✔ depth geometry follows photo frame, rotation and both output variants (6.841333ms)
✔ looks and missing-mask fallback preserve title edits, while styles exclude private links (6.309334ms)
✔ new folder jobs pin the renderer without sharing mutable contract objects (2.750125ms)
✔ older and unknown contracts remain identifiable instead of silently adopting this renderer (0.571084ms)
✔ recipe hashes are canonical and include actual text and all recipe parameters (18.530042ms)
✔ both stale queued edits and altered persisted recipes fail against the frozen identity (6.21825ms)
✔ font snapshots enforce unique identities, exact fields and per-font and total bounds (0.363292ms)
✔ folder samples cover format maxima, smallest source and discovery positions without modifying entries (37.634917ms)
✔ JPEG/TIFF aliases share format buckets; ties are deterministic and small sets stay bounded (0.275208ms)
✔ processing estimates require observed completions and useful elapsed time (0.10325ms)
✔ source identities reject unknown fields, malformed digests and unbounded metadata (0.548208ms)
✔ first inspection binds immutable content, including replacements with identical metadata (0.213833ms)
✔ explicit failed retry accepts one repair and never changes a journaled source (0.102625ms)
✔ all destination presets become versioned outputs with identical identity, parameters and order (6.509125ms)
✔ private legacy definitions preserve original fields and text, and do not enter public style sharing (1.496791ms)
✔ a consumer resolves the copied revision rather than mutable wrapper operations (0.557917ms)
✔ unsupported output and compression intents remain identifiable until an explicit replacement (2.331667ms)
✔ folder jobs freeze the complete style and preserve relative crop, transforms and local recipe parameters (0.627708ms)
✔ unknown engine identities remain preserved but cannot execute as the current renderer (0.607792ms)
✔ migration rejects malformed executable, oversized and out-of-range data without coercing intent (2.2935ms)
✔ mask brushes preserve untouched pixels and support erase/restore with soft opacity (0.596125ms)
✔ one stroke is independent of point density and retracing (3.701416ms)
✔ a one-source-pixel brush can repair a large image without touching neighbors (62.337625ms)
✔ detail areas preserve source coordinates at every zoom and edge, with bounded allocation (0.6245ms)
✔ mask brush and memory bounds reject malformed work before allocation (0.155417ms)
✔ a cutout is one reversible asset edit and global looks preserve mask/crop (22.164625ms)
✔ mask removal preserves shared assets and bounded history keeps undo dependencies (9.304458ms)
✔ photo colors are frozen independently of story layout, typography and output (4.152042ms)
✔ malformed, out-of-range and unsupported photo looks fail before rendering (10.788375ms)
✔ all/selected/this look application and undo preserve unrelated manual corrections (1.634708ms)
✔ a stale look undo cannot overwrite a later look and empty selections do not mutate (1.9215ms)
✔ folder recipes copy the chosen look and its base output recipe without following library updates (1.406917ms)
✔ look and downsampled output previews reserve their additional memory and have distinct timing classes (0.551083ms)
✔ recovery rejects future shared and per-image look metadata before restoring the set (2.371417ms)
✔ project renderer identity matches the actual pinned runtime bytes (16.25075ms)
✔ legacy migration preserves IDs, fractional pixel crops and exact transform order (1.447834ms)
✔ the shared text renderer upgrades only the known old identity and leaves original intent intact (2.313542ms)
✔ serialized projects preserve exact PNG and JPEG output bytes through the published engine (73.521291ms)
✔ many previews commit one reversible action and cancel restores the prior edit (1.109292ms)
✔ new edits discard redo; command history is bounded and contains no source data (45.709083ms)
✔ shared appearance resolves before node settings and local overrides without removing crops/masks (0.334625ms)
✔ connected geometry resolves per viewport in both ratios and tracks its stable anchor on reorder (0.356166ms)
✔ replacing a source invalidates only dependent slides and preserves unrelated local edits (0.508584ms)
✔ bad references, unknown schemas, code, remote assets and binary payloads are rejected (0.759709ms)
✔ scene styles reject unsupported operations and preview dimensions stay bounded (3.303ms)
✔ image placement preserves crop bounds, cover focal edges and clockwise rotation (0.156208ms)
✔ the story assembler places every chosen photo exactly once at both count extremes and both ratios (53.86575ms)
✔ story look strength and reversible layout changes preserve captions, sources, focal points and crops (8.612792ms)
✔ story reorder moves stable slides and updates numbering as one reversible command (2.850792ms)
✔ legacy catalog parsing preserves complete data and fences unknown/malformed/duplicate records (1.25425ms)
✔ independent creates from the same snapshot merge without overwriting catalog entries (4.318083ms)
✔ stale edits and edit/delete races cannot replace a newer version (1.186625ms)
✔ a stale create cannot resurrect an ID created and then deleted since its snapshot (0.695958ms)
✔ an exact retry is idempotent and a reused operation ID with different payload is refused (0.626541ms)
✔ bounded receipts reject retries older than the retained history instead of replaying them (19.423ms)
✔ clearing advances the generation so pending work from any tab cannot recreate recipes (0.107208ms)
✔ catalog validation fences future schemas, missing histories, duplicate entries and extra fields (0.239958ms)
✔ one ID can have independently selected immutable revisions without rebinding to a library update (4.470959ms)
✔ selection identities distinguish separator-bearing IDs and unversioned saved copies (0.513708ms)
✔ duplicate identities with different immutable definitions fail instead of picking one (0.468833ms)
✔ new recovery references reject missing revisions, wrong IDs, extra items and future formats (3.313667ms)
✔ old ID-only recovery selects its frozen copy before consulting the library and keeps source buffers (0.762084ms)
✔ new snapshots reopen all selected revisions without a library and remain independent of its removal (0.591458ms)
✔ oldest custom recipes require a deliberate choice even when a current copy has the same ID (0.637ms)
✔ historical built-ins are resolved from the frozen baseline, independently of current catalog changes (0.265042ms)
✔ complete saved image state preserves absolute edits without inventing the original custom definition (1.869875ms)
✔ partial patches never masquerade as complete saved state, and malformed state is not silently replaced (0.440792ms)
✔ opt-in timing observations preserve complete PNG/JPEG outputs and ordinary result shape (5.54925ms)
✔ one conversion preserves edited and connected scene metadata, parent masks and one-step undo (50.117708ms)
✔ restoring after cutout painting resizes the current mask instead of restoring a stale parent (9.655084ms)
✔ old copies remain readable, verified parent hashes control caching, and referenced masks cannot be deleted (7.133125ms)
✔ admission includes full source and upscaled target before reads; malformed output never changes the input (5.329208ms)
✔ partial failure and cancellation drain all copy tasks before releasing output ownership (7.160042ms)
✔ conversion without a mask stays mask-free; copies reject invalid direction, geometry and reservations before decoding (5.256333ms)
✔ story byte limits and sibling failure leave no partial assets or retained copies (3.177ms)
✔ three frozen story recipes remain separate from the existing color-look revisions (24.953334ms)
✔ all recipes preserve every photo and caption across counts, orientations and both output shapes (2653.572542ms)
✔ photo decorations follow manual frames and rotation using photo-relative geometry (11.037291ms)
✔ recipe replacement removes only owned decorations and preserves local photo/word repairs through undo (57.12525ms)
✔ Depth cover requires the cover mask, targets only that photo and preserves an existing title (12.600042ms)
✔ Depth cover fills the available frame in both shapes while preserving editable source crop and mask (25.833292ms)
✔ recipe color strength leaves layout, typography, captions and subject selection identical (55.87125ms)
✔ new source reflow keeps decorations attached and old saved stories do not acquire a design (22.800666ms)
✔ untrusted designs and attachments cannot add executable fields, unbounded data or unrelated owners (14.809208ms)
✔ both shapes have a complete, ordered output manifest with unique filenames and independent metadata (8.467666ms)
✔ legacy single-shape filenames and saved export selections survive without changing preview shape (7.756375ms)
✔ invalid, unavailable, duplicate and unbounded export choices fail before rendering (7.318625ms)
✔ output-only saved styles retain both shapes and legacy styles still choose exactly one (24.718708ms)
✔ one failed output preserves all successes, ordered results and the exact frozen retry (1.169208ms)
✔ pausing preserves ready files and rejects late output ownership; continuing runs only pending items (3.788458ms)
✔ closing a batch cancels admitted work and ignores all later completion notifications (2.683292ms)
✔ synchronous render and output-retention failures are isolated to their own output (3.843042ms)
✔ the unmodified font pack binds four binaries, licenses, descriptors and coverage to pinned source hashes (20.701833ms)
✔ revision-two recipes freeze licensed fonts while revision one remains independent and asset-free (120.087208ms)
✔ saved text and depth styles share only pinned font references and preserve one-step undo (22.589708ms)
✔ font declarations reject unsafe/private fields and preserve unavailable imports without substitution (14.169625ms)
✔ unsupported glyphs and styles fail preflight; explicit device fallback keeps words and is reversible (16.50425ms)
✔ font fetches are pinned, bounded, hash-checked, cancellable and never accept recipe URLs (14.401542ms)
✔ shared font loading counts temporary bytes, cancels only the last consumer and reuses stored sources (1.014625ms)
✔ automatic layout actually changes the arrangement between portrait and tall (9.407959ms)
✔ an infeasible candidate does not discard another valid automatic arrangement (2.11975ms)
✔ every photo count and varied aspect/caption corpus fits rotated prints with consistent physical borders (496.092291ms)
✔ output frames resolve with local precedence and invalidate only their own variant (1.986833ms)
✔ reflow preserves masks, crop rounding, captions, focal points and local appearance as one undo (7.516167ms)
✔ manual positions survive replacement/reflow; explicit reset removes only position overrides (3.492959ms)
✔ replacing a portrait with landscape and extending a caption reflows only the dependent slide (4.619875ms)
✔ old stories stay unchanged until explicit adaptation; reopening uses frozen frames (2.639875ms)
✔ malformed variant maps, sizing bases and layout definitions fail before editing (4.515792ms)
✔ style capture exports only chosen reusable settings, with no photos, masks, captions, crops or node IDs (9.32225ms)
✔ single-slide layout styles cannot alter another slide's present or future reflow (17.3135ms)
✔ look strength has deterministic endpoints and preserves source-specific edits (12.369333ms)
✔ layout application keeps manual positions by default; explicit reset preserves crop/appearance/text overrides (35.725084ms)
✔ style previews produce one undo and copy the immutable definition through serialization (23.184833ms)
✔ custom fonts and unrecognized layouts require an explicit supported alternative when saving (3.46125ms)
✔ unsupported requirements and engines import as identifiable styles but cannot be applied (1.983875ms)
✔ malformed imports reject executable, remote, private, oversized and out-of-range content (1.85925ms)
✔ text-only styles reflow the selected slide while keeping old static stories static (10.971083ms)
✔ depth styles capture bounded relative settings without private words, masks, identities or font assets (2.54875ms)
✔ depth style applies once to selected masked photos, preserves words and repairs, and reports incompatible scope (4.919ms)
✔ depth styles keep existing words and positions by default, offer explicit reset, and undo as one change (10.148916ms)
✔ depth style scope updates both halves of a connected subject and creates one shared title (5.757625ms)
✔ depth style imports reject private fields, remote fonts, missing capabilities and invalid placement or type (2.284375ms)
✔ editing copies keep original identity and dimensions; invalid lineage and original deletion are atomic failures (11.513458ms)
✔ reducing is explicit; original imports and already-small images keep their exact bytes (4.407ms)
✔ copy generation reserves the full source decode, rereads only after admission and transfers output ownership (3.117458ms)
✔ memory rejection precedes the second source read; changed originals and malformed copy output cannot be accepted (6.122916ms)
✔ cancelled imports drain all consumers before releasing retained originals and leave no partial project (1.6775ms)
ℹ tests 143
ℹ suites 0
ℹ pass 143
ℹ fail 0
ℹ cancelled 0
ℹ skipped 0
ℹ todo 0
ℹ duration_ms 3029.627167
