{
  "schema": "tinystar/heic-native-observations@1",
  "browser_kind": "webkit",
  "browser": "26.5",
  "executable_sha256": "a85baad3d8c07173ac387a59b41500c382b21ed692afe0964d29aac247ccc63b",
  "webkit_runtime": {
    "files": 6906,
    "sha256": "2b1df3beb7fd413891ed017a19193cc98837fc6e0194ad663d347eff2af40098"
  },
  "input_inventory_sha256": "acc08c8c24a659d2905db7d674f945a925b98257aa4d7663d1e6ba9ed4d90e3a",
  "observations": [
    {
      "id": "opaque",
      "bitmap": {
        "status": "decoded",
        "width": 256,
        "height": 192,
        "meanRgbDifference": 0.4127604166666667,
        "maxRgbDifference": 2,
        "meanAlphaDifference": 0,
        "maxAlphaDifference": 0
      },
      "image_element": {
        "status": "decoded",
        "width": 256,
        "height": 192,
        "meanRgbDifference": 0.4127604166666667,
        "maxRgbDifference": 2,
        "meanAlphaDifference": 0,
        "maxAlphaDifference": 0
      },
      "worker": {
        "status": "decoded",
        "width": 256,
        "height": 192,
        "meanRgbDifference": 0.4127604166666667,
        "maxRgbDifference": 2,
        "meanAlphaDifference": 0,
        "maxAlphaDifference": 0
      }
    },
    {
      "id": "alpha",
      "bitmap": {
        "status": "decoded",
        "width": 256,
        "height": 192,
        "meanRgbDifference": 0.4097222222222222,
        "maxRgbDifference": 28,
        "meanAlphaDifference": 0,
        "maxAlphaDifference": 0
      },
      "image_element": {
        "status": "decoded",
        "width": 256,
        "height": 192,
        "meanRgbDifference": 0.4097222222222222,
        "maxRgbDifference": 28,
        "meanAlphaDifference": 0,
        "maxAlphaDifference": 0
      },
      "worker": {
        "status": "decoded",
        "width": 256,
        "height": 192,
        "meanRgbDifference": 0.4097222222222222,
        "maxRgbDifference": 28,
        "meanAlphaDifference": 0,
        "maxAlphaDifference": 0
      }
    }
  ],
  "external": [],
  "errors": [],
  "boundary": "Generated 256x192 basic fixtures; PNG comparison shares the browser stack. Not independent decoder quality, HDR, real picker, memory or physical-phone evidence."
}
