
> preverify
> npm run check:runtime


> check:runtime
> node scripts/stage-pillow-runtime.mjs --check

Pillow-RS 12.2.0-alpha.1: paired runtime integrity verified.

> verify
> node scripts/verify.mjs && npm run verify:scheduler && npm run verify:project-model

verify: PASS
  real WASM transforms: PNG fit/crop/rotate/flip/adjustments, exact decoded pixels, PNG bytes, decoded dimensions, output-size guard
  real input decoders: JPEG, BMP, WebP, GIF, TIFF, ICO, EXIF-JPEG fixture paths, corrupt-input rejection
  real format contract: runtime-verified output formats png, jpeg; JPEG alpha flattening, fixed settings and rejection of PNG-only masquerading
  large-folder contract: 100k metadata-only manifest, bounded virtual rows/workers, collision-safe paths, direct folder output, no archive path
  contract checks: editor modules, readiness separation, revisions, capability-driven formats, Low/Medium/High quality gating, metadata-only download, presets, selection, append imports, animated-input safety, duplicate identity, byte/output pixel guards, memory-aware worker parallelism, bounded worker failure handling, relative apply-to-all edits, shared-recipe/per-item override merge, explicit recipe scope, mixed-shape framing review, unified tray selection, versioned session and large-job recovery

> verify:scheduler
> node --test tests/processing.test.mjs

✔ admission defers copies, shares CPU across worker kinds, and reuses an idle engine (18.579292ms)
✔ current-image priority, FIFO ties, and aging prevent starvation (0.847625ms)
✔ memory admission counts retained data, active output and idle heaps (1.219791ms)
✔ explicit high concurrency is not capped at four and never exceeds CPU tokens (1.524541ms)
✔ text admission includes its RGBA surfaces and custom fonts before dispatch (0.798667ms)
✔ cancel kills synchronous work, drops stale messages, and does not prepare queued sources (0.597834ms)
✔ worker death and task timeout release all reservations and permit retry (25.834416ms)
✔ cancelled asynchronous source reads retain memory credit until they settle (0.561125ms)
✔ reentrant completion can close a logical client without destroying reusable workers (0.337166ms)
✔ closing during a grouped worker-start failure cannot dispatch later cancelled tasks (0.302208ms)
✔ allocation estimates reject oversized sources and budget the full current preview path (0.086083ms)
✔ Auto grows on useful work, retreats without throughput gain, and observes cooldown (2.470541ms)
✔ interleaved header inspection and mixed image sizes do not erase Auto calibration (2.488875ms)
✔ header-only work does not calibrate image throughput (1.663333ms)
✔ Auto starts a backlogged render batch with two workers and still measures subsequent growth (1.066875ms)
✔ Auto preserves a serial start with a missing memory hint (0.340042ms)
✔ Auto preserves a serial start with a small memory hint (0.275875ms)
✔ Auto preserves a serial start with a small CPU hint (0.293166ms)
✔ Auto does not start an extra worker for short edits or from queued inspections (0.431042ms)
✔ the initial Auto probe cannot bypass retained memory or output reservations (0.451375ms)
✔ pressure suppresses the initial Auto probe even after cooldown and an unchanged configure call (0.374208ms)
✔ Auto retains useful concurrency without counting idle time between collections (2.949958ms)
✔ Auto discards an unfinished measurement when the queue drains by success (0.446ms)
✔ Auto discards an unfinished measurement when the queue drains by render-error (0.317458ms)
✔ Auto discards an unfinished measurement when the queue drains by cancel (0.350333ms)
✔ Auto discards an unfinished measurement when the queue drains by prepare-error (0.303625ms)
✔ Auto discards an unfinished measurement when the queue drains by cancel-queued (0.254292ms)
✔ an oversized idle WASM heap is retired before admitting smaller work (0.333333ms)
ℹ tests 28
ℹ suites 0
ℹ pass 28
ℹ fail 0
ℹ cancelled 0
ℹ skipped 0
ℹ todo 0
ℹ duration_ms 105.443167

> verify:project-model
> node --test tests/project.test.mjs tests/story-layout.test.mjs tests/story-designs.test.mjs tests/styles.test.mjs tests/legacy-styles.test.mjs tests/recipe-catalog.test.mjs tests/recipe-selection.test.mjs tests/photo-look.test.mjs tests/masks.test.mjs tests/depth.test.mjs tests/connections.test.mjs tests/cutout-effects.test.mjs tests/render-diagnostics.test.mjs

✔ connected copy preserves its source, shares the mask, and spans the same join in both shapes (29.496375ms)
✔ create, position, mask edit and remove are atomic and reversible, with no shared-mask deletion (16.59125ms)
✔ connected pairs move together past neighboring blocks and retain local geometry (8.644375ms)
✔ changing the joined pair carries depth text and removing the copy leaves originals intact (18.923667ms)
✔ connection validation rejects split pairs, unilateral overrides and unknown connection schemas (9.010167ms)
✔ variant positioning, layout and styles preserve connections without counting decorative copies as sources (15.541042ms)
✔ disk dilation agrees with an independent neighborhood oracle for soft masks, thin edges and transparent borders (5.714458ms)
✔ depth decoration agrees with an independent three-layer composition and protects opaque subjects (0.533375ms)
✔ effects persist through grouped history, connected copies, mask removal and reattachment (19.499667ms)
✔ schema rejects unsupported fields, non-image effects and unbounded or invalid parameters (2.066708ms)
✔ planning includes off-page effect support and reserves padded rendering before admission (4.551208ms)
✔ reusable finishes share only effect parameters and apply to existing subject selections in scope (33.2235ms)
✔ depth preserves source alpha and matches an independently split layer stack (3.566375ms)
✔ page background composites the extracted subject once over the title (0.260041ms)
✔ depth title creation and edits form one undoable project operation (14.1695ms)
✔ depth relationships reject dangling, reordered, shared or incompatible titles (2.976792ms)
✔ depth geometry follows photo frame, rotation and both output variants (7.004625ms)
✔ looks and missing-mask fallback preserve title edits, while styles exclude private links (6.833791ms)
✔ all destination presets become versioned outputs with identical identity, parameters and order (3.126167ms)
✔ private legacy definitions preserve original fields and text, and do not enter public style sharing (0.69825ms)
✔ a consumer resolves the copied revision rather than mutable wrapper operations (1.397ms)
✔ unsupported output and compression intents remain identifiable until an explicit replacement (1.71325ms)
✔ folder jobs freeze the complete style and preserve relative crop, transforms and local recipe parameters (0.543709ms)
✔ unknown engine identities remain preserved but cannot execute as the current renderer (0.272334ms)
✔ migration rejects malformed executable, oversized and out-of-range data without coercing intent (1.687458ms)
✔ mask brushes preserve untouched pixels and support erase/restore with soft opacity (0.715416ms)
✔ one stroke is independent of point density and retracing (3.318583ms)
✔ a one-source-pixel brush can repair a large image without touching neighbors (27.912833ms)
✔ detail areas preserve source coordinates at every zoom and edge, with bounded allocation (1.423542ms)
✔ mask brush and memory bounds reject malformed work before allocation (0.703208ms)
✔ a cutout is one reversible asset edit and global looks preserve mask/crop (19.450958ms)
✔ mask removal preserves shared assets and bounded history keeps undo dependencies (11.702625ms)
✔ photo colors are frozen independently of story layout, typography and output (6.039375ms)
✔ malformed, out-of-range and unsupported photo looks fail before rendering (7.773458ms)
✔ all/selected/this look application and undo preserve unrelated manual corrections (1.890333ms)
✔ a stale look undo cannot overwrite a later look and empty selections do not mutate (1.056625ms)
✔ folder recipes copy the chosen look and its base output recipe without following library updates (1.321917ms)
✔ look and downsampled output previews reserve their additional memory and have distinct timing classes (1.775584ms)
✔ recovery rejects future shared and per-image look metadata before restoring the set (1.829459ms)
✔ project renderer identity matches the actual pinned runtime bytes (34.859333ms)
✔ legacy migration preserves IDs, fractional pixel crops and exact transform order (2.427875ms)
✔ the shared text renderer upgrades only the known old identity and leaves original intent intact (0.808375ms)
✔ serialized projects preserve exact PNG and JPEG output bytes through the published engine (57.056334ms)
✔ many previews commit one reversible action and cancel restores the prior edit (1.40825ms)
✔ new edits discard redo; command history is bounded and contains no source data (30.672208ms)
✔ shared appearance resolves before node settings and local overrides without removing crops/masks (0.419167ms)
✔ connected geometry resolves per viewport in both ratios and tracks its stable anchor on reorder (0.514ms)
✔ replacing a source invalidates only dependent slides and preserves unrelated local edits (0.54125ms)
✔ bad references, unknown schemas, code, remote assets and binary payloads are rejected (0.904084ms)
✔ scene styles reject unsupported operations and preview dimensions stay bounded (1.835084ms)
✔ image placement preserves crop bounds, cover focal edges and clockwise rotation (0.223167ms)
✔ the story assembler places every chosen photo exactly once at both count extremes and both ratios (41.564417ms)
✔ story look strength and reversible layout changes preserve captions, sources, focal points and crops (5.858833ms)
✔ story reorder moves stable slides and updates numbering as one reversible command (2.906416ms)
✔ legacy catalog parsing preserves complete data and fences unknown/malformed/duplicate records (1.323ms)
✔ independent creates from the same snapshot merge without overwriting catalog entries (3.227667ms)
✔ stale edits and edit/delete races cannot replace a newer version (0.355ms)
✔ a stale create cannot resurrect an ID created and then deleted since its snapshot (0.242291ms)
✔ an exact retry is idempotent and a reused operation ID with different payload is refused (0.259792ms)
✔ bounded receipts reject retries older than the retained history instead of replaying them (28.495541ms)
✔ clearing advances the generation so pending work from any tab cannot recreate recipes (0.105542ms)
✔ catalog validation fences future schemas, missing histories, duplicate entries and extra fields (0.276584ms)
✔ one ID can have independently selected immutable revisions without rebinding to a library update (4.55025ms)
✔ selection identities distinguish separator-bearing IDs and unversioned saved copies (0.276167ms)
✔ duplicate identities with different immutable definitions fail instead of picking one (0.493958ms)
✔ new recovery references reject missing revisions, wrong IDs, extra items and future formats (5.697833ms)
✔ old ID-only recovery selects its frozen copy before consulting the library and keeps source buffers (0.830333ms)
✔ new snapshots reopen all selected revisions without a library and remain independent of its removal (0.300334ms)
✔ oldest custom recipes require a deliberate choice even when a current copy has the same ID (3.411709ms)
✔ historical built-ins are resolved from the frozen baseline, independently of current catalog changes (0.289083ms)
✔ complete saved image state preserves absolute edits without inventing the original custom definition (2.0225ms)
✔ partial patches never masquerade as complete saved state, and malformed state is not silently replaced (0.492916ms)
✔ opt-in timing observations preserve complete PNG/JPEG outputs and ordinary result shape (5.788958ms)
✔ three frozen story recipes remain separate from the existing color-look revisions (22.574917ms)
✔ all recipes preserve every photo and caption across counts, orientations and both output shapes (2549.912958ms)
✔ photo decorations follow manual frames and rotation using photo-relative geometry (9.733ms)
✔ recipe replacement removes only owned decorations and preserves local photo/word repairs through undo (50.952875ms)
✔ Depth cover requires the cover mask, targets only that photo and preserves an existing title (10.368125ms)
✔ Depth cover fills the available frame in both shapes while preserving editable source crop and mask (22.04925ms)
✔ new source reflow keeps decorations attached and old saved stories do not acquire a design (21.979333ms)
✔ untrusted designs and attachments cannot add executable fields, unbounded data or unrelated owners (13.378167ms)
✔ automatic layout actually changes the arrangement between portrait and tall (7.617625ms)
✔ an infeasible candidate does not discard another valid automatic arrangement (1.756291ms)
✔ every photo count and varied aspect/caption corpus fits rotated prints with consistent physical borders (467.025875ms)
✔ output frames resolve with local precedence and invalidate only their own variant (2.005417ms)
✔ reflow preserves masks, crop rounding, captions, focal points and local appearance as one undo (7.507791ms)
✔ manual positions survive replacement/reflow; explicit reset removes only position overrides (3.800833ms)
✔ replacing a portrait with landscape and extending a caption reflows only the dependent slide (4.595209ms)
✔ old stories stay unchanged until explicit adaptation; reopening uses frozen frames (2.768625ms)
✔ malformed variant maps, sizing bases and layout definitions fail before editing (5.111208ms)
✔ style capture exports only chosen reusable settings, with no photos, masks, captions, crops or node IDs (9.346875ms)
✔ single-slide layout styles cannot alter another slide's present or future reflow (15.141291ms)
✔ look strength has deterministic endpoints and preserves source-specific edits (8.647042ms)
✔ layout application keeps manual positions by default; explicit reset preserves crop/appearance/text overrides (33.368083ms)
✔ style previews produce one undo and copy the immutable definition through serialization (21.658666ms)
✔ custom fonts and unrecognized layouts require an explicit supported alternative when saving (1.3345ms)
✔ unsupported requirements and engines import as identifiable styles but cannot be applied (3.056208ms)
✔ malformed imports reject executable, remote, private, oversized and out-of-range content (1.057708ms)
✔ text-only styles reflow the selected slide while keeping old static stories static (8.682458ms)
✔ depth styles capture bounded relative settings without private words, masks, identities or font assets (2.324625ms)
✔ depth style applies once to selected masked photos, preserves words and repairs, and reports incompatible scope (5.622834ms)
✔ depth styles keep existing words and positions by default, offer explicit reset, and undo as one change (9.130291ms)
✔ depth style scope updates both halves of a connected subject and creates one shared title (6.019083ms)
✔ depth style imports reject private fields, remote fonts, missing capabilities and invalid placement or type (2.005625ms)
ℹ tests 104
ℹ suites 0
ℹ pass 104
ℹ fail 0
ℹ cancelled 0
ℹ skipped 0
ℹ todo 0
ℹ duration_ms 2771.976416
