✔ depth preserves source alpha and matches an independently split layer stack (1.55025ms)
✔ page background composites the extracted subject once over the title (0.254917ms)
✔ depth title creation and edits form one undoable project operation (9.547458ms)
✔ depth relationships reject dangling, reordered, shared or incompatible titles (4.883875ms)
✔ depth geometry follows photo frame, rotation and both output variants (4.702917ms)
✔ looks and missing-mask fallback preserve title edits, while styles exclude private links (4.12575ms)
✔ project renderer identity matches the actual pinned runtime bytes (7.768416ms)
✔ legacy migration preserves IDs, fractional pixel crops and exact transform order (1.402625ms)
✔ the shared text renderer upgrades only the known old identity and leaves original intent intact (1.028125ms)
✔ serialized projects preserve exact PNG and JPEG output bytes through the published engine (47.978375ms)
✔ many previews commit one reversible action and cancel restores the prior edit (1.086584ms)
✔ new edits discard redo; command history is bounded and contains no source data (27.836916ms)
✔ shared appearance resolves before node settings and local overrides without removing crops/masks (0.311625ms)
✔ connected geometry resolves per viewport in both ratios and tracks its stable anchor on reorder (0.362167ms)
✔ replacing a source invalidates only dependent slides and preserves unrelated local edits (0.453083ms)
✔ bad references, unknown schemas, code, remote assets and binary payloads are rejected (0.707125ms)
✔ scene styles reject unsupported operations and preview dimensions stay bounded (1.041625ms)
✔ image placement preserves crop bounds, cover focal edges and clockwise rotation (0.124917ms)
✔ the story assembler places every chosen photo exactly once at both count extremes and both ratios (35.342375ms)
✔ story look strength and reversible layout changes preserve captions, sources, focal points and crops (5.7305ms)
✔ story reorder moves stable slides and updates numbering as one reversible command (2.414958ms)
✔ automatic layout actually changes the arrangement between portrait and tall (5.384542ms)
✔ an infeasible candidate does not discard another valid automatic arrangement (1.428083ms)
✔ every photo count and varied aspect/caption corpus fits rotated prints with consistent physical borders (447.751417ms)
✔ output frames resolve with local precedence and invalidate only their own variant (1.868208ms)
✔ reflow preserves masks, crop rounding, captions, focal points and local appearance as one undo (7.399958ms)
✔ manual positions survive replacement/reflow; explicit reset removes only position overrides (3.376875ms)
✔ replacing a portrait with landscape and extending a caption reflows only the dependent slide (4.51275ms)
✔ old stories stay unchanged until explicit adaptation; reopening uses frozen frames (2.658125ms)
✔ malformed variant maps, sizing bases and layout definitions fail before editing (4.391958ms)
✔ style capture exports only chosen reusable settings, with no photos, masks, captions, crops or node IDs (8.162917ms)
✔ single-slide layout styles cannot alter another slide's present or future reflow (16.379417ms)
✔ look strength has deterministic endpoints and preserves source-specific edits (8.409083ms)
✔ layout application keeps manual positions by default; explicit reset preserves crop/appearance/text overrides (24.876834ms)
✔ style previews produce one undo and copy the immutable definition through serialization (20.212541ms)
✔ custom fonts and unrecognized layouts require an explicit supported alternative when saving (1.347417ms)
✔ unsupported requirements and engines import as identifiable styles but cannot be applied (1.7685ms)
✔ malformed imports reject executable, remote, private, oversized and out-of-range content (1.097458ms)
✔ text-only styles reflow the selected slide while keeping old static stories static (8.176ms)
✔ depth styles capture bounded relative settings without private words, masks, identities or font assets (2.27075ms)
✔ depth style applies once to selected masked photos, preserves words and repairs, and reports incompatible scope (5.07875ms)
✔ depth styles keep existing words and positions by default, offer explicit reset, and undo as one change (9.038167ms)
✔ depth style scope updates both halves of a connected subject and creates one shared title (5.664583ms)
✔ depth style imports reject private fields, remote fonts, missing capabilities and invalid placement or type (2.401958ms)
ℹ tests 44
ℹ suites 0
ℹ pass 44
ℹ fail 0
ℹ cancelled 0
ℹ skipped 0
ℹ todo 0
ℹ duration_ms 531.064333
