
> preverify
> npm run check:runtime


> check:runtime
> node scripts/stage-pillow-runtime.mjs --check

Pillow-RS 12.2.0-alpha.1: paired runtime integrity verified.

> verify
> node scripts/verify.mjs && npm run verify:scheduler && npm run verify:project-model

verify: PASS
  real WASM transforms: PNG fit/crop/rotate/flip/adjustments, exact decoded pixels, PNG bytes, decoded dimensions, output-size guard
  real input decoders: JPEG, BMP, WebP, GIF, TIFF, ICO, EXIF-JPEG fixture paths, corrupt-input rejection
  real format contract: runtime-verified output formats png, jpeg; JPEG alpha flattening, fixed settings and rejection of PNG-only masquerading
  large-folder contract: 100k metadata-only manifest, bounded virtual rows/workers, collision-safe paths, direct folder output, no archive path
  contract checks: editor modules, readiness separation, revisions, capability-driven formats, Low/Medium/High quality gating, metadata-only download, presets, selection, append imports, animated-input safety, duplicate identity, byte/output pixel guards, memory-aware worker parallelism, bounded worker failure handling, relative apply-to-all edits, shared-recipe/per-item override merge, explicit recipe scope, mixed-shape framing review, unified tray selection, versioned session and large-job recovery

> verify:scheduler
> node --test tests/processing.test.mjs

✔ admission defers copies, shares CPU across worker kinds, and reuses an idle engine (12.599625ms)
✔ current-image priority, FIFO ties, and aging prevent starvation (0.857083ms)
✔ memory admission counts retained data, active output and idle heaps (1.018667ms)
✔ explicit high concurrency is not capped at four and never exceeds CPU tokens (1.258417ms)
✔ text admission includes its RGBA surfaces and custom fonts before dispatch (0.768209ms)
✔ cancel kills synchronous work, drops stale messages, and does not prepare queued sources (0.614666ms)
✔ worker death and task timeout release all reservations and permit retry (27.591458ms)
✔ cancelled asynchronous source reads retain memory credit until they settle (0.452417ms)
✔ reentrant completion can close a logical client without destroying reusable workers (0.313375ms)
✔ closing during a grouped worker-start failure cannot dispatch later cancelled tasks (0.313792ms)
✔ allocation estimates reject oversized sources and budget the full current preview path (0.073958ms)
✔ Auto grows on useful work, retreats without throughput gain, and observes cooldown (2.464709ms)
✔ interleaved header inspection and mixed image sizes do not erase Auto calibration (2.260666ms)
✔ header-only work does not calibrate image throughput (1.574542ms)
✔ Auto starts a backlogged render batch with two workers and still measures subsequent growth (1.042833ms)
✔ Auto preserves a serial start with a missing memory hint (0.343ms)
✔ Auto preserves a serial start with a small memory hint (0.261333ms)
✔ Auto preserves a serial start with a small CPU hint (0.260167ms)
✔ Auto does not start an extra worker for short edits or from queued inspections (0.480709ms)
✔ the initial Auto probe cannot bypass retained memory or output reservations (0.477875ms)
✔ pressure suppresses the initial Auto probe even after cooldown and an unchanged configure call (0.287667ms)
✔ Auto retains useful concurrency without counting idle time between collections (2.983167ms)
✔ Auto discards an unfinished measurement when the queue drains by success (0.448417ms)
✔ Auto discards an unfinished measurement when the queue drains by render-error (0.317625ms)
✔ Auto discards an unfinished measurement when the queue drains by cancel (0.305875ms)
✔ Auto discards an unfinished measurement when the queue drains by prepare-error (0.254667ms)
✔ Auto discards an unfinished measurement when the queue drains by cancel-queued (0.242292ms)
✔ an oversized idle WASM heap is retired before admitting smaller work (0.293125ms)
ℹ tests 28
ℹ suites 0
ℹ pass 28
ℹ fail 0
ℹ cancelled 0
ℹ skipped 0
ℹ todo 0
ℹ duration_ms 94.631458

> verify:project-model
> node --test tests/project.test.mjs tests/story-layout.test.mjs tests/styles.test.mjs tests/legacy-styles.test.mjs tests/recipe-catalog.test.mjs tests/recipe-selection.test.mjs tests/photo-look.test.mjs tests/masks.test.mjs tests/depth.test.mjs tests/connections.test.mjs tests/cutout-effects.test.mjs tests/render-diagnostics.test.mjs

✔ connected copy preserves its source, shares the mask, and spans the same join in both shapes (32.651333ms)
✔ create, position, mask edit and remove are atomic and reversible, with no shared-mask deletion (10.703916ms)
✔ connected pairs move together past neighboring blocks and retain local geometry (5.671416ms)
✔ changing the joined pair carries depth text and removing the copy leaves originals intact (3.492083ms)
✔ connection validation rejects split pairs, unilateral overrides and unknown connection schemas (5.971833ms)
✔ variant positioning, layout and styles preserve connections without counting decorative copies as sources (12.289375ms)
✔ disk dilation agrees with an independent neighborhood oracle for soft masks, thin edges and transparent borders (12.319458ms)
✔ depth decoration agrees with an independent three-layer composition and protects opaque subjects (0.573375ms)
✔ effects persist through grouped history, connected copies, mask removal and reattachment (20.299875ms)
✔ schema rejects unsupported fields, non-image effects and unbounded or invalid parameters (2.496834ms)
✔ planning includes off-page effect support and reserves padded rendering before admission (2.201333ms)
✔ reusable finishes share only effect parameters and apply to existing subject selections in scope (13.816458ms)
✔ depth preserves source alpha and matches an independently split layer stack (2.502667ms)
✔ page background composites the extracted subject once over the title (0.245625ms)
✔ depth title creation and edits form one undoable project operation (14.881625ms)
✔ depth relationships reject dangling, reordered, shared or incompatible titles (5.655416ms)
✔ depth geometry follows photo frame, rotation and both output variants (11.324208ms)
✔ looks and missing-mask fallback preserve title edits, while styles exclude private links (3.774125ms)
✔ all destination presets become versioned outputs with identical identity, parameters and order (6.591417ms)
✔ private legacy definitions preserve original fields and text, and do not enter public style sharing (1.139666ms)
✔ a consumer resolves the copied revision rather than mutable wrapper operations (0.273667ms)
✔ unsupported output and compression intents remain identifiable until an explicit replacement (3.397875ms)
✔ folder jobs freeze the complete style and preserve relative crop, transforms and local recipe parameters (0.268875ms)
✔ unknown engine identities remain preserved but cannot execute as the current renderer (1.469167ms)
✔ migration rejects malformed executable, oversized and out-of-range data without coercing intent (2.561292ms)
✔ mask brushes preserve untouched pixels and support erase/restore with soft opacity (0.620458ms)
✔ one stroke is independent of point density and retracing (3.53425ms)
✔ a one-source-pixel brush can repair a large image without touching neighbors (23.519375ms)
✔ detail areas preserve source coordinates at every zoom and edge, with bounded allocation (0.825958ms)
✔ mask brush and memory bounds reject malformed work before allocation (0.1555ms)
✔ a cutout is one reversible asset edit and global looks preserve mask/crop (16.660625ms)
✔ mask removal preserves shared assets and bounded history keeps undo dependencies (11.835958ms)
✔ photo colors are frozen independently of story layout, typography and output (9.107667ms)
✔ malformed, out-of-range and unsupported photo looks fail before rendering (5.133333ms)
✔ all/selected/this look application and undo preserve unrelated manual corrections (2.551291ms)
✔ a stale look undo cannot overwrite a later look and empty selections do not mutate (1.287875ms)
✔ folder recipes copy the chosen look and its base output recipe without following library updates (1.308833ms)
✔ look and downsampled output previews reserve their additional memory and have distinct timing classes (0.541875ms)
✔ recovery rejects future shared and per-image look metadata before restoring the set (4.551959ms)
✔ project renderer identity matches the actual pinned runtime bytes (20.253083ms)
✔ legacy migration preserves IDs, fractional pixel crops and exact transform order (1.53625ms)
✔ the shared text renderer upgrades only the known old identity and leaves original intent intact (0.8095ms)
✔ serialized projects preserve exact PNG and JPEG output bytes through the published engine (48.669916ms)
✔ many previews commit one reversible action and cancel restores the prior edit (1.096709ms)
✔ new edits discard redo; command history is bounded and contains no source data (27.591708ms)
✔ shared appearance resolves before node settings and local overrides without removing crops/masks (0.311542ms)
✔ connected geometry resolves per viewport in both ratios and tracks its stable anchor on reorder (0.3415ms)
✔ replacing a source invalidates only dependent slides and preserves unrelated local edits (0.440708ms)
✔ bad references, unknown schemas, code, remote assets and binary payloads are rejected (0.697625ms)
✔ scene styles reject unsupported operations and preview dimensions stay bounded (1.011ms)
✔ image placement preserves crop bounds, cover focal edges and clockwise rotation (0.125584ms)
✔ the story assembler places every chosen photo exactly once at both count extremes and both ratios (34.50625ms)
✔ story look strength and reversible layout changes preserve captions, sources, focal points and crops (5.792292ms)
✔ story reorder moves stable slides and updates numbering as one reversible command (2.268875ms)
✔ legacy catalog parsing preserves complete data and fences unknown/malformed/duplicate records (1.236291ms)
✔ independent creates from the same snapshot merge without overwriting catalog entries (4.785042ms)
✔ stale edits and edit/delete races cannot replace a newer version (0.352041ms)
✔ a stale create cannot resurrect an ID created and then deleted since its snapshot (0.222542ms)
✔ an exact retry is idempotent and a reused operation ID with different payload is refused (0.252041ms)
✔ bounded receipts reject retries older than the retained history instead of replaying them (23.711ms)
✔ clearing advances the generation so pending work from any tab cannot recreate recipes (0.104ms)
✔ catalog validation fences future schemas, missing histories, duplicate entries and extra fields (0.240041ms)
✔ one ID can have independently selected immutable revisions without rebinding to a library update (9.109667ms)
✔ selection identities distinguish separator-bearing IDs and unversioned saved copies (0.302916ms)
✔ duplicate identities with different immutable definitions fail instead of picking one (0.45625ms)
✔ new recovery references reject missing revisions, wrong IDs, extra items and future formats (5.65875ms)
✔ old ID-only recovery selects its frozen copy before consulting the library and keeps source buffers (0.741084ms)
✔ new snapshots reopen all selected revisions without a library and remain independent of its removal (0.344834ms)
✔ oldest custom recipes require a deliberate choice even when a current copy has the same ID (2.334041ms)
✔ historical built-ins are resolved from the frozen baseline, independently of current catalog changes (0.950084ms)
✔ complete saved image state preserves absolute edits without inventing the original custom definition (2.982917ms)
✔ partial patches never masquerade as complete saved state, and malformed state is not silently replaced (0.488292ms)
✔ opt-in timing observations preserve complete PNG/JPEG outputs and ordinary result shape (5.1615ms)
✔ automatic layout actually changes the arrangement between portrait and tall (12.3125ms)
✔ an infeasible candidate does not discard another valid automatic arrangement (3.147417ms)
✔ every photo count and varied aspect/caption corpus fits rotated prints with consistent physical borders (437.9525ms)
✔ output frames resolve with local precedence and invalidate only their own variant (1.835584ms)
✔ reflow preserves masks, crop rounding, captions, focal points and local appearance as one undo (6.863791ms)
✔ manual positions survive replacement/reflow; explicit reset removes only position overrides (3.48525ms)
✔ replacing a portrait with landscape and extending a caption reflows only the dependent slide (4.1425ms)
✔ old stories stay unchanged until explicit adaptation; reopening uses frozen frames (2.400625ms)
✔ malformed variant maps, sizing bases and layout definitions fail before editing (4.514291ms)
✔ style capture exports only chosen reusable settings, with no photos, masks, captions, crops or node IDs (7.969958ms)
✔ single-slide layout styles cannot alter another slide's present or future reflow (11.809875ms)
✔ look strength has deterministic endpoints and preserves source-specific edits (6.878041ms)
✔ layout application keeps manual positions by default; explicit reset preserves crop/appearance/text overrides (24.593583ms)
✔ style previews produce one undo and copy the immutable definition through serialization (19.686667ms)
✔ custom fonts and unrecognized layouts require an explicit supported alternative when saving (1.35675ms)
✔ unsupported requirements and engines import as identifiable styles but cannot be applied (1.754584ms)
✔ malformed imports reject executable, remote, private, oversized and out-of-range content (1.022125ms)
✔ text-only styles reflow the selected slide while keeping old static stories static (7.738083ms)
ℹ tests 91
ℹ suites 0
ℹ pass 91
ℹ fail 0
ℹ cancelled 0
ℹ skipped 0
ℹ todo 0
ℹ duration_ms 552.008084
