✔ admission defers copies, shares CPU across worker kinds, and reuses an idle engine (26.493375ms)
✔ current-image priority, FIFO ties, and aging prevent starvation (0.950875ms)
✔ memory admission counts retained data, active output and idle heaps (1.101333ms)
✔ explicit high concurrency is not capped at four and never exceeds CPU tokens (1.347417ms)
✔ text admission includes its RGBA surfaces and custom fonts before dispatch (0.929417ms)
✔ cancel kills synchronous work, drops stale messages, and does not prepare queued sources (0.685291ms)
✔ worker death and task timeout release all reservations and permit retry (27.609416ms)
✔ cancelled asynchronous source reads retain memory credit until they settle (0.597ms)
✔ reentrant completion can close a logical client without destroying reusable workers (0.355ms)
✔ closing during a grouped worker-start failure cannot dispatch later cancelled tasks (0.337042ms)
✔ allocation estimates reject oversized sources and budget the full current preview path (0.084291ms)
✔ Auto grows on useful work, retreats without throughput gain, and observes cooldown (2.402292ms)
✔ interleaved header inspection and mixed image sizes do not erase Auto calibration (2.145417ms)
✔ header-only work does not calibrate image throughput (1.470125ms)
✔ Auto starts a backlogged render batch with two workers and still measures subsequent growth (1.115542ms)
✔ Auto preserves a serial start with a missing memory hint (0.370584ms)
✔ Auto preserves a serial start with a small memory hint (0.273625ms)
✔ Auto preserves a serial start with a small CPU hint (0.27875ms)
✔ Auto does not start an extra worker for short edits or from queued inspections (0.467792ms)
✔ the initial Auto probe cannot bypass retained memory or output reservations (0.459291ms)
✔ pressure suppresses the initial Auto probe even after cooldown and an unchanged configure call (0.327125ms)
✔ Auto retains useful concurrency without counting idle time between collections (6.115833ms)
✔ Auto discards an unfinished measurement when the queue drains by success (0.470208ms)
✔ Auto discards an unfinished measurement when the queue drains by render-error (0.332292ms)
✔ Auto discards an unfinished measurement when the queue drains by cancel (0.30075ms)
✔ Auto discards an unfinished measurement when the queue drains by prepare-error (0.260125ms)
✔ Auto discards an unfinished measurement when the queue drains by cancel-queued (0.260584ms)
✔ an oversized idle WASM heap is retired before admitting smaller work (0.329542ms)
ℹ tests 28
ℹ suites 0
ℹ pass 28
ℹ fail 0
ℹ cancelled 0
ℹ skipped 0
ℹ todo 0
ℹ duration_ms 138.91675
