✔ admission defers copies, shares CPU across worker kinds, and reuses an idle engine (23.151708ms)
✔ current-image priority, FIFO ties, and aging prevent starvation (0.837083ms)
✔ memory admission counts retained data, active output and idle heaps (1.039708ms)
✔ explicit high concurrency is not capped at four and never exceeds CPU tokens (1.304792ms)
✔ text admission includes its RGBA surfaces and custom fonts before dispatch (0.903833ms)
✔ cancel kills synchronous work, drops stale messages, and does not prepare queued sources (0.631167ms)
✔ worker death and task timeout release all reservations and permit retry (26.075542ms)
✔ cancelled asynchronous source reads retain memory credit until they settle (0.519ms)
✔ reentrant completion can close a logical client without destroying reusable workers (0.312042ms)
✔ closing during a grouped worker-start failure cannot dispatch later cancelled tasks (0.316625ms)
✔ allocation estimates reject oversized sources and budget the full current preview path (0.076375ms)
✔ Auto grows on useful work, retreats without throughput gain, and observes cooldown (2.321084ms)
✔ interleaved header inspection and mixed image sizes do not erase Auto calibration (2.088334ms)
✔ header-only work does not calibrate image throughput (1.008708ms)
✖ Auto starts a backlogged render batch with two workers and still measures subsequent growth (1.906292ms)
✔ Auto preserves a serial start with a missing memory hint (0.965041ms)
✔ Auto preserves a serial start with a small memory hint (0.325ms)
✔ Auto preserves a serial start with a small CPU hint (0.304667ms)
✖ Auto does not start an extra worker for short edits or from queued inspections (0.566042ms)
✔ the initial Auto probe cannot bypass retained memory or output reservations (0.598333ms)
✔ pressure suppresses the initial Auto probe even after cooldown and an unchanged configure call (0.334416ms)
✔ Auto retains useful concurrency without counting idle time between collections (4.724208ms)
✔ Auto discards an unfinished measurement when the queue drains by success (0.381083ms)
✔ Auto discards an unfinished measurement when the queue drains by render-error (0.303167ms)
✔ Auto discards an unfinished measurement when the queue drains by cancel (0.262583ms)
✔ Auto discards an unfinished measurement when the queue drains by prepare-error (0.250416ms)
✔ Auto discards an unfinished measurement when the queue drains by cancel-queued (0.228041ms)
✔ an oversized idle WASM heap is retired before admitting smaller work (0.3055ms)
ℹ tests 28
ℹ suites 0
ℹ pass 26
ℹ fail 2
ℹ cancelled 0
ℹ skipped 0
ℹ todo 0
ℹ duration_ms 129.254708

✖ failing tests:

test at tests/processing.test.mjs:231:1
✖ Auto starts a backlogged render batch with two workers and still measures subsequent growth (1.906292ms)
  AssertionError [ERR_ASSERTION]: a large queued batch can start a bounded two-worker probe
  
  1 !== 2
  
      at TestContext.<anonymous> (file:///Users/lazytrot/work/tiny-image-star/tests/processing.test.mjs:236:10)
      at async Test.run (node:internal/test_runner/test:1332:7)
      at async Test.processPendingSubtests (node:internal/test_runner/test:911:7) {
    generatedMessage: false,
    code: 'ERR_ASSERTION',
    actual: 1,
    expected: 2,
    operator: 'strictEqual',
    diff: 'simple'
  }

test at tests/processing.test.mjs:265:1
✖ Auto does not start an extra worker for short edits or from queued inspections (0.566042ms)
  AssertionError [ERR_ASSERTION]: a later substantive batch can use the initial probe
  
  1 !== 2
  
      at TestContext.<anonymous> (file:///Users/lazytrot/work/tiny-image-star/tests/processing.test.mjs:273:24)
      at async Test.run (node:internal/test_runner/test:1332:7)
      at async Test.processPendingSubtests (node:internal/test_runner/test:911:7) {
    generatedMessage: false,
    code: 'ERR_ASSERTION',
    actual: 1,
    expected: 2,
    operator: 'strictEqual',
    diff: 'simple'
  }
